******************************************************************************
             TMS320C2000 Linker PC v18.1.4                     
******************************************************************************
>> Linked Tue Mar  5 02:30:47 2019

OUTPUT FILE NAME:   <sci_ex1_echoback.out>
ENTRY POINT SYMBOL: "code_start"  address: 00000000


MEMORY CONFIGURATION

         name            origin    length      used     unused   attr    fill
----------------------  --------  ---------  --------  --------  ----  --------
PAGE 0:
  BEGIN                 00000000   00000002  00000002  00000000  RWIX
  RAMM0                 000000f5   0000030b  0000030a  00000001  RWIX
  RAMLS0                00008000   00000800  00000800  00000000  RWIX
  RAMLS1                00008800   00000800  00000800  00000000  RWIX
  RAMLS2                00009000   00000800  0000020a  000005f6  RWIX
  RAMLS3                00009800   00000800  00000000  00000800  RWIX
  RAMLS4                0000a000   00000800  00000000  00000800  RWIX
  FLASH_BANK0_SEC0      00080000   00001000  00000000  00001000  RWIX
  FLASH_BANK0_SEC1      00081000   00001000  00000000  00001000  RWIX
  FLASH_BANK0_SEC2      00082000   00001000  00000000  00001000  RWIX
  FLASH_BANK0_SEC3      00083000   00001000  00000000  00001000  RWIX
  FLASH_BANK0_SEC4      00084000   00001000  00000000  00001000  RWIX
  FLASH_BANK0_SEC5      00085000   00001000  00000000  00001000  RWIX
  FLASH_BANK0_SEC6      00086000   00001000  00000000  00001000  RWIX
  FLASH_BANK0_SEC7      00087000   00001000  00000000  00001000  RWIX
  FLASH_BANK0_SEC8      00088000   00001000  00000000  00001000  RWIX
  FLASH_BANK0_SEC9      00089000   00001000  00000000  00001000  RWIX
  FLASH_BANK0_SEC10     0008a000   00001000  00000000  00001000  RWIX
  FLASH_BANK0_SEC11     0008b000   00001000  00000000  00001000  RWIX
  FLASH_BANK0_SEC12     0008c000   00001000  00000000  00001000  RWIX
  FLASH_BANK0_SEC13     0008d000   00001000  00000000  00001000  RWIX
  FLASH_BANK0_SEC14     0008e000   00001000  00000000  00001000  RWIX
  FLASH_BANK0_SEC15     0008f000   00001000  00000000  00001000  RWIX
  FLASH_BANK1_SEC0      00090000   00001000  00000000  00001000  RWIX
  FLASH_BANK1_SEC1      00091000   00001000  00000000  00001000  RWIX
  FLASH_BANK1_SEC2      00092000   00001000  00000000  00001000  RWIX
  FLASH_BANK1_SEC3      00093000   00001000  00000000  00001000  RWIX
  FLASH_BANK1_SEC4      00094000   00001000  00000000  00001000  RWIX
  FLASH_BANK1_SEC5      00095000   00001000  00000000  00001000  RWIX
  FLASH_BANK1_SEC6      00096000   00001000  00000000  00001000  RWIX
  FLASH_BANK1_SEC7      00097000   00001000  00000000  00001000  RWIX
  FLASH_BANK1_SEC8      00098000   00001000  00000000  00001000  RWIX
  FLASH_BANK1_SEC9      00099000   00001000  00000000  00001000  RWIX
  FLASH_BANK1_SEC10     0009a000   00001000  00000000  00001000  RWIX
  FLASH_BANK1_SEC11     0009b000   00001000  00000000  00001000  RWIX
  FLASH_BANK1_SEC12     0009c000   00001000  00000000  00001000  RWIX
  FLASH_BANK1_SEC13     0009d000   00001000  00000000  00001000  RWIX
  FLASH_BANK1_SEC14     0009e000   00001000  00000000  00001000  RWIX
  FLASH_BANK1_SEC15     0009f000   00001000  00000000  00001000  RWIX
  RESET                 003fffc0   00000002  00000000  00000002  RWIX

PAGE 1:
  BOOT_RSVD             00000002   000000f3  00000000  000000f3  RWIX
  RAMM1                 00000400   00000400  00000002  000003fe  RWIX
  RAMLS5                0000a800   00000800  000005d3  0000022d  RWIX
  RAMLS6                0000b000   00000800  00000000  00000800  RWIX
  RAMLS7                0000b800   00000800  00000000  00000800  RWIX
  RAMGS0                0000c000   00002000  00000000  00002000  RWIX
  RAMGS1                0000e000   00002000  00000000  00002000  RWIX
  RAMGS2                00010000   00002000  00000000  00002000  RWIX
  RAMGS3                00012000   00002000  00000000  00002000  RWIX


SECTION ALLOCATION MAP

 output                                  attributes/
section   page    origin      length       input sections
--------  ----  ----------  ----------   ----------------
codestart 
*          0    00000000    00000002     
                  00000000    00000002     f28004x_codestartbranch.obj (codestart)

.TI.ramfunc 
*          0    000000f5    00000136     
                  000000f5    00000044     driverlib.lib : flash.obj (.TI.ramfunc:_Flash_initModule)
                  00000139    00000032                   : flash.obj (.TI.ramfunc:_Flash_setBankPowerMode)
                  0000016b    00000026                   : flash.obj (.TI.ramfunc:_Flash_setWaitstates)
                  00000191    0000001f                   : flash.obj (.TI.ramfunc:_Flash_setPumpPowerMode)
                  000001b0    00000018                   : flash.obj (.TI.ramfunc:_Flash_disableCache)
                  000001c8    00000018                   : flash.obj (.TI.ramfunc:_Flash_disablePrefetch)
                  000001e0    00000018                   : flash.obj (.TI.ramfunc:_Flash_enableCache)
                  000001f8    00000018                   : flash.obj (.TI.ramfunc:_Flash_enablePrefetch)
                  00000210    00000017                   : flash.obj (.TI.ramfunc:_Flash_enableECC)
                  00000227    00000004                   : sysctl.obj (.TI.ramfunc)

.cinit     0    0000022b    0000002a     
                  0000022b    0000000e     rts2800_fpu32.lib : exit.c.obj (.cinit)
                  00000239    00000005                       : _lock.c.obj (.cinit:__lock)
                  0000023e    00000005                       : _lock.c.obj (.cinit:__unlock)
                  00000243    00000004                       : errno.c.obj (.cinit)
                  00000247    00000004                       : memory.c.obj (.cinit)
                  0000024b    00000004     sci_ex1_echoback.obj (.cinit)
                  0000024f    00000004     uart_if.obj (.cinit)
                  00000253    00000002     --HOLE-- [fill = 0]

.pinit     0    000000f5    00000000     UNINITIALIZED

.reset     0    003fffc0    00000002     DSECT
                  003fffc0    00000002     rts2800_fpu32.lib : boot28.asm.obj (.reset)

.stack     1    00000400    00000002     UNINITIALIZED
                  00000400    00000002     --HOLE--

.econst    1    0000a800    000005ba     
                  0000a800    00000101     rts2800_fpu32.lib : ctype.c.obj (.econst:.string:__ctypes_)
                  0000a901    00000001     --HOLE-- [fill = 0]
                  0000a902    000000be     sci_ex1_echoback.obj (.econst:.string)
                  0000a9c0    000000af     driverlib.lib : flash.obj (.econst:.string)
                  0000aa6f    00000001     --HOLE-- [fill = 0]
                  0000aa70    000000ae                   : sysctl.obj (.econst:.string)
                  0000ab1e    000000ac                   : gpio.obj (.econst:.string)
                  0000abca    000000ab                   : sci.obj (.econst:.string)
                  0000ac75    00000001     --HOLE-- [fill = 0]
                  0000ac76    0000006e     uart_if.obj (.econst:.string)
                  0000ace4    0000005b     driverlib.lib : interrupt.obj (.econst:.string)
                  0000ad3f    00000001     --HOLE-- [fill = 0]
                  0000ad40    00000026     rts2800_fpu32.lib : _printfi.c.obj (.econst:.string)
                  0000ad66    0000001c                       : _printfi.c.obj (.econst)
                  0000ad82    0000001c                       : s_scalbn.c.obj (.econst)
                  0000ad9e    00000013     device.obj (.econst:.string)
                  0000adb1    00000001     --HOLE-- [fill = 0]
                  0000adb2    00000008     rts2800_fpu32.lib : s_frexp.c.obj (.econst)

.ebss      1    0000adba    00000018     UNINITIALIZED
                  0000adba    00000006     rts2800_fpu32.lib : exit.c.obj (.ebss)
                  0000adc0    00000008                       : memory.c.obj (.ebss)
                  0000adc8    00000004     uart_if.obj (.ebss)
                  0000adcc    00000002     rts2800_fpu32.lib : _lock.c.obj (.ebss:__lock)
                  0000adce    00000002                       : _lock.c.obj (.ebss:__unlock)
                  0000add0    00000001                       : errno.c.obj (.ebss)
                  0000add1    00000001     sci_ex1_echoback.obj (.ebss)

.esysmem   1    0000add2    00000001     UNINITIALIZED
                  0000add2    00000001     rts2800_fpu32.lib : memory.c.obj (.esysmem)

.text.1    0    00000000    00000d6f     FAILED TO ALLOCATE
.text.2    0    00000256    000001aa     
                  00000256    00000193     uart_if.obj (.text)
                  000003e9    00000017     driverlib.lib : sysctl.obj (.text:_DCC_enableDoneSignal)

.text.3    0    00008000    00000800     
                  00008000    000001d4     rts2800_fpu32.lib : memory.c.obj (.text)
                  000081d4    00000163     device.obj (.text)
                  00008337    00000107     rts2800_fpu32.lib : ll_div28.asm.obj (.text)
                  0000843e    000000db     sci_ex1_echoback.obj (.text)
                  00008519    000000b3     driverlib.lib : sysctl.obj (.text:_SysCtl_setClock)
                  000085cc    000000ae     rts2800_fpu32.lib : s_scalbn.c.obj (.text)
                  0000867a    000000a7     driverlib.lib : sysctl.obj (.text:_SysCtl_isPLLValid)
                  00008721    0000009c     rts2800_fpu32.lib : fd_add28.asm.obj (.text)
                  000087bd    00000041     driverlib.lib : sci.obj (.text:_SCI_writeCharArray)
                  000087fe    00000002                   : interrupt.obj (.text:_Interrupt_illegalOperationHandler)

.text.4    0    00008800    00000800     
                  00008800    0000008b     rts2800_fpu32.lib : fd_div28.asm.obj (.text)
                  0000888b    00000083                       : fd_mpy28.asm.obj (.text)
                  0000890e    0000006e     driverlib.lib : sysctl.obj (.text:_SysCtl_getClock)
                  0000897c    0000005e                   : sysctl.obj (.text:_DCC_setCounterSeeds)
                  000089da    0000005a     rts2800_fpu32.lib : s_frexp.c.obj (.text)
                  00008a34    00000058                       : vsnprintf.c.obj (.text)
                  00008a8c    00000056     driverlib.lib : sysctl.obj (.text:_SysCtl_selectOscSource)
                  00008ae2    00000056     rts2800_fpu32.lib : boot28.asm.obj (.text)
                  00008b38    00000054     driverlib.lib : interrupt.obj (.text:_Interrupt_initModule)
                  00008b8c    00000052                   : gpio.obj (.text:_GPIO_setPadConfig)
                  00008bde    00000040                   : sci.obj (.text:_SCI_setConfig)
                  00008c1e    0000003d                   : gpio.obj (.text:_GPIO_setPinConfig)
                  00008c5b    00000038                   : gpio.obj (.text:_GPIO_setMasterCore)
                  00008c93    00000038                   : gpio.obj (.text:_GPIO_setQualificationMode)
                  00008ccb    00000031                   : gpio.obj (.text:_GPIO_setDirectionMode)
                  00008cfc    00000031     rts2800_fpu32.lib : atoi.c.obj (.text)
                  00008d2d    00000030                       : ltoa.c.obj (.text)
                  00008d5d    0000002a                       : fd_cmp28.asm.obj (.text)
                  00008d87    0000002a                       : l_div28.asm.obj (.text)
                  00008db1    00000029                       : exit.c.obj (.text)
                  00008dda    00000025     driverlib.lib : sysctl.obj (.text:_DCC_enableSingleShotMode)
                  00008dff    00000025     rts2800_fpu32.lib : s_copysign.c.obj (.text)
                  00008e24    00000024     driverlib.lib : sysctl.obj (.text:_SysCtl_selectXTAL)
                  00008e48    00000024     rts2800_fpu32.lib : cpy_tbl.c.obj (.text)
                  00008e6c    00000022     driverlib.lib : sci.obj (.text:_SCI_isFIFOEnabled)
                  00008e8e    00000022                   : sysctl.obj (.text:_SysCtl_pollX1Counter)
                  00008eb0    00000021     rts2800_fpu32.lib : fd_toi28.asm.obj (.text)
                  00008ed1    00000020     driverlib.lib : interrupt.obj (.text:_Interrupt_initVectorTable)
                  00008ef1    0000001f                   : sysctl.obj (.text:_DCC_setCounter1ClkSource)
                  00008f10    0000001f     rts2800_fpu32.lib : fd_tol28.asm.obj (.text)
                  00008f2f    0000001e                       : ll_cmp28.asm.obj (.text)
                  00008f4d    0000001d     driverlib.lib : sysctl.obj (.text:_DCC_setCounter0ClkSource)
                  00008f6a    0000001d     rts2800_fpu32.lib : i_tofd28.asm.obj (.text)
                  00008f87    0000001d                       : memcpy.c.obj (.text)
                  00008fa4    0000001c                       : fs_tofdfpu32.asm.obj (.text)
                  00008fc0    0000001c                       : l_tofd28.asm.obj (.text)
                  00008fdc    0000001b     driverlib.lib : sci.obj (.text:_SCI_isSpaceAvailableNonFIFO)
                  00008ff7    00000009     rts2800_fpu32.lib : _lock.c.obj (.text)

.text.5    0    00009000    0000020a     
                  00009000    0000001b     rts2800_fpu32.lib : memmov.c.obj (.text)
                  0000901b    0000001a     driverlib.lib : sysctl.obj (.text:_SysCtl_getLowSpeedClock)
                  00009035    0000001a                   : sysctl.obj (.text:_SysCtl_selectXTALSingleEnded)
                  0000904f    00000019                   : sci.obj (.text:_SCI_disableModule)
                  00009068    00000019     rts2800_fpu32.lib : args_main.c.obj (.text)
                  00009081    00000018                       : ll_aox28.asm.obj (.text)
                  00009099    00000017     driverlib.lib : sysctl.obj (.text:_SysCtl_enablePeripheral)
                  000090b0    00000016                   : sysctl.obj (.text:_DCC_disableErrorSignal)
                  000090c6    00000016                   : sysctl.obj (.text:_DCC_enableErrorSignal)
                  000090dc    00000015                   : sci.obj (.text:_SCI_getTxFIFOStatus)
                  000090f1    00000015                   : sci.obj (.text:_SCI_isBaseValid)
                  00009106    00000014                   : sysctl.obj (.text:_DCC_disableModule)
                  0000911a    00000014                   : sysctl.obj (.text:_DCC_enableModule)
                  0000912e    00000014                   : gpio.obj (.text:_GPIO_isPinValid)
                  00009142    00000014                   : sci.obj (.text:_SCI_enableModule)
                  00009156    00000010                   : sysctl.obj (.text:_DCC_isBaseValid)
                  00009166    00000010                   : flash.obj (.text:_Flash_isCtrlBaseValid)
                  00009176    00000010                   : flash.obj (.text:_Flash_isECCBaseValid)
                  00009186    0000000e                   : interrupt.obj (.text:_Interrupt_defaultHandler)
                  00009194    0000000e     rts2800_fpu32.lib : fd_sub28.asm.obj (.text)
                  000091a2    0000000d     driverlib.lib : interrupt.obj (.text:_Interrupt_disableMaster)
                  000091af    0000000d     rts2800_fpu32.lib : memccpy.c.obj (.text)
                  000091bc    0000000c                       : memset.c.obj (.text)
                  000091c8    0000000c                       : strchr.c.obj (.text)
                  000091d4    0000000b     driverlib.lib : sysctl.obj (.text:_SysCtl_isMCDClockFailureDetected)
                  000091df    00000009     rts2800_fpu32.lib : fd_neg28.asm.obj (.text)
                  000091e8    00000009                       : wcslen.c.obj (.text)
                  000091f1    00000008                       : strlen.c.obj (.text)
                  000091f9    00000007     driverlib.lib : sysctl.obj (.text:_SysCtl_resetMCD)
                  00009200    00000005     rts2800_fpu32.lib : strcpy.c.obj (.text)
                  00009205    00000002     driverlib.lib : interrupt.obj (.text:_Interrupt_nmiHandler)
                  00009207    00000002     rts2800_fpu32.lib : pre_init.c.obj (.text)
                  00009209    00000001                       : startup.c.obj (.text)

MODULE SUMMARY

       Module                        code   initialized data   uninitialized data
       ------                        ----   ----------------   ------------------
    .\
       uart_if.obj                   403    114                4                 
       sci_ex1_echoback.obj          219    194                1                 
    +--+-----------------------------+------+------------------+--------------------+
       Total:                        622    308                5                 
                                                                                 
    .\device\
       device.obj                    355    19                 0                 
       f28004x_codestartbranch.obj   2      0                  0                 
    +--+-----------------------------+------+------------------+--------------------+
       Total:                        357    19                 0                 
                                                                                 
    ../driverlib.lib
       sysctl.obj                    1023   174                0                 
       flash.obj                     338    175                0                 
       gpio.obj                      324    172                0                 
       sci.obj                       277    171                0                 
       interrupt.obj                 147    91                 0                 
    +--+-----------------------------+------+------------------+--------------------+
       Total:                        2109   783                0                 
                                                                                 
    C:\ti\ccsv8\tools\compiler\ti-cgt-c2000_18.1.4.LTS\lib\rts2800_fpu32.lib
       memory.c.obj                  468    4                  8                 
       ll_div28.asm.obj              263    0                  0                 
       ctype.c.obj                   0      257                0                 
       s_scalbn.c.obj                174    28                 0                 
       fd_add28.asm.obj              156    0                  0                 
       fd_div28.asm.obj              139    0                  0                 
       fd_mpy28.asm.obj              131    0                  0                 
       s_frexp.c.obj                 90     8                  0                 
       vsnprintf.c.obj               88     0                  0                 
       boot28.asm.obj                86     0                  0                 
       _printfi.c.obj                0      66                 0                 
       exit.c.obj                    41     14                 6                 
       atoi.c.obj                    49     0                  0                 
       ltoa.c.obj                    48     0                  0                 
       fd_cmp28.asm.obj              42     0                  0                 
       l_div28.asm.obj               42     0                  0                 
       s_copysign.c.obj              37     0                  0                 
       cpy_tbl.c.obj                 36     0                  0                 
       fd_toi28.asm.obj              33     0                  0                 
       fd_tol28.asm.obj              31     0                  0                 
       ll_cmp28.asm.obj              30     0                  0                 
       i_tofd28.asm.obj              29     0                  0                 
       memcpy.c.obj                  29     0                  0                 
       fs_tofdfpu32.asm.obj          28     0                  0                 
       l_tofd28.asm.obj              28     0                  0                 
       memmov.c.obj                  27     0                  0                 
       args_main.c.obj               25     0                  0                 
       ll_aox28.asm.obj              24     0                  0                 
       _lock.c.obj                   9      10                 4                 
       fd_sub28.asm.obj              14     0                  0                 
       memccpy.c.obj                 13     0                  0                 
       memset.c.obj                  12     0                  0                 
       strchr.c.obj                  12     0                  0                 
       fd_neg28.asm.obj              9      0                  0                 
       wcslen.c.obj                  9      0                  0                 
       strlen.c.obj                  8      0                  0                 
       errno.c.obj                   0      4                  1                 
       strcpy.c.obj                  5      0                  0                 
       pre_init.c.obj                2      0                  0                 
       startup.c.obj                 1      0                  0                 
    +--+-----------------------------+------+------------------+--------------------+
       Total:                        2268   391                19                
                                                                                 
       Heap:                         0      0                  1                 
       Stack:                        0      0                  2                 
    +--+-----------------------------+------+------------------+--------------------+
       Grand Total:                  5356   1501               27                


GLOBAL DATA SYMBOLS: SORTED BY DATA PAGE

address     data page           name
--------    ----------------    ----
00000400      10 (00000400)     __stack

0000a800     2a0 (0000a800)     __ctypes_

0000adba     2b6 (0000ad80)     ___TI_enable_exit_profile_output
0000adbc     2b6 (0000ad80)     ___TI_cleanup_ptr
0000adbe     2b6 (0000ad80)     ___TI_dtors_ptr

0000adc8     2b7 (0000adc0)     _ilen
0000adcc     2b7 (0000adc0)     __lock
0000adce     2b7 (0000adc0)     __unlock
0000add0     2b7 (0000adc0)     _errno
0000add1     2b7 (0000adc0)     _loopCounter
0000add2     2b7 (0000adc0)     __sys_memory


GLOBAL SYMBOLS: SORTED ALPHABETICALLY BY Name 

page  address   name                            
----  -------   ----                            
abs   ffffffff  .text                           
0     00008db1  C$$EXIT                         
0     00008721  FD$$ADD                         
0     00008d5d  FD$$CMP                         
0     00008800  FD$$DIV                         
0     0000888b  FD$$MPY                         
0     000091df  FD$$NEG                         
0     00009194  FD$$SUB                         
0     00008eb0  FD$$TOI                         
0     00008f10  FD$$TOL                         
0     00008fa4  FS$$TOFD                        
0     00008f6a  I$$TOFD                         
0     00008d87  L$$DIV                          
0     00008d96  L$$MOD                          
0     00008fc0  L$$TOFD                         
0     00009081  LL$$AND                         
0     00008f2f  LL$$CMP                         
0     00008337  LL$$DIV                         
0     00008373  LL$$MOD                         
0     00009089  LL$$OR                          
0     00009091  LL$$XOR                         
0     00008da4  UL$$DIV                         
0     00008dab  UL$$MOD                         
0     00008f41  ULL$$CMP                        
0     000083ad  ULL$$DIV                        
0     000083dc  ULL$$MOD                        
0     000002f3  _ClearTerm                      
0     00008252  _Device_enableAllPeripherals    
0     00008216  _Device_init                    
0     00008320  _Device_initGPIO                
0     000002f8  _Error                          
0     000000f5  _Flash_initModule               
0     00008ccb  _GPIO_setDirectionMode          
0     00008c5b  _GPIO_setMasterCore             
0     00008b8c  _GPIO_setPadConfig              
0     00008c1e  _GPIO_setPinConfig              
0     00008c93  _GPIO_setQualificationMode      
0     0000031c  _GetCmd                         
0     000002c6  _InitTerm                       
0     00008b38  _Interrupt_initModule           
0     00008ed1  _Interrupt_initVectorTable      
0     000002e1  _Message                        
0     000003ac  _Report                         
0     00008bde  _SCI_setConfig                  
0     000087bd  _SCI_writeCharArray             
0     00000227  _SysCtl_delay                   
0     0000890e  _SysCtl_getClock                
0     0000901b  _SysCtl_getLowSpeedClock        
0     0000867a  _SysCtl_isPLLValid              
0     00008a8c  _SysCtl_selectOscSource         
0     00008e24  _SysCtl_selectXTAL              
0     00009035  _SysCtl_selectXTALSingleEnded   
0     00008519  _SysCtl_setClock                
0     0000036e  _TrimSpace                      
1     00000402  __STACK_END                     
abs   00000002  __STACK_SIZE                    
abs   00000001  __SYSMEM_SIZE                   
1     0000adbc  ___TI_cleanup_ptr               
1     0000adbe  ___TI_dtors_ptr                 
1     0000adba  ___TI_enable_exit_profile_output
abs   ffffffff  ___TI_pprof_out_hndl            
0     00000bd0  ___TI_printfi                   
abs   ffffffff  ___TI_prof_data_size            
abs   ffffffff  ___TI_prof_data_start           
abs   ffffffff  ___binit__                      
abs   ffffffff  ___c_args__                     
0     0000022b  ___cinit__                      
0     00008330  ___error__                      
abs   ffffffff  ___etext__                      
abs   ffffffff  ___pinit__                      
abs   ffffffff  ___text__                       
0     00009068  __args_main                     
1     0000a800  __ctypes_                       
1     0000adcc  __lock                          
0     00008fff  __nop                           
0     00008ffb  __register_lock                 
0     00008ff7  __register_unlock               
1     00000400  __stack                         
1     0000add2  __sys_memory                    
0     00009209  __system_post_cinit             
0     00009207  __system_pre_init               
1     0000adce  __unlock                        
0     00008db1  _abort                          
0     00008cfc  _atoi                           
0     00008ae2  _c_int00                        
0     000081bd  _calloc                         
0     000081bb  _chkheap                        
0     00008e48  _copy_in                        
0     00008dff  _copysignl                      
1     0000add0  _errno                          
0     00008db3  _exit                           
0     00008000  _free                           
0     0000819d  _free_memory                    
0     000089da  _frexpl                         
1     0000adc8  _ilen                           
0     000085cc  _ldexpl                         
1     0000add1  _loopCounter                    
0     00008d2d  _ltoa                           
0     000084ae  _main                           
0     00008069  _malloc                         
0     0000817b  _max_free                       
0     000091af  _memccpy                        
0     00008f87  _memcpy                         
0     00009000  _memmove                        
0     000091bc  _memset                         
0     00008044  _minit                          
0     000080c7  _realloc                        
0     000085cc  _scalbnl                        
0     000091c8  _strchr                         
0     00009200  _strcpy                         
0     000091f1  _strlen                         
0     00008a34  _vsnprintf                      
0     000091e8  _wcslen                         
abs   ffffffff  binit                           
0     0000022b  cinit                           
0     00000000  code_start                      
abs   ffffffff  etext                           
abs   ffffffff  pinit                           


GLOBAL SYMBOLS: SORTED BY Symbol Address 

page  address   name                            
----  -------   ----                            
0     00000000  code_start                      
0     000000f5  _Flash_initModule               
0     00000227  _SysCtl_delay                   
0     0000022b  ___cinit__                      
0     0000022b  cinit                           
0     000002c6  _InitTerm                       
0     000002e1  _Message                        
0     000002f3  _ClearTerm                      
0     000002f8  _Error                          
0     0000031c  _GetCmd                         
0     0000036e  _TrimSpace                      
0     000003ac  _Report                         
0     00000bd0  ___TI_printfi                   
0     00008000  _free                           
0     00008044  _minit                          
0     00008069  _malloc                         
0     000080c7  _realloc                        
0     0000817b  _max_free                       
0     0000819d  _free_memory                    
0     000081bb  _chkheap                        
0     000081bd  _calloc                         
0     00008216  _Device_init                    
0     00008252  _Device_enableAllPeripherals    
0     00008320  _Device_initGPIO                
0     00008330  ___error__                      
0     00008337  LL$$DIV                         
0     00008373  LL$$MOD                         
0     000083ad  ULL$$DIV                        
0     000083dc  ULL$$MOD                        
0     000084ae  _main                           
0     00008519  _SysCtl_setClock                
0     000085cc  _ldexpl                         
0     000085cc  _scalbnl                        
0     0000867a  _SysCtl_isPLLValid              
0     00008721  FD$$ADD                         
0     000087bd  _SCI_writeCharArray             
0     00008800  FD$$DIV                         
0     0000888b  FD$$MPY                         
0     0000890e  _SysCtl_getClock                
0     000089da  _frexpl                         
0     00008a34  _vsnprintf                      
0     00008a8c  _SysCtl_selectOscSource         
0     00008ae2  _c_int00                        
0     00008b38  _Interrupt_initModule           
0     00008b8c  _GPIO_setPadConfig              
0     00008bde  _SCI_setConfig                  
0     00008c1e  _GPIO_setPinConfig              
0     00008c5b  _GPIO_setMasterCore             
0     00008c93  _GPIO_setQualificationMode      
0     00008ccb  _GPIO_setDirectionMode          
0     00008cfc  _atoi                           
0     00008d2d  _ltoa                           
0     00008d5d  FD$$CMP                         
0     00008d87  L$$DIV                          
0     00008d96  L$$MOD                          
0     00008da4  UL$$DIV                         
0     00008dab  UL$$MOD                         
0     00008db1  C$$EXIT                         
0     00008db1  _abort                          
0     00008db3  _exit                           
0     00008dff  _copysignl                      
0     00008e24  _SysCtl_selectXTAL              
0     00008e48  _copy_in                        
0     00008eb0  FD$$TOI                         
0     00008ed1  _Interrupt_initVectorTable      
0     00008f10  FD$$TOL                         
0     00008f2f  LL$$CMP                         
0     00008f41  ULL$$CMP                        
0     00008f6a  I$$TOFD                         
0     00008f87  _memcpy                         
0     00008fa4  FS$$TOFD                        
0     00008fc0  L$$TOFD                         
0     00008ff7  __register_unlock               
0     00008ffb  __register_lock                 
0     00008fff  __nop                           
0     00009000  _memmove                        
0     0000901b  _SysCtl_getLowSpeedClock        
0     00009035  _SysCtl_selectXTALSingleEnded   
0     00009068  __args_main                     
0     00009081  LL$$AND                         
0     00009089  LL$$OR                          
0     00009091  LL$$XOR                         
0     00009194  FD$$SUB                         
0     000091af  _memccpy                        
0     000091bc  _memset                         
0     000091c8  _strchr                         
0     000091df  FD$$NEG                         
0     000091e8  _wcslen                         
0     000091f1  _strlen                         
0     00009200  _strcpy                         
0     00009207  __system_pre_init               
0     00009209  __system_post_cinit             
1     00000400  __stack                         
1     00000402  __STACK_END                     
1     0000a800  __ctypes_                       
1     0000adba  ___TI_enable_exit_profile_output
1     0000adbc  ___TI_cleanup_ptr               
1     0000adbe  ___TI_dtors_ptr                 
1     0000adc8  _ilen                           
1     0000adcc  __lock                          
1     0000adce  __unlock                        
1     0000add0  _errno                          
1     0000add1  _loopCounter                    
1     0000add2  __sys_memory                    
abs   00000001  __SYSMEM_SIZE                   
abs   00000002  __STACK_SIZE                    
abs   ffffffff  .text                           
abs   ffffffff  ___TI_pprof_out_hndl            
abs   ffffffff  ___TI_prof_data_size            
abs   ffffffff  ___TI_prof_data_start           
abs   ffffffff  ___binit__                      
abs   ffffffff  ___c_args__                     
abs   ffffffff  ___etext__                      
abs   ffffffff  ___pinit__                      
abs   ffffffff  ___text__                       
abs   ffffffff  binit                           
abs   ffffffff  etext                           
abs   ffffffff  pinit                           

[118 symbols]
