******************************************************************************
             TMS320C2000 Linker PC v18.1.4                     
******************************************************************************
>> Linked Fri Apr 26 03:06:42 2019

OUTPUT FILE NAME:   <v4.out>
ENTRY POINT SYMBOL: "code_start"  address: 00000000


MEMORY CONFIGURATION

         name            origin    length      used     unused   attr    fill
----------------------  --------  ---------  --------  --------  ----  --------
PAGE 0:
  BEGIN                 00000000   00000002  00000002  00000000  RWIX
  RAMM0                 000000f5   0000030b  0000030b  00000000  RWIX
  RAMLS0                00008000   00000800  00000800  00000000  RWIX
  RAMLS1                00008800   00000800  000004fc  00000304  RWIX
  RAMLS2                00009000   00000800  00000000  00000800  RWIX
  RAMLS3                00009800   00000800  00000000  00000800  RWIX
  RAMLS4                0000a000   00000800  00000000  00000800  RWIX
  FLASH_BANK0_SEC0      00080000   00001000  00000000  00001000  RWIX
  FLASH_BANK0_SEC1      00081000   00001000  00000000  00001000  RWIX
  FLASH_BANK0_SEC2      00082000   00001000  00000000  00001000  RWIX
  FLASH_BANK0_SEC3      00083000   00001000  00000000  00001000  RWIX
  FLASH_BANK0_SEC4      00084000   00001000  00000000  00001000  RWIX
  FLASH_BANK0_SEC5      00085000   00001000  00000000  00001000  RWIX
  FLASH_BANK0_SEC6      00086000   00001000  00000000  00001000  RWIX
  FLASH_BANK0_SEC7      00087000   00001000  00000000  00001000  RWIX
  FLASH_BANK0_SEC8      00088000   00001000  00000000  00001000  RWIX
  FLASH_BANK0_SEC9      00089000   00001000  00000000  00001000  RWIX
  FLASH_BANK0_SEC10     0008a000   00001000  00000000  00001000  RWIX
  FLASH_BANK0_SEC11     0008b000   00001000  00000000  00001000  RWIX
  FLASH_BANK0_SEC12     0008c000   00001000  00000000  00001000  RWIX
  FLASH_BANK0_SEC13     0008d000   00001000  00000000  00001000  RWIX
  FLASH_BANK0_SEC14     0008e000   00001000  00000000  00001000  RWIX
  FLASH_BANK0_SEC15     0008f000   00001000  00000000  00001000  RWIX
  FLASH_BANK1_SEC0      00090000   00001000  00000000  00001000  RWIX
  FLASH_BANK1_SEC1      00091000   00001000  00000000  00001000  RWIX
  FLASH_BANK1_SEC2      00092000   00001000  00000000  00001000  RWIX
  FLASH_BANK1_SEC3      00093000   00001000  00000000  00001000  RWIX
  FLASH_BANK1_SEC4      00094000   00001000  00000000  00001000  RWIX
  FLASH_BANK1_SEC5      00095000   00001000  00000000  00001000  RWIX
  FLASH_BANK1_SEC6      00096000   00001000  00000000  00001000  RWIX
  FLASH_BANK1_SEC7      00097000   00001000  00000000  00001000  RWIX
  FLASH_BANK1_SEC8      00098000   00001000  00000000  00001000  RWIX
  FLASH_BANK1_SEC9      00099000   00001000  00000000  00001000  RWIX
  FLASH_BANK1_SEC10     0009a000   00001000  00000000  00001000  RWIX
  FLASH_BANK1_SEC11     0009b000   00001000  00000000  00001000  RWIX
  FLASH_BANK1_SEC12     0009c000   00001000  00000000  00001000  RWIX
  FLASH_BANK1_SEC13     0009d000   00001000  00000000  00001000  RWIX
  FLASH_BANK1_SEC14     0009e000   00001000  00000000  00001000  RWIX
  FLASH_BANK1_SEC15     0009f000   00001000  00000000  00001000  RWIX
  RESET                 003fffc0   00000002  00000000  00000002  RWIX

PAGE 1:
  BOOT_RSVD             00000002   000000f3  00000000  000000f3  RWIX
  RAMM1                 00000400   00000400  00000400  00000000  RWIX
  RAMLS5                0000a800   00000800  00000609  000001f7  RWIX
  RAMLS6                0000b000   00000800  00000000  00000800  RWIX
  RAMLS7                0000b800   00000800  00000000  00000800  RWIX
  RAMGS0                0000c000   00002000  00000000  00002000  RWIX
  RAMGS1                0000e000   00002000  00000000  00002000  RWIX
  RAMGS2                00010000   00002000  00000000  00002000  RWIX
  RAMGS3                00012000   00002000  00000000  00002000  RWIX


SECTION ALLOCATION MAP

 output                                  attributes/
section   page    origin      length       input sections
--------  ----  ----------  ----------   ----------------
codestart 
*          0    00000000    00000002     
                  00000000    00000002     f28004x_codestartbranch.obj (codestart)

.TI.ramfunc 
*          0    000000f5    00000136     
                  000000f5    00000044     driverlib.lib : flash.obj (.TI.ramfunc:_Flash_initModule)
                  00000139    00000032                   : flash.obj (.TI.ramfunc:_Flash_setBankPowerMode)
                  0000016b    00000026                   : flash.obj (.TI.ramfunc:_Flash_setWaitstates)
                  00000191    0000001f                   : flash.obj (.TI.ramfunc:_Flash_setPumpPowerMode)
                  000001b0    00000018                   : flash.obj (.TI.ramfunc:_Flash_disableCache)
                  000001c8    00000018                   : flash.obj (.TI.ramfunc:_Flash_disablePrefetch)
                  000001e0    00000018                   : flash.obj (.TI.ramfunc:_Flash_enableCache)
                  000001f8    00000018                   : flash.obj (.TI.ramfunc:_Flash_enablePrefetch)
                  00000210    00000017                   : flash.obj (.TI.ramfunc:_Flash_enableECC)
                  00000227    00000004                   : sysctl.obj (.TI.ramfunc)

.cinit     0    0000022b    00000022     
                  0000022b    0000000e     rts2800_fpu32.lib : exit.c.obj (.cinit)
                  00000239    00000008     <whole-program> (.cinit)
                  00000241    00000005     <whole-program> (.cinit:__lock)
                  00000246    00000005     <whole-program> (.cinit:__unlock)
                  0000024b    00000002     --HOLE-- [fill = 0]

.pinit     0    000000f5    00000000     UNINITIALIZED

.reset     0    003fffc0    00000002     DSECT
                  003fffc0    00000002     rts2800_fpu32.lib : boot28.asm.obj (.reset)

.stack     1    00000400    00000400     UNINITIALIZED
                  00000400    00000400     --HOLE--

.econst    1    0000a800    000003fa     
                  0000a800    000000af     driverlib.lib : flash.obj (.econst:.string)
                  0000a8af    00000001     --HOLE-- [fill = 0]
                  0000a8b0    000000ae                   : sysctl.obj (.econst:.string)
                  0000a95e    000000ac                   : gpio.obj (.econst:.string)
                  0000aa0a    000000ab                   : sci.obj (.econst:.string)
                  0000aab5    00000001     --HOLE-- [fill = 0]
                  0000aab6    00000082     <whole-program> (.econst:.string)
                  0000ab38    0000005b     driverlib.lib : interrupt.obj (.econst:.string)
                  0000ab93    00000001     --HOLE-- [fill = 0]
                  0000ab94    00000055                   : spi.obj (.econst:.string)
                  0000abe9    00000001     --HOLE-- [fill = 0]
                  0000abea    00000010     <whole-program> (.econst)

.esysmem   1    0000abfa    00000200     UNINITIALIZED
                  0000abfa    00000001     rts2800_fpu32.lib : memory.c.obj (.esysmem)
                  0000abfb    000001ff     --HOLE--

.ebss      1    0000adfa    0000000f     UNINITIALIZED
                  0000adfa    00000006     rts2800_fpu32.lib : exit.c.obj (.ebss)
                  0000ae00    00000004     uart_if.obj (.ebss)
                  0000ae04    00000002     rts2800_fpu32.lib : _lock.c.obj (.ebss:__lock)
                  0000ae06    00000002                       : _lock.c.obj (.ebss:__unlock)
                  0000ae08    00000001                       : errno.c.obj (.ebss)

.text.1    0    0000024d    000001b3     
                  0000024d    00000114     device.obj (.text)
                  00000361    0000009c     rts2800_fpu32.lib : fd_add28.asm.obj (.text)
                  000003fd    00000002     driverlib.lib : interrupt.obj (.text:_Interrupt_illegalOperationHandler)
                  000003ff    00000001     rts2800_fpu32.lib : _lock.c.obj (.text)

.text.2    0    00008000    00000800     
                  00008000    00000107     rts2800_fpu32.lib : ll_div28.asm.obj (.text)
                  00008107    000000c4     main.obj (.text)
                  000081cb    000000b3     driverlib.lib : sysctl.obj (.text:_SysCtl_setClock)
                  0000827e    000000a7                   : sysctl.obj (.text:_SysCtl_isPLLValid)
                  00008325    0000008b     rts2800_fpu32.lib : fd_div28.asm.obj (.text)
                  000083b0    00000083                       : fd_mpy28.asm.obj (.text)
                  00008433    0000006e     driverlib.lib : sysctl.obj (.text:_SysCtl_getClock)
                  000084a1    0000006a     MAX31855.obj (.text)
                  0000850b    00000065     uart_if.obj (.text)
                  00008570    0000005e     driverlib.lib : sysctl.obj (.text:_DCC_setCounterSeeds)
                  000085ce    0000005c                   : spi.obj (.text:_SPI_setConfig)
                  0000862a    00000056                   : sysctl.obj (.text:_SysCtl_selectOscSource)
                  00008680    00000056     rts2800_fpu32.lib : boot28.asm.obj (.text)
                  000086d6    00000054     driverlib.lib : interrupt.obj (.text:_Interrupt_initModule)
                  0000872a    00000052                   : gpio.obj (.text:_GPIO_setPadConfig)
                  0000877c    00000046                   : sci.obj (.text:_SCI_clearInterruptStatus)
                  000087c2    0000003d                   : gpio.obj (.text:_GPIO_setPinConfig)
                  000087ff    00000001     rts2800_fpu32.lib : startup.c.obj (.text)

.text.3    0    00008800    000004fc     
                  00008800    00000040     driverlib.lib : sci.obj (.text:_SCI_setConfig)
                  00008840    00000038                   : gpio.obj (.text:_GPIO_setMasterCore)
                  00008878    00000038                   : gpio.obj (.text:_GPIO_setQualificationMode)
                  000088b0    00000031                   : gpio.obj (.text:_GPIO_setDirectionMode)
                  000088e1    0000002a     rts2800_fpu32.lib : fd_cmp28.asm.obj (.text)
                  0000890b    0000002a                       : l_div28.asm.obj (.text)
                  00008935    00000029                       : exit.c.obj (.text)
                  0000895e    00000025     driverlib.lib : sysctl.obj (.text:_DCC_enableSingleShotMode)
                  00008983    00000024                   : sysctl.obj (.text:_SysCtl_selectXTAL)
                  000089a7    00000024     rts2800_fpu32.lib : cpy_tbl.c.obj (.text)
                  000089cb    00000022     driverlib.lib : sysctl.obj (.text:_SysCtl_pollX1Counter)
                  000089ed    00000021     rts2800_fpu32.lib : fd_toi28.asm.obj (.text)
                  00008a0e    00000020     driverlib.lib : interrupt.obj (.text:_Interrupt_initVectorTable)
                  00008a2e    0000001f                   : sysctl.obj (.text:_DCC_setCounter1ClkSource)
                  00008a4d    0000001f     rts2800_fpu32.lib : fd_tol28.asm.obj (.text)
                  00008a6c    0000001e                       : ll_cmp28.asm.obj (.text)
                  00008a8a    0000001d     driverlib.lib : sysctl.obj (.text:_DCC_setCounter0ClkSource)
                  00008aa7    0000001d     rts2800_fpu32.lib : i_tofd28.asm.obj (.text)
                  00008ac4    0000001d                       : memcpy.c.obj (.text)
                  00008ae1    0000001c                       : fs_tofdfpu32.asm.obj (.text)
                  00008afd    0000001c                       : l_tofd28.asm.obj (.text)
                  00008b19    0000001a     driverlib.lib : sysctl.obj (.text:_SysCtl_getLowSpeedClock)
                  00008b33    0000001a                   : sysctl.obj (.text:_SysCtl_selectXTALSingleEnded)
                  00008b4d    00000019                   : sci.obj (.text:_SCI_disableModule)
                  00008b66    00000019                   : sci.obj (.text:_SCI_performSoftwareReset)
                  00008b7f    00000019     rts2800_fpu32.lib : args_main.c.obj (.text)
                  00008b98    00000018                       : ll_aox28.asm.obj (.text)
                  00008bb0    00000017     driverlib.lib : sysctl.obj (.text:_DCC_enableDoneSignal)
                  00008bc7    00000017                   : sysctl.obj (.text:_SysCtl_enablePeripheral)
                  00008bde    00000016                   : sysctl.obj (.text:_DCC_disableErrorSignal)
                  00008bf4    00000016                   : sysctl.obj (.text:_DCC_enableErrorSignal)
                  00008c0a    00000015                   : sci.obj (.text:_SCI_isBaseValid)
                  00008c1f    00000015                   : spi.obj (.text:_SPI_isBaseValid)
                  00008c34    00000014                   : sysctl.obj (.text:_DCC_disableModule)
                  00008c48    00000014                   : sysctl.obj (.text:_DCC_enableModule)
                  00008c5c    00000014                   : gpio.obj (.text:_GPIO_isPinValid)
                  00008c70    00000014                   : sci.obj (.text:_SCI_enableModule)
                  00008c84    00000010                   : sysctl.obj (.text:_DCC_isBaseValid)
                  00008c94    00000010                   : flash.obj (.text:_Flash_isCtrlBaseValid)
                  00008ca4    00000010                   : flash.obj (.text:_Flash_isECCBaseValid)
                  00008cb4    0000000e                   : interrupt.obj (.text:_Interrupt_defaultHandler)
                  00008cc2    0000000e     rts2800_fpu32.lib : fd_sub28.asm.obj (.text)
                  00008cd0    0000000d     driverlib.lib : interrupt.obj (.text:_Interrupt_disableMaster)
                  00008cdd    0000000b                   : sysctl.obj (.text:_SysCtl_isMCDClockFailureDetected)
                  00008ce8    00000009     rts2800_fpu32.lib : fd_neg28.asm.obj (.text)
                  00008cf1    00000007     driverlib.lib : sysctl.obj (.text:_SysCtl_resetMCD)
                  00008cf8    00000002                   : interrupt.obj (.text:_Interrupt_nmiHandler)
                  00008cfa    00000002     rts2800_fpu32.lib : pre_init.c.obj (.text)

MODULE SUMMARY

       Module                                   code   initialized data   uninitialized data
       ------                                   ----   ----------------   ------------------
    .\
       main.obj                                 196    0                  0                 
       MAX31855.obj                             106    0                  0                 
       uart_if.obj                              101    0                  4                 
    +--+----------------------------------------+------+------------------+--------------------+
       Total:                                   403    0                  4                 
                                                                                            
    .\device\
       device.obj                               276    0                  0                 
       f28004x_codestartbranch.obj              2      0                  0                 
    +--+----------------------------------------+------+------------------+--------------------+
       Total:                                   278    0                  0                 
                                                                                            
    C:\Users\salaz\AppData\Local\Temp\
       {7D6CFE26-86F7-45DB-8A99-EC0F952865F8}   0      164                0                 
    +--+----------------------------------------+------+------------------+--------------------+
       Total:                                   0      164                0                 
                                                                                            
    ../driverlib.lib
       sysctl.obj                               1023   174                0                 
       flash.obj                                338    175                0                 
       gpio.obj                                 324    172                0                 
       sci.obj                                  225    171                0                 
       interrupt.obj                            147    91                 0                 
       spi.obj                                  113    85                 0                 
    +--+----------------------------------------+------+------------------+--------------------+
       Total:                                   2170   868                0                 
                                                                                            
    C:\ti\ccsv8\tools\compiler\ti-cgt-c2000_18.1.4.LTS\lib\rts2800_fpu32.lib
       ll_div28.asm.obj                         263    0                  0                 
       fd_add28.asm.obj                         156    0                  0                 
       fd_div28.asm.obj                         139    0                  0                 
       fd_mpy28.asm.obj                         131    0                  0                 
       boot28.asm.obj                           86     0                  0                 
       exit.c.obj                               41     14                 6                 
       fd_cmp28.asm.obj                         42     0                  0                 
       l_div28.asm.obj                          42     0                  0                 
       cpy_tbl.c.obj                            36     0                  0                 
       fd_toi28.asm.obj                         33     0                  0                 
       fd_tol28.asm.obj                         31     0                  0                 
       ll_cmp28.asm.obj                         30     0                  0                 
       i_tofd28.asm.obj                         29     0                  0                 
       memcpy.c.obj                             29     0                  0                 
       fs_tofdfpu32.asm.obj                     28     0                  0                 
       l_tofd28.asm.obj                         28     0                  0                 
       args_main.c.obj                          25     0                  0                 
       ll_aox28.asm.obj                         24     0                  0                 
       fd_sub28.asm.obj                         14     0                  0                 
       fd_neg28.asm.obj                         9      0                  0                 
       _lock.c.obj                              1      0                  4                 
       pre_init.c.obj                           2      0                  0                 
       errno.c.obj                              0      0                  1                 
       startup.c.obj                            1      0                  0                 
    +--+----------------------------------------+------+------------------+--------------------+
       Total:                                   1220   14                 11                
                                                                                            
       Heap:                                    0      0                  512               
       Stack:                                   0      0                  1024              
    +--+----------------------------------------+------+------------------+--------------------+
       Grand Total:                             4071   1046               1551              


GLOBAL DATA SYMBOLS: SORTED BY DATA PAGE

address     data page           name
--------    ----------------    ----
00000400      10 (00000400)     __stack

0000abfa     2af (0000abc0)     __sys_memory

0000adfa     2b7 (0000adc0)     ___TI_enable_exit_profile_output
0000adfc     2b7 (0000adc0)     ___TI_cleanup_ptr
0000adfe     2b7 (0000adc0)     ___TI_dtors_ptr

0000ae00     2b8 (0000ae00)     _ilen
0000ae04     2b8 (0000ae00)     __lock
0000ae06     2b8 (0000ae00)     __unlock
0000ae08     2b8 (0000ae00)     _errno


GLOBAL SYMBOLS: SORTED ALPHABETICALLY BY Name 

page  address   name                            
----  -------   ----                            
abs   ffffffff  .text                           
0     00008935  C$$EXIT                         
0     00000361  FD$$ADD                         
0     000088e1  FD$$CMP                         
0     00008325  FD$$DIV                         
0     000083b0  FD$$MPY                         
0     00008ce8  FD$$NEG                         
0     00008cc2  FD$$SUB                         
0     000089ed  FD$$TOI                         
0     00008a4d  FD$$TOL                         
0     00008ae1  FS$$TOFD                        
0     00008aa7  I$$TOFD                         
0     0000890b  L$$DIV                          
0     0000891a  L$$MOD                          
0     00008afd  L$$TOFD                         
0     00008b98  LL$$AND                         
0     00008a6c  LL$$CMP                         
0     00008000  LL$$DIV                         
0     0000803c  LL$$MOD                         
0     00008ba0  LL$$OR                          
0     00008ba8  LL$$XOR                         
0     00008928  UL$$DIV                         
0     0000892f  UL$$MOD                         
0     00008a7e  ULL$$CMP                        
0     00008076  ULL$$DIV                        
0     000080a5  ULL$$MOD                        
0     0000028e  _Device_enableAllPeripherals    
0     0000031f  _Device_init                    
0     00000250  _Device_initGPIO                
0     000000f5  _Flash_initModule               
0     000088b0  _GPIO_setDirectionMode          
0     00008840  _GPIO_setMasterCore             
0     0000872a  _GPIO_setPadConfig              
0     000087c2  _GPIO_setPinConfig              
0     00008878  _GPIO_setQualificationMode      
0     0000850d  _InitTerm                       
0     000086d6  _Interrupt_initModule           
0     00008a0e  _Interrupt_initVectorTable      
0     000084cc  _MAX31855_readCelsius           
0     00008563  _Message                        
0     0000877c  _SCI_clearInterruptStatus       
0     00008800  _SCI_setConfig                  
0     000085ce  _SPI_setConfig                  
0     00000227  _SysCtl_delay                   
0     00008433  _SysCtl_getClock                
0     00008b19  _SysCtl_getLowSpeedClock        
0     0000827e  _SysCtl_isPLLValid              
0     0000862a  _SysCtl_selectOscSource         
0     00008983  _SysCtl_selectXTAL              
0     00008b33  _SysCtl_selectXTALSingleEnded   
0     000081cb  _SysCtl_setClock                
1     00000800  __STACK_END                     
abs   00000400  __STACK_SIZE                    
abs   00000200  __SYSMEM_SIZE                   
1     0000adfc  ___TI_cleanup_ptr               
1     0000adfe  ___TI_dtors_ptr                 
1     0000adfa  ___TI_enable_exit_profile_output
abs   ffffffff  ___TI_pprof_out_hndl            
abs   ffffffff  ___TI_prof_data_size            
abs   ffffffff  ___TI_prof_data_start           
abs   ffffffff  ___binit__                      
abs   ffffffff  ___c_args__                     
0     0000022b  ___cinit__                      
0     0000024d  ___error__                      
abs   ffffffff  ___etext__                      
abs   ffffffff  ___pinit__                      
abs   ffffffff  ___text__                       
0     00008b7f  __args_main                     
1     0000ae04  __lock                          
0     000003ff  __nop                           
1     00000400  __stack                         
1     0000abfa  __sys_memory                    
0     000087ff  __system_post_cinit             
0     00008cfa  __system_pre_init               
1     0000ae06  __unlock                        
0     00008935  _abort                          
0     00008680  _c_int00                        
0     000089a7  _copy_in                        
1     0000ae08  _errno                          
0     00008937  _exit                           
1     0000ae00  _ilen                           
0     00008107  _initEPWM1                      
0     00008137  _main                           
0     00008ac4  _memcpy                         
0     000084a1  _spi_read                       
abs   ffffffff  binit                           
0     0000022b  cinit                           
0     00000000  code_start                      
abs   ffffffff  etext                           
abs   ffffffff  pinit                           


GLOBAL SYMBOLS: SORTED BY Symbol Address 

page  address   name                            
----  -------   ----                            
0     00000000  code_start                      
0     000000f5  _Flash_initModule               
0     00000227  _SysCtl_delay                   
0     0000022b  ___cinit__                      
0     0000022b  cinit                           
0     0000024d  ___error__                      
0     00000250  _Device_initGPIO                
0     0000028e  _Device_enableAllPeripherals    
0     0000031f  _Device_init                    
0     00000361  FD$$ADD                         
0     000003ff  __nop                           
0     00008000  LL$$DIV                         
0     0000803c  LL$$MOD                         
0     00008076  ULL$$DIV                        
0     000080a5  ULL$$MOD                        
0     00008107  _initEPWM1                      
0     00008137  _main                           
0     000081cb  _SysCtl_setClock                
0     0000827e  _SysCtl_isPLLValid              
0     00008325  FD$$DIV                         
0     000083b0  FD$$MPY                         
0     00008433  _SysCtl_getClock                
0     000084a1  _spi_read                       
0     000084cc  _MAX31855_readCelsius           
0     0000850d  _InitTerm                       
0     00008563  _Message                        
0     000085ce  _SPI_setConfig                  
0     0000862a  _SysCtl_selectOscSource         
0     00008680  _c_int00                        
0     000086d6  _Interrupt_initModule           
0     0000872a  _GPIO_setPadConfig              
0     0000877c  _SCI_clearInterruptStatus       
0     000087c2  _GPIO_setPinConfig              
0     000087ff  __system_post_cinit             
0     00008800  _SCI_setConfig                  
0     00008840  _GPIO_setMasterCore             
0     00008878  _GPIO_setQualificationMode      
0     000088b0  _GPIO_setDirectionMode          
0     000088e1  FD$$CMP                         
0     0000890b  L$$DIV                          
0     0000891a  L$$MOD                          
0     00008928  UL$$DIV                         
0     0000892f  UL$$MOD                         
0     00008935  C$$EXIT                         
0     00008935  _abort                          
0     00008937  _exit                           
0     00008983  _SysCtl_selectXTAL              
0     000089a7  _copy_in                        
0     000089ed  FD$$TOI                         
0     00008a0e  _Interrupt_initVectorTable      
0     00008a4d  FD$$TOL                         
0     00008a6c  LL$$CMP                         
0     00008a7e  ULL$$CMP                        
0     00008aa7  I$$TOFD                         
0     00008ac4  _memcpy                         
0     00008ae1  FS$$TOFD                        
0     00008afd  L$$TOFD                         
0     00008b19  _SysCtl_getLowSpeedClock        
0     00008b33  _SysCtl_selectXTALSingleEnded   
0     00008b7f  __args_main                     
0     00008b98  LL$$AND                         
0     00008ba0  LL$$OR                          
0     00008ba8  LL$$XOR                         
0     00008cc2  FD$$SUB                         
0     00008ce8  FD$$NEG                         
0     00008cfa  __system_pre_init               
1     00000400  __stack                         
1     00000800  __STACK_END                     
1     0000abfa  __sys_memory                    
1     0000adfa  ___TI_enable_exit_profile_output
1     0000adfc  ___TI_cleanup_ptr               
1     0000adfe  ___TI_dtors_ptr                 
1     0000ae00  _ilen                           
1     0000ae04  __lock                          
1     0000ae06  __unlock                        
1     0000ae08  _errno                          
abs   00000200  __SYSMEM_SIZE                   
abs   00000400  __STACK_SIZE                    
abs   ffffffff  .text                           
abs   ffffffff  ___TI_pprof_out_hndl            
abs   ffffffff  ___TI_prof_data_size            
abs   ffffffff  ___TI_prof_data_start           
abs   ffffffff  ___binit__                      
abs   ffffffff  ___c_args__                     
abs   ffffffff  ___etext__                      
abs   ffffffff  ___pinit__                      
abs   ffffffff  ___text__                       
abs   ffffffff  binit                           
abs   ffffffff  etext                           
abs   ffffffff  pinit                           

[90 symbols]
