******************************************************************************
             TMS320C2000 Linker PC v18.1.4                     
******************************************************************************
>> Linked Sun Mar 17 01:43:24 2019

OUTPUT FILE NAME:   <v4.out>
ENTRY POINT SYMBOL: "code_start"  address: 00000000


MEMORY CONFIGURATION

         name            origin    length      used     unused   attr    fill
----------------------  --------  ---------  --------  --------  ----  --------
PAGE 0:
  BEGIN                 00000000   00000002  00000002  00000000  RWIX
  RAMM0                 000000f5   0000030b  0000030a  00000001  RWIX
  RAMLS0                00008000   00000800  00000800  00000000  RWIX
  RAMLS1                00008800   00000800  00000800  00000000  RWIX
  RAMLS2                00009000   00000800  000004d2  0000032e  RWIX
  RAMLS3                00009800   00000800  00000000  00000800  RWIX
  RAMLS4                0000a000   00000800  00000000  00000800  RWIX
  FLASH_BANK0_SEC0      00080000   00001000  00000000  00001000  RWIX
  FLASH_BANK0_SEC1      00081000   00001000  00000000  00001000  RWIX
  FLASH_BANK0_SEC2      00082000   00001000  00000000  00001000  RWIX
  FLASH_BANK0_SEC3      00083000   00001000  00000000  00001000  RWIX
  FLASH_BANK0_SEC4      00084000   00001000  00000000  00001000  RWIX
  FLASH_BANK0_SEC5      00085000   00001000  00000000  00001000  RWIX
  FLASH_BANK0_SEC6      00086000   00001000  00000000  00001000  RWIX
  FLASH_BANK0_SEC7      00087000   00001000  00000000  00001000  RWIX
  FLASH_BANK0_SEC8      00088000   00001000  00000000  00001000  RWIX
  FLASH_BANK0_SEC9      00089000   00001000  00000000  00001000  RWIX
  FLASH_BANK0_SEC10     0008a000   00001000  00000000  00001000  RWIX
  FLASH_BANK0_SEC11     0008b000   00001000  00000000  00001000  RWIX
  FLASH_BANK0_SEC12     0008c000   00001000  00000000  00001000  RWIX
  FLASH_BANK0_SEC13     0008d000   00001000  00000000  00001000  RWIX
  FLASH_BANK0_SEC14     0008e000   00001000  00000000  00001000  RWIX
  FLASH_BANK0_SEC15     0008f000   00001000  00000000  00001000  RWIX
  FLASH_BANK1_SEC0      00090000   00001000  00000000  00001000  RWIX
  FLASH_BANK1_SEC1      00091000   00001000  00000000  00001000  RWIX
  FLASH_BANK1_SEC2      00092000   00001000  00000000  00001000  RWIX
  FLASH_BANK1_SEC3      00093000   00001000  00000000  00001000  RWIX
  FLASH_BANK1_SEC4      00094000   00001000  00000000  00001000  RWIX
  FLASH_BANK1_SEC5      00095000   00001000  00000000  00001000  RWIX
  FLASH_BANK1_SEC6      00096000   00001000  00000000  00001000  RWIX
  FLASH_BANK1_SEC7      00097000   00001000  00000000  00001000  RWIX
  FLASH_BANK1_SEC8      00098000   00001000  00000000  00001000  RWIX
  FLASH_BANK1_SEC9      00099000   00001000  00000000  00001000  RWIX
  FLASH_BANK1_SEC10     0009a000   00001000  00000000  00001000  RWIX
  FLASH_BANK1_SEC11     0009b000   00001000  00000000  00001000  RWIX
  FLASH_BANK1_SEC12     0009c000   00001000  00000000  00001000  RWIX
  FLASH_BANK1_SEC13     0009d000   00001000  00000000  00001000  RWIX
  FLASH_BANK1_SEC14     0009e000   00001000  00000000  00001000  RWIX
  FLASH_BANK1_SEC15     0009f000   00001000  00000000  00001000  RWIX
  RESET                 003fffc0   00000002  00000000  00000002  RWIX

PAGE 1:
  BOOT_RSVD             00000002   000000f3  00000000  000000f3  RWIX
  RAMM1                 00000400   00000400  00000100  00000300  RWIX
  RAMLS5                0000a800   00000800  00000703  000000fd  RWIX
  RAMLS6                0000b000   00000800  00000000  00000800  RWIX
  RAMLS7                0000b800   00000800  00000000  00000800  RWIX
  RAMGS0                0000c000   00002000  00000000  00002000  RWIX
  RAMGS1                0000e000   00002000  00000000  00002000  RWIX
  RAMGS2                00010000   00002000  00000000  00002000  RWIX
  RAMGS3                00012000   00002000  00000000  00002000  RWIX


SECTION ALLOCATION MAP

 output                                  attributes/
section   page    origin      length       input sections
--------  ----  ----------  ----------   ----------------
codestart 
*          0    00000000    00000002     
                  00000000    00000002     f28004x_codestartbranch.obj (codestart)

.TI.ramfunc 
*          0    000000f5    00000136     
                  000000f5    00000044     driverlib.lib : flash.obj (.TI.ramfunc:_Flash_initModule)
                  00000139    00000032                   : flash.obj (.TI.ramfunc:_Flash_setBankPowerMode)
                  0000016b    00000026                   : flash.obj (.TI.ramfunc:_Flash_setWaitstates)
                  00000191    0000001f                   : flash.obj (.TI.ramfunc:_Flash_setPumpPowerMode)
                  000001b0    00000018                   : flash.obj (.TI.ramfunc:_Flash_disableCache)
                  000001c8    00000018                   : flash.obj (.TI.ramfunc:_Flash_disablePrefetch)
                  000001e0    00000018                   : flash.obj (.TI.ramfunc:_Flash_enableCache)
                  000001f8    00000018                   : flash.obj (.TI.ramfunc:_Flash_enablePrefetch)
                  00000210    00000017                   : flash.obj (.TI.ramfunc:_Flash_enableECC)
                  00000227    00000004                   : sysctl.obj (.TI.ramfunc)

.cinit     0    0000022b    00000026     
                  0000022b    0000000e     rts2800_fpu32.lib : exit.c.obj (.cinit)
                  00000239    00000005                       : _lock.c.obj (.cinit:__lock)
                  0000023e    00000005                       : _lock.c.obj (.cinit:__unlock)
                  00000243    00000004                       : errno.c.obj (.cinit)
                  00000247    00000004                       : memory.c.obj (.cinit)
                  0000024b    00000004     uart_if.obj (.cinit)
                  0000024f    00000002     --HOLE-- [fill = 0]

.pinit     0    000000f5    00000000     UNINITIALIZED

.reset     0    003fffc0    00000002     DSECT
                  003fffc0    00000002     rts2800_fpu32.lib : boot28.asm.obj (.reset)

.stack     1    00000400    00000100     UNINITIALIZED
                  00000400    00000100     --HOLE--

.econst    1    0000a800    0000069c     
                  0000a800    00000101     rts2800_fpu32.lib : ctype.c.obj (.econst:.string:__ctypes_)
                  0000a901    00000001     --HOLE-- [fill = 0]
                  0000a902    000000f8     MAX31855.obj (.econst:.string)
                  0000a9fa    000000af     driverlib.lib : flash.obj (.econst:.string)
                  0000aaa9    00000001     --HOLE-- [fill = 0]
                  0000aaaa    000000ae                   : sysctl.obj (.econst:.string)
                  0000ab58    000000ac                   : gpio.obj (.econst:.string)
                  0000ac04    000000ab                   : sci.obj (.econst:.string)
                  0000acaf    00000001     --HOLE-- [fill = 0]
                  0000acb0    0000006e     uart_if.obj (.econst:.string)
                  0000ad1e    0000005b     driverlib.lib : interrupt.obj (.econst:.string)
                  0000ad79    00000001     --HOLE-- [fill = 0]
                  0000ad7a    00000055                   : spi.obj (.econst:.string)
                  0000adcf    00000001     --HOLE-- [fill = 0]
                  0000add0    00000052     main.obj (.econst:.string)
                  0000ae22    00000026     rts2800_fpu32.lib : _printfi.c.obj (.econst:.string)
                  0000ae48    0000001c                       : _printfi.c.obj (.econst)
                  0000ae64    0000001c                       : s_scalbn.c.obj (.econst)
                  0000ae80    00000013     device.obj (.econst:.string)
                  0000ae93    00000001     --HOLE-- [fill = 0]
                  0000ae94    00000008     rts2800_fpu32.lib : s_frexp.c.obj (.econst)

.esysmem   1    0000ae9c    00000050     UNINITIALIZED
                  0000ae9c    00000001     rts2800_fpu32.lib : memory.c.obj (.esysmem)
                  0000ae9d    0000004f     --HOLE--

.ebss      1    0000aeec    00000017     UNINITIALIZED
                  0000aeec    00000008     rts2800_fpu32.lib : memory.c.obj (.ebss)
                  0000aef4    00000006                       : exit.c.obj (.ebss)
                  0000aefa    00000004     uart_if.obj (.ebss)
                  0000aefe    00000002     rts2800_fpu32.lib : _lock.c.obj (.ebss:__lock)
                  0000af00    00000002                       : _lock.c.obj (.ebss:__unlock)
                  0000af02    00000001                       : errno.c.obj (.ebss)

.text.1    0    00000000    00000d6f     FAILED TO ALLOCATE
.text.2    0    00000252    000001ae     
                  00000252    00000191     device.obj (.text)
                  000003e3    0000001d     driverlib.lib : sysctl.obj (.text:_DCC_setCounter0ClkSource)

.text.3    0    00008000    00000800     
                  00008000    00000242     uart_if.obj (.text)
                  00008242    000001e5     MAX31855.obj (.text)
                  00008427    000001d4     rts2800_fpu32.lib : memory.c.obj (.text)
                  000085fb    00000107                       : ll_div28.asm.obj (.text)
                  00008702    000000b3     driverlib.lib : sysctl.obj (.text:_SysCtl_setClock)
                  000087b5    00000046                   : sci.obj (.text:_SCI_clearInterruptStatus)
                  000087fb    00000005     rts2800_fpu32.lib : strcpy.c.obj (.text)

.text.4    0    00008800    00000800     
                  00008800    000000ae     rts2800_fpu32.lib : s_scalbn.c.obj (.text)
                  000088ae    000000a7     driverlib.lib : sysctl.obj (.text:_SysCtl_isPLLValid)
                  00008955    0000009c     rts2800_fpu32.lib : fd_add28.asm.obj (.text)
                  000089f1    0000008b                       : fd_div28.asm.obj (.text)
                  00008a7c    00000088                       : fs_div28.asm.obj (.text)
                  00008b04    00000083                       : fd_mpy28.asm.obj (.text)
                  00008b87    0000006e     driverlib.lib : sysctl.obj (.text:_SysCtl_getClock)
                  00008bf5    0000005e                   : sysctl.obj (.text:_DCC_setCounterSeeds)
                  00008c53    0000005c                   : spi.obj (.text:_SPI_setConfig)
                  00008caf    0000005a     rts2800_fpu32.lib : s_frexp.c.obj (.text)
                  00008d09    00000058                       : vsnprintf.c.obj (.text)
                  00008d61    00000056     driverlib.lib : sysctl.obj (.text:_SysCtl_selectOscSource)
                  00008db7    00000056     rts2800_fpu32.lib : boot28.asm.obj (.text)
                  00008e0d    00000054     driverlib.lib : interrupt.obj (.text:_Interrupt_initModule)
                  00008e61    00000052                   : gpio.obj (.text:_GPIO_setPadConfig)
                  00008eb3    00000040                   : sci.obj (.text:_SCI_setConfig)
                  00008ef3    0000003d                   : gpio.obj (.text:_GPIO_setPinConfig)
                  00008f30    00000038                   : gpio.obj (.text:_GPIO_setMasterCore)
                  00008f68    00000038                   : gpio.obj (.text:_GPIO_setQualificationMode)
                  00008fa0    00000031                   : gpio.obj (.text:_GPIO_setDirectionMode)
                  00008fd1    0000002a     rts2800_fpu32.lib : fd_cmp28.asm.obj (.text)
                  00008ffb    00000002     driverlib.lib : interrupt.obj (.text:_Interrupt_illegalOperationHandler)
                  00008ffd    00000002                   : interrupt.obj (.text:_Interrupt_nmiHandler)
                  00008fff    00000001     rts2800_fpu32.lib : startup.c.obj (.text)

.text.5    0    00009000    000004d2     
                  00009000    00000031     rts2800_fpu32.lib : atoi.c.obj (.text)
                  00009031    00000030                       : ltoa.c.obj (.text)
                  00009061    0000002a                       : l_div28.asm.obj (.text)
                  0000908b    00000029                       : exit.c.obj (.text)
                  000090b4    00000025     driverlib.lib : sysctl.obj (.text:_DCC_enableSingleShotMode)
                  000090d9    00000025     rts2800_fpu32.lib : s_copysign.c.obj (.text)
                  000090fe    00000024     driverlib.lib : sysctl.obj (.text:_SysCtl_selectXTAL)
                  00009122    00000024     rts2800_fpu32.lib : cpy_tbl.c.obj (.text)
                  00009146    00000022     driverlib.lib : sysctl.obj (.text:_SysCtl_pollX1Counter)
                  00009168    00000021     rts2800_fpu32.lib : fd_toi28.asm.obj (.text)
                  00009189    00000020     driverlib.lib : interrupt.obj (.text:_Interrupt_initVectorTable)
                  000091a9    00000020     main.obj (.text)
                  000091c9    0000001f     driverlib.lib : sysctl.obj (.text:_DCC_setCounter1ClkSource)
                  000091e8    0000001f     rts2800_fpu32.lib : fd_tol28.asm.obj (.text)
                  00009207    0000001e                       : ll_cmp28.asm.obj (.text)
                  00009225    0000001d                       : i_tofd28.asm.obj (.text)
                  00009242    0000001d                       : memcpy.c.obj (.text)
                  0000925f    0000001c                       : fs_tofdfpu32.asm.obj (.text)
                  0000927b    0000001c                       : l_tofd28.asm.obj (.text)
                  00009297    0000001b                       : memmov.c.obj (.text)
                  000092b2    0000001a     driverlib.lib : sysctl.obj (.text:_SysCtl_getLowSpeedClock)
                  000092cc    0000001a                   : sysctl.obj (.text:_SysCtl_selectXTALSingleEnded)
                  000092e6    00000019                   : sci.obj (.text:_SCI_disableModule)
                  000092ff    00000019                   : sci.obj (.text:_SCI_performSoftwareReset)
                  00009318    00000019     rts2800_fpu32.lib : args_main.c.obj (.text)
                  00009331    00000018                       : ll_aox28.asm.obj (.text)
                  00009349    00000017     driverlib.lib : sysctl.obj (.text:_DCC_enableDoneSignal)
                  00009360    00000017                   : sysctl.obj (.text:_SysCtl_enablePeripheral)
                  00009377    00000016                   : sysctl.obj (.text:_DCC_disableErrorSignal)
                  0000938d    00000016                   : sysctl.obj (.text:_DCC_enableErrorSignal)
                  000093a3    00000015                   : sci.obj (.text:_SCI_isBaseValid)
                  000093b8    00000015                   : spi.obj (.text:_SPI_isBaseValid)
                  000093cd    00000014                   : sysctl.obj (.text:_DCC_disableModule)
                  000093e1    00000014                   : sysctl.obj (.text:_DCC_enableModule)
                  000093f5    00000014                   : gpio.obj (.text:_GPIO_isPinValid)
                  00009409    00000014                   : sci.obj (.text:_SCI_enableModule)
                  0000941d    00000010                   : sysctl.obj (.text:_DCC_isBaseValid)
                  0000942d    00000010                   : flash.obj (.text:_Flash_isCtrlBaseValid)
                  0000943d    00000010                   : flash.obj (.text:_Flash_isECCBaseValid)
                  0000944d    0000000e                   : interrupt.obj (.text:_Interrupt_defaultHandler)
                  0000945b    0000000e     rts2800_fpu32.lib : fd_sub28.asm.obj (.text)
                  00009469    0000000d     driverlib.lib : interrupt.obj (.text:_Interrupt_disableMaster)
                  00009476    0000000d     rts2800_fpu32.lib : memccpy.c.obj (.text)
                  00009483    0000000c                       : memset.c.obj (.text)
                  0000948f    0000000c                       : strchr.c.obj (.text)
                  0000949b    0000000b     driverlib.lib : sysctl.obj (.text:_SysCtl_isMCDClockFailureDetected)
                  000094a6    00000009     rts2800_fpu32.lib : _lock.c.obj (.text)
                  000094af    00000009                       : fd_neg28.asm.obj (.text)
                  000094b8    00000009                       : wcslen.c.obj (.text)
                  000094c1    00000008                       : strlen.c.obj (.text)
                  000094c9    00000007     driverlib.lib : sysctl.obj (.text:_SysCtl_resetMCD)
                  000094d0    00000002     rts2800_fpu32.lib : pre_init.c.obj (.text)

MODULE SUMMARY

       Module                        code   initialized data   uninitialized data
       ------                        ----   ----------------   ------------------
    .\
       MAX31855.obj                  485    248                0                 
       uart_if.obj                   578    114                4                 
       main.obj                      32     82                 0                 
    +--+-----------------------------+------+------------------+--------------------+
       Total:                        1095   444                4                 
                                                                                 
    .\device\
       device.obj                    401    19                 0                 
       f28004x_codestartbranch.obj   2      0                  0                 
    +--+-----------------------------+------+------------------+--------------------+
       Total:                        403    19                 0                 
                                                                                 
    ../driverlib.lib
       sysctl.obj                    1023   174                0                 
       flash.obj                     338    175                0                 
       gpio.obj                      324    172                0                 
       sci.obj                       225    171                0                 
       interrupt.obj                 147    91                 0                 
       spi.obj                       113    85                 0                 
    +--+-----------------------------+------+------------------+--------------------+
       Total:                        2170   868                0                 
                                                                                 
    C:\ti\ccsv8\tools\compiler\ti-cgt-c2000_18.1.4.LTS\lib\rts2800_fpu32.lib
       memory.c.obj                  468    4                  8                 
       ll_div28.asm.obj              263    0                  0                 
       ctype.c.obj                   0      257                0                 
       s_scalbn.c.obj                174    28                 0                 
       fd_add28.asm.obj              156    0                  0                 
       fd_div28.asm.obj              139    0                  0                 
       fs_div28.asm.obj              136    0                  0                 
       fd_mpy28.asm.obj              131    0                  0                 
       s_frexp.c.obj                 90     8                  0                 
       vsnprintf.c.obj               88     0                  0                 
       boot28.asm.obj                86     0                  0                 
       _printfi.c.obj                0      66                 0                 
       exit.c.obj                    41     14                 6                 
       atoi.c.obj                    49     0                  0                 
       ltoa.c.obj                    48     0                  0                 
       fd_cmp28.asm.obj              42     0                  0                 
       l_div28.asm.obj               42     0                  0                 
       s_copysign.c.obj              37     0                  0                 
       cpy_tbl.c.obj                 36     0                  0                 
       fd_toi28.asm.obj              33     0                  0                 
       fd_tol28.asm.obj              31     0                  0                 
       ll_cmp28.asm.obj              30     0                  0                 
       i_tofd28.asm.obj              29     0                  0                 
       memcpy.c.obj                  29     0                  0                 
       fs_tofdfpu32.asm.obj          28     0                  0                 
       l_tofd28.asm.obj              28     0                  0                 
       memmov.c.obj                  27     0                  0                 
       args_main.c.obj               25     0                  0                 
       ll_aox28.asm.obj              24     0                  0                 
       _lock.c.obj                   9      10                 4                 
       fd_sub28.asm.obj              14     0                  0                 
       memccpy.c.obj                 13     0                  0                 
       memset.c.obj                  12     0                  0                 
       strchr.c.obj                  12     0                  0                 
       fd_neg28.asm.obj              9      0                  0                 
       wcslen.c.obj                  9      0                  0                 
       strlen.c.obj                  8      0                  0                 
       errno.c.obj                   0      4                  1                 
       strcpy.c.obj                  5      0                  0                 
       pre_init.c.obj                2      0                  0                 
       startup.c.obj                 1      0                  0                 
    +--+-----------------------------+------+------------------+--------------------+
       Total:                        2404   391                19                
                                                                                 
       Heap:                         0      0                  80                
       Stack:                        0      0                  256               
    +--+-----------------------------+------+------------------+--------------------+
       Grand Total:                  6072   1722               359               


GLOBAL DATA SYMBOLS: SORTED BY DATA PAGE

address     data page           name
--------    ----------------    ----
00000400      10 (00000400)     __stack

0000a800     2a0 (0000a800)     __ctypes_

0000ae9c     2ba (0000ae80)     __sys_memory

0000aef4     2bb (0000aec0)     ___TI_enable_exit_profile_output
0000aef6     2bb (0000aec0)     ___TI_cleanup_ptr
0000aef8     2bb (0000aec0)     ___TI_dtors_ptr
0000aefa     2bb (0000aec0)     _ilen
0000aefe     2bb (0000aec0)     __lock

0000af00     2bc (0000af00)     __unlock
0000af02     2bc (0000af00)     _errno


GLOBAL SYMBOLS: SORTED ALPHABETICALLY BY Name 

page  address   name                            
----  -------   ----                            
abs   ffffffff  .text                           
0     0000908b  C$$EXIT                         
0     00008955  FD$$ADD                         
0     00008fd1  FD$$CMP                         
0     000089f1  FD$$DIV                         
0     00008b04  FD$$MPY                         
0     000094af  FD$$NEG                         
0     0000945b  FD$$SUB                         
0     00009168  FD$$TOI                         
0     000091e8  FD$$TOL                         
0     00008a7c  FS$$DIV                         
0     0000925f  FS$$TOFD                        
0     00009225  I$$TOFD                         
0     00009061  L$$DIV                          
0     00009070  L$$MOD                          
0     0000927b  L$$TOFD                         
0     00009331  LL$$AND                         
0     00009207  LL$$CMP                         
0     000085fb  LL$$DIV                         
0     00008637  LL$$MOD                         
0     00009339  LL$$OR                          
0     00009341  LL$$XOR                         
0     0000907e  UL$$DIV                         
0     00009085  UL$$MOD                         
0     00009219  ULL$$CMP                        
0     00008671  ULL$$DIV                        
0     000086a0  ULL$$MOD                        
0     0000814c  _ClearTerm                      
0     000002d0  _Device_enableAllPeripherals    
0     00000294  _Device_init                    
0     0000039e  _Device_initGPIO                
0     00008151  _Error                          
0     000000f5  _Flash_initModule               
0     00008fa0  _GPIO_setDirectionMode          
0     00008f30  _GPIO_setMasterCore             
0     00008e61  _GPIO_setPadConfig              
0     00008ef3  _GPIO_setPinConfig              
0     00008f68  _GPIO_setQualificationMode      
0     00008175  _GetCmd                         
0     00008318  _InitSPI                        
0     000080ff  _InitTerm                       
0     00008e0d  _Interrupt_initModule           
0     00009189  _Interrupt_initVectorTable      
0     000083a9  _MAX31855_readCelsius           
0     000083e8  _MAX31855_readFarenheit         
0     000083ff  _MAX31855_readInternal          
0     0000813a  _Message                        
0     00008205  _Report                         
0     000087b5  _SCI_clearInterruptStatus       
0     00008eb3  _SCI_setConfig                  
0     00008c53  _SPI_setConfig                  
0     00000227  _SysCtl_delay                   
0     00008b87  _SysCtl_getClock                
0     000092b2  _SysCtl_getLowSpeedClock        
0     000088ae  _SysCtl_isPLLValid              
0     00008d61  _SysCtl_selectOscSource         
0     000090fe  _SysCtl_selectXTAL              
0     000092cc  _SysCtl_selectXTALSingleEnded   
0     00008702  _SysCtl_setClock                
0     000081c7  _TrimSpace                      
1     00000500  __STACK_END                     
abs   00000100  __STACK_SIZE                    
abs   00000050  __SYSMEM_SIZE                   
1     0000aef6  ___TI_cleanup_ptr               
1     0000aef8  ___TI_dtors_ptr                 
1     0000aef4  ___TI_enable_exit_profile_output
abs   ffffffff  ___TI_pprof_out_hndl            
0     00000bd0  ___TI_printfi                   
abs   ffffffff  ___TI_prof_data_size            
abs   ffffffff  ___TI_prof_data_start           
abs   ffffffff  ___binit__                      
abs   ffffffff  ___c_args__                     
0     0000022b  ___cinit__                      
0     000003dc  ___error__                      
abs   ffffffff  ___etext__                      
abs   ffffffff  ___pinit__                      
abs   ffffffff  ___text__                       
0     00009318  __args_main                     
1     0000a800  __ctypes_                       
1     0000aefe  __lock                          
0     000094ae  __nop                           
0     000094aa  __register_lock                 
0     000094a6  __register_unlock               
1     00000400  __stack                         
1     0000ae9c  __sys_memory                    
0     00008fff  __system_post_cinit             
0     000094d0  __system_pre_init               
1     0000af00  __unlock                        
0     0000908b  _abort                          
0     00009000  _atoi                           
0     00008db7  _c_int00                        
0     000085e4  _calloc                         
0     000085e2  _chkheap                        
0     00009122  _copy_in                        
0     000090d9  _copysignl                      
1     0000af02  _errno                          
0     0000908d  _exit                           
0     00008427  _free                           
0     000085c4  _free_memory                    
0     00008caf  _frexpl                         
1     0000aefa  _ilen                           
0     00008800  _ldexpl                         
0     00009031  _ltoa                           
0     000091a9  _main                           
0     00008490  _malloc                         
0     000085a2  _max_free                       
0     00009476  _memccpy                        
0     00009242  _memcpy                         
0     00009297  _memmove                        
0     00009483  _memset                         
0     0000846b  _minit                          
0     000084ee  _realloc                        
0     00008800  _scalbnl                        
0     00008374  _spi_read                       
0     0000948f  _strchr                         
0     000087fb  _strcpy                         
0     000094c1  _strlen                         
0     00008d09  _vsnprintf                      
0     000094b8  _wcslen                         
abs   ffffffff  binit                           
0     0000022b  cinit                           
0     00000000  code_start                      
abs   ffffffff  etext                           
abs   ffffffff  pinit                           


GLOBAL SYMBOLS: SORTED BY Symbol Address 

page  address   name                            
----  -------   ----                            
0     00000000  code_start                      
0     000000f5  _Flash_initModule               
0     00000227  _SysCtl_delay                   
0     0000022b  ___cinit__                      
0     0000022b  cinit                           
0     00000294  _Device_init                    
0     000002d0  _Device_enableAllPeripherals    
0     0000039e  _Device_initGPIO                
0     000003dc  ___error__                      
0     00000bd0  ___TI_printfi                   
0     000080ff  _InitTerm                       
0     0000813a  _Message                        
0     0000814c  _ClearTerm                      
0     00008151  _Error                          
0     00008175  _GetCmd                         
0     000081c7  _TrimSpace                      
0     00008205  _Report                         
0     00008318  _InitSPI                        
0     00008374  _spi_read                       
0     000083a9  _MAX31855_readCelsius           
0     000083e8  _MAX31855_readFarenheit         
0     000083ff  _MAX31855_readInternal          
0     00008427  _free                           
0     0000846b  _minit                          
0     00008490  _malloc                         
0     000084ee  _realloc                        
0     000085a2  _max_free                       
0     000085c4  _free_memory                    
0     000085e2  _chkheap                        
0     000085e4  _calloc                         
0     000085fb  LL$$DIV                         
0     00008637  LL$$MOD                         
0     00008671  ULL$$DIV                        
0     000086a0  ULL$$MOD                        
0     00008702  _SysCtl_setClock                
0     000087b5  _SCI_clearInterruptStatus       
0     000087fb  _strcpy                         
0     00008800  _ldexpl                         
0     00008800  _scalbnl                        
0     000088ae  _SysCtl_isPLLValid              
0     00008955  FD$$ADD                         
0     000089f1  FD$$DIV                         
0     00008a7c  FS$$DIV                         
0     00008b04  FD$$MPY                         
0     00008b87  _SysCtl_getClock                
0     00008c53  _SPI_setConfig                  
0     00008caf  _frexpl                         
0     00008d09  _vsnprintf                      
0     00008d61  _SysCtl_selectOscSource         
0     00008db7  _c_int00                        
0     00008e0d  _Interrupt_initModule           
0     00008e61  _GPIO_setPadConfig              
0     00008eb3  _SCI_setConfig                  
0     00008ef3  _GPIO_setPinConfig              
0     00008f30  _GPIO_setMasterCore             
0     00008f68  _GPIO_setQualificationMode      
0     00008fa0  _GPIO_setDirectionMode          
0     00008fd1  FD$$CMP                         
0     00008fff  __system_post_cinit             
0     00009000  _atoi                           
0     00009031  _ltoa                           
0     00009061  L$$DIV                          
0     00009070  L$$MOD                          
0     0000907e  UL$$DIV                         
0     00009085  UL$$MOD                         
0     0000908b  C$$EXIT                         
0     0000908b  _abort                          
0     0000908d  _exit                           
0     000090d9  _copysignl                      
0     000090fe  _SysCtl_selectXTAL              
0     00009122  _copy_in                        
0     00009168  FD$$TOI                         
0     00009189  _Interrupt_initVectorTable      
0     000091a9  _main                           
0     000091e8  FD$$TOL                         
0     00009207  LL$$CMP                         
0     00009219  ULL$$CMP                        
0     00009225  I$$TOFD                         
0     00009242  _memcpy                         
0     0000925f  FS$$TOFD                        
0     0000927b  L$$TOFD                         
0     00009297  _memmove                        
0     000092b2  _SysCtl_getLowSpeedClock        
0     000092cc  _SysCtl_selectXTALSingleEnded   
0     00009318  __args_main                     
0     00009331  LL$$AND                         
0     00009339  LL$$OR                          
0     00009341  LL$$XOR                         
0     0000945b  FD$$SUB                         
0     00009476  _memccpy                        
0     00009483  _memset                         
0     0000948f  _strchr                         
0     000094a6  __register_unlock               
0     000094aa  __register_lock                 
0     000094ae  __nop                           
0     000094af  FD$$NEG                         
0     000094b8  _wcslen                         
0     000094c1  _strlen                         
0     000094d0  __system_pre_init               
1     00000400  __stack                         
1     00000500  __STACK_END                     
1     0000a800  __ctypes_                       
1     0000ae9c  __sys_memory                    
1     0000aef4  ___TI_enable_exit_profile_output
1     0000aef6  ___TI_cleanup_ptr               
1     0000aef8  ___TI_dtors_ptr                 
1     0000aefa  _ilen                           
1     0000aefe  __lock                          
1     0000af00  __unlock                        
1     0000af02  _errno                          
abs   00000050  __SYSMEM_SIZE                   
abs   00000100  __STACK_SIZE                    
abs   ffffffff  .text                           
abs   ffffffff  ___TI_pprof_out_hndl            
abs   ffffffff  ___TI_prof_data_size            
abs   ffffffff  ___TI_prof_data_start           
abs   ffffffff  ___binit__                      
abs   ffffffff  ___c_args__                     
abs   ffffffff  ___etext__                      
abs   ffffffff  ___pinit__                      
abs   ffffffff  ___text__                       
abs   ffffffff  binit                           
abs   ffffffff  etext                           
abs   ffffffff  pinit                           

[124 symbols]
