******************************************************************************
             TMS320C2000 Linker PC v18.1.4                     
******************************************************************************
>> Linked Wed Apr 10 12:39:28 2019

OUTPUT FILE NAME:   <v4.out>
ENTRY POINT SYMBOL: "code_start"  address: 00080000


MEMORY CONFIGURATION

         name            origin    length      used     unused   attr    fill
----------------------  --------  ---------  --------  --------  ----  --------
PAGE 0:
  RAMM0                 000000f5   0000030b  00000000  0000030b  RWIX
  RAMLS0                00008000   00000800  00000136  000006ca  RWIX
  RAMLS1                00008800   00000800  00000000  00000800  RWIX
  RAMLS2                00009000   00000800  00000000  00000800  RWIX
  RAMLS3                00009800   00000800  00000000  00000800  RWIX
  RAMLS4                0000a000   00000800  00000000  00000800  RWIX
  BEGIN                 00080000   00000002  00000002  00000000  RWIX
  FLASH_BANK0_SEC0      00080002   00000ffe  00000000  00000ffe  RWIX
  FLASH_BANK0_SEC1      00081000   00001000  00000ffc  00000004  RWIX
  FLASH_BANK0_SEC2      00082000   00001000  00001000  00000000  RWIX
  FLASH_BANK0_SEC3      00083000   00001000  00000651  000009af  RWIX
  FLASH_BANK0_SEC4      00084000   00001000  000006b6  0000094a  RWIX
  FLASH_BANK0_SEC5      00085000   00001000  00000000  00001000  RWIX
  FLASH_BANK0_SEC6      00086000   00001000  00000000  00001000  RWIX
  FLASH_BANK0_SEC7      00087000   00001000  00000000  00001000  RWIX
  FLASH_BANK0_SEC8      00088000   00001000  00000000  00001000  RWIX
  FLASH_BANK0_SEC9      00089000   00001000  00000000  00001000  RWIX
  FLASH_BANK0_SEC10     0008a000   00001000  00000000  00001000  RWIX
  FLASH_BANK0_SEC11     0008b000   00001000  00000000  00001000  RWIX
  FLASH_BANK0_SEC12     0008c000   00001000  00000000  00001000  RWIX
  FLASH_BANK0_SEC13     0008d000   00001000  00000000  00001000  RWIX
  FLASH_BANK0_SEC14     0008e000   00001000  00000000  00001000  RWIX
  FLASH_BANK0_SEC15     0008f000   00001000  00000000  00001000  RWIX
  FLASH_BANK1_SEC0      00090000   00001000  00000000  00001000  RWIX
  FLASH_BANK1_SEC1      00091000   00001000  00000000  00001000  RWIX
  FLASH_BANK1_SEC2      00092000   00001000  00000000  00001000  RWIX
  FLASH_BANK1_SEC3      00093000   00001000  00000000  00001000  RWIX
  FLASH_BANK1_SEC4      00094000   00001000  00000000  00001000  RWIX
  FLASH_BANK1_SEC5      00095000   00001000  00000000  00001000  RWIX
  FLASH_BANK1_SEC6      00096000   00001000  00000000  00001000  RWIX
  FLASH_BANK1_SEC7      00097000   00001000  00000000  00001000  RWIX
  FLASH_BANK1_SEC8      00098000   00001000  00000000  00001000  RWIX
  FLASH_BANK1_SEC9      00099000   00001000  00000000  00001000  RWIX
  FLASH_BANK1_SEC10     0009a000   00001000  00000000  00001000  RWIX
  FLASH_BANK1_SEC11     0009b000   00001000  00000000  00001000  RWIX
  FLASH_BANK1_SEC12     0009c000   00001000  00000000  00001000  RWIX
  FLASH_BANK1_SEC13     0009d000   00001000  00000000  00001000  RWIX
  FLASH_BANK1_SEC14     0009e000   00001000  00000000  00001000  RWIX
  FLASH_BANK1_SEC15     0009f000   00001000  00000000  00001000  RWIX
  RESET                 003fffc0   00000002  00000000  00000002  RWIX

PAGE 1:
  BOOT_RSVD             00000002   000000f3  00000000  000000f3  RWIX
  RAMM1                 00000400   00000400  00000100  00000300  RWIX
  RAMLS5                0000a800   00000800  00000067  00000799  RWIX
  RAMLS6                0000b000   00000800  00000000  00000800  RWIX
  RAMLS7                0000b800   00000800  00000000  00000800  RWIX
  RAMGS0                0000c000   00002000  00000000  00002000  RWIX
  RAMGS1                0000e000   00002000  00000000  00002000  RWIX
  RAMGS2                00010000   00002000  00000000  00002000  RWIX
  RAMGS3                00012000   00002000  00000000  00002000  RWIX


SECTION ALLOCATION MAP

 output                                  attributes/
section   page    origin      length       input sections
--------  ----  ----------  ----------   ----------------
codestart 
*          0    00080000    00000002     
                  00080000    00000002     f28004x_codestartbranch.obj (codestart)

.cinit     0    00081138    00000026     
                  00081138    0000000e     rts2800_fpu32.lib : exit.c.obj (.cinit)
                  00081146    00000005                       : _lock.c.obj (.cinit:__lock)
                  0008114b    00000005                       : _lock.c.obj (.cinit:__unlock)
                  00081150    00000004                       : errno.c.obj (.cinit)
                  00081154    00000004                       : memory.c.obj (.cinit)
                  00081158    00000004     uart_if.obj (.cinit)
                  0008115c    00000002     --HOLE-- [fill = 0]

.pinit     0    00081000    00000000     UNINITIALIZED

.reset     0    003fffc0    00000002     DSECT
                  003fffc0    00000002     rts2800_fpu32.lib : boot28.asm.obj (.reset)

.econst    0    00084000    000006b6     
                  00084000    00000101     rts2800_fpu32.lib : ctype.c.obj (.econst:.string:__ctypes_)
                  00084101    00000001     --HOLE-- [fill = 0]
                  00084102    000000ca     MAX31855.obj (.econst:.string)
                  000841cc    000000af     driverlib.lib : flash.obj (.econst:.string)
                  0008427b    00000001     --HOLE-- [fill = 0]
                  0008427c    000000ae                   : sysctl.obj (.econst:.string)
                  0008432a    000000ac                   : gpio.obj (.econst:.string)
                  000843d6    000000ab                   : sci.obj (.econst:.string)
                  00084481    00000001     --HOLE-- [fill = 0]
                  00084482    0000009a     main.obj (.econst:.string)
                  0008451c    0000006e     uart_if.obj (.econst:.string)
                  0008458a    0000005b     driverlib.lib : interrupt.obj (.econst:.string)
                  000845e5    00000001     --HOLE-- [fill = 0]
                  000845e6    00000055                   : spi.obj (.econst:.string)
                  0008463b    00000001     --HOLE-- [fill = 0]
                  0008463c    00000026     rts2800_fpu32.lib : _printfi.c.obj (.econst:.string)
                  00084662    0000001c                       : _printfi.c.obj (.econst)
                  0008467e    0000001c                       : s_scalbn.c.obj (.econst)
                  0008469a    00000013     device.obj (.econst:.string)
                  000846ad    00000001     --HOLE-- [fill = 0]
                  000846ae    00000008     rts2800_fpu32.lib : s_frexp.c.obj (.econst)

.stack     1    00000400    00000100     UNINITIALIZED
                  00000400    00000100     --HOLE--

.esysmem   1    0000a800    00000050     UNINITIALIZED
                  0000a800    00000001     rts2800_fpu32.lib : memory.c.obj (.esysmem)
                  0000a801    0000004f     --HOLE--

.ebss      1    0000a850    00000017     UNINITIALIZED
                  0000a850    00000008     rts2800_fpu32.lib : memory.c.obj (.ebss)
                  0000a858    00000006                       : exit.c.obj (.ebss)
                  0000a85e    00000004     uart_if.obj (.ebss)
                  0000a862    00000002     rts2800_fpu32.lib : _lock.c.obj (.ebss:__lock)
                  0000a864    00000002                       : _lock.c.obj (.ebss:__unlock)
                  0000a866    00000001                       : errno.c.obj (.ebss)

.TI.ramfunc 
*          0    00081000    00000136     RUN ADDR = 00008000
                  00081000    00000044     driverlib.lib : flash.obj (.TI.ramfunc:_Flash_initModule)
                  00081044    00000032                   : flash.obj (.TI.ramfunc:_Flash_setBankPowerMode)
                  00081076    00000026                   : flash.obj (.TI.ramfunc:_Flash_setWaitstates)
                  0008109c    0000001f                   : flash.obj (.TI.ramfunc:_Flash_setPumpPowerMode)
                  000810bb    00000018                   : flash.obj (.TI.ramfunc:_Flash_disableCache)
                  000810d3    00000018                   : flash.obj (.TI.ramfunc:_Flash_disablePrefetch)
                  000810eb    00000018                   : flash.obj (.TI.ramfunc:_Flash_enableCache)
                  00081103    00000018                   : flash.obj (.TI.ramfunc:_Flash_enablePrefetch)
                  0008111b    00000017                   : flash.obj (.TI.ramfunc:_Flash_enableECC)
                  00081132    00000004                   : sysctl.obj (.TI.ramfunc)

.text.1    0    00081160    00000ea0     
                  00081160    00000d6f     rts2800_fpu32.lib : _printfi.c.obj (.text)
                  00081ecf    00000107                       : ll_div28.asm.obj (.text)
                  00081fd6    0000002a                       : fd_cmp28.asm.obj (.text)

.text.2    0    00082000    00001000     
                  00082000    00000242     uart_if.obj (.text)
                  00082242    000001eb     MAX31855.obj (.text)
                  0008242d    000001d4     rts2800_fpu32.lib : memory.c.obj (.text)
                  00082601    0000019b     device.obj (.text)
                  0008279c    0000019a     main.obj (.text)
                  00082936    000000b3     driverlib.lib : sysctl.obj (.text:_SysCtl_setClock)
                  000829e9    000000ae     rts2800_fpu32.lib : s_scalbn.c.obj (.text)
                  00082a97    000000a7     driverlib.lib : sysctl.obj (.text:_SysCtl_isPLLValid)
                  00082b3e    0000009c     rts2800_fpu32.lib : fd_add28.asm.obj (.text)
                  00082bda    0000008b                       : fd_div28.asm.obj (.text)
                  00082c65    00000083                       : fd_mpy28.asm.obj (.text)
                  00082ce8    0000006e     driverlib.lib : sysctl.obj (.text:_SysCtl_getClock)
                  00082d56    0000005e                   : sysctl.obj (.text:_DCC_setCounterSeeds)
                  00082db4    0000005c                   : spi.obj (.text:_SPI_setConfig)
                  00082e10    0000005a     rts2800_fpu32.lib : s_frexp.c.obj (.text)
                  00082e6a    00000058                       : vsnprintf.c.obj (.text)
                  00082ec2    00000056     driverlib.lib : sysctl.obj (.text:_SysCtl_selectOscSource)
                  00082f18    00000056     rts2800_fpu32.lib : boot28.asm.obj (.text)
                  00082f6e    00000054     driverlib.lib : interrupt.obj (.text:_Interrupt_initModule)
                  00082fc2    0000003d                   : gpio.obj (.text:_GPIO_setPinConfig)
                  00082fff    00000001     rts2800_fpu32.lib : startup.c.obj (.text)

.text.3    0    00083000    00000651     
                  00083000    00000052     driverlib.lib : gpio.obj (.text:_GPIO_setPadConfig)
                  00083052    00000046                   : sci.obj (.text:_SCI_clearInterruptStatus)
                  00083098    00000040                   : sci.obj (.text:_SCI_setConfig)
                  000830d8    00000038                   : gpio.obj (.text:_GPIO_setMasterCore)
                  00083110    00000038                   : gpio.obj (.text:_GPIO_setQualificationMode)
                  00083148    00000031                   : gpio.obj (.text:_GPIO_setDirectionMode)
                  00083179    00000031     rts2800_fpu32.lib : atoi.c.obj (.text)
                  000831aa    00000030                       : ltoa.c.obj (.text)
                  000831da    0000002a                       : l_div28.asm.obj (.text)
                  00083204    00000029                       : exit.c.obj (.text)
                  0008322d    00000025     driverlib.lib : sysctl.obj (.text:_DCC_enableSingleShotMode)
                  00083252    00000025     rts2800_fpu32.lib : s_copysign.c.obj (.text)
                  00083277    00000024     driverlib.lib : sysctl.obj (.text:_SysCtl_selectXTAL)
                  0008329b    00000024     rts2800_fpu32.lib : cpy_tbl.c.obj (.text)
                  000832bf    00000022     driverlib.lib : sysctl.obj (.text:_SysCtl_pollX1Counter)
                  000832e1    00000021     rts2800_fpu32.lib : fd_toi28.asm.obj (.text)
                  00083302    00000020     driverlib.lib : interrupt.obj (.text:_Interrupt_initVectorTable)
                  00083322    0000001f                   : sysctl.obj (.text:_DCC_setCounter1ClkSource)
                  00083341    0000001f     rts2800_fpu32.lib : fd_tol28.asm.obj (.text)
                  00083360    0000001e                       : ll_cmp28.asm.obj (.text)
                  0008337e    0000001d     driverlib.lib : sysctl.obj (.text:_DCC_setCounter0ClkSource)
                  0008339b    0000001d     rts2800_fpu32.lib : i_tofd28.asm.obj (.text)
                  000833b8    0000001d                       : memcpy.c.obj (.text)
                  000833d5    0000001c                       : fs_tofdfpu32.asm.obj (.text)
                  000833f1    0000001c                       : l_tofd28.asm.obj (.text)
                  0008340d    0000001b                       : memmov.c.obj (.text)
                  00083428    0000001a     driverlib.lib : sysctl.obj (.text:_SysCtl_getLowSpeedClock)
                  00083442    0000001a                   : sysctl.obj (.text:_SysCtl_selectXTALSingleEnded)
                  0008345c    00000019                   : sci.obj (.text:_SCI_disableModule)
                  00083475    00000019                   : sci.obj (.text:_SCI_performSoftwareReset)
                  0008348e    00000019     rts2800_fpu32.lib : args_main.c.obj (.text)
                  000834a7    00000018                       : ll_aox28.asm.obj (.text)
                  000834bf    00000017     driverlib.lib : sysctl.obj (.text:_DCC_enableDoneSignal)
                  000834d6    00000017                   : sysctl.obj (.text:_SysCtl_enablePeripheral)
                  000834ed    00000016                   : sysctl.obj (.text:_DCC_disableErrorSignal)
                  00083503    00000016                   : sysctl.obj (.text:_DCC_enableErrorSignal)
                  00083519    00000015                   : sci.obj (.text:_SCI_isBaseValid)
                  0008352e    00000015                   : spi.obj (.text:_SPI_isBaseValid)
                  00083543    00000014                   : sysctl.obj (.text:_DCC_disableModule)
                  00083557    00000014                   : sysctl.obj (.text:_DCC_enableModule)
                  0008356b    00000014                   : gpio.obj (.text:_GPIO_isPinValid)
                  0008357f    00000014                   : sci.obj (.text:_SCI_enableModule)
                  00083593    00000010                   : sysctl.obj (.text:_DCC_isBaseValid)
                  000835a3    00000010                   : flash.obj (.text:_Flash_isCtrlBaseValid)
                  000835b3    00000010                   : flash.obj (.text:_Flash_isECCBaseValid)
                  000835c3    0000000e                   : interrupt.obj (.text:_Interrupt_defaultHandler)
                  000835d1    0000000e     rts2800_fpu32.lib : fd_sub28.asm.obj (.text)
                  000835df    0000000d     driverlib.lib : interrupt.obj (.text:_Interrupt_disableMaster)
                  000835ec    0000000d     rts2800_fpu32.lib : memccpy.c.obj (.text)
                  000835f9    0000000c                       : memset.c.obj (.text)
                  00083605    0000000c                       : strchr.c.obj (.text)
                  00083611    0000000b     driverlib.lib : sysctl.obj (.text:_SysCtl_isMCDClockFailureDetected)
                  0008361c    00000009     rts2800_fpu32.lib : _lock.c.obj (.text)
                  00083625    00000009                       : fd_neg28.asm.obj (.text)
                  0008362e    00000009                       : wcslen.c.obj (.text)
                  00083637    00000008                       : strlen.c.obj (.text)
                  0008363f    00000007     driverlib.lib : sysctl.obj (.text:_SysCtl_resetMCD)
                  00083646    00000005     rts2800_fpu32.lib : strcpy.c.obj (.text)
                  0008364b    00000002     driverlib.lib : interrupt.obj (.text:_Interrupt_illegalOperationHandler)
                  0008364d    00000002                   : interrupt.obj (.text:_Interrupt_nmiHandler)
                  0008364f    00000002     rts2800_fpu32.lib : pre_init.c.obj (.text)

MODULE SUMMARY

       Module                        code    initialized data   uninitialized data
       ------                        ----    ----------------   ------------------
    .\
       uart_if.obj                   578     114                4                 
       MAX31855.obj                  491     202                0                 
       main.obj                      410     154                0                 
    +--+-----------------------------+-------+------------------+--------------------+
       Total:                        1479    470                4                 
                                                                                  
    .\device\
       device.obj                    411     19                 0                 
       f28004x_codestartbranch.obj   2       0                  0                 
    +--+-----------------------------+-------+------------------+--------------------+
       Total:                        413     19                 0                 
                                                                                  
    ../driverlib.lib
       sysctl.obj                    1027    174                0                 
       flash.obj                     644     175                0                 
       gpio.obj                      324     172                0                 
       sci.obj                       225     171                0                 
       interrupt.obj                 147     91                 0                 
       spi.obj                       113     85                 0                 
    +--+-----------------------------+-------+------------------+--------------------+
       Total:                        2480    868                0                 
                                                                                  
    C:\ti\ccsv8\tools\compiler\ti-cgt-c2000_18.1.4.LTS\lib\rts2800_fpu32.lib
       _printfi.c.obj                3439    66                 0                 
       memory.c.obj                  468     4                  8                 
       ll_div28.asm.obj              263     0                  0                 
       ctype.c.obj                   0       257                0                 
       s_scalbn.c.obj                174     28                 0                 
       fd_add28.asm.obj              156     0                  0                 
       fd_div28.asm.obj              139     0                  0                 
       fd_mpy28.asm.obj              131     0                  0                 
       s_frexp.c.obj                 90      8                  0                 
       vsnprintf.c.obj               88      0                  0                 
       boot28.asm.obj                86      0                  0                 
       exit.c.obj                    41      14                 6                 
       atoi.c.obj                    49      0                  0                 
       ltoa.c.obj                    48      0                  0                 
       fd_cmp28.asm.obj              42      0                  0                 
       l_div28.asm.obj               42      0                  0                 
       s_copysign.c.obj              37      0                  0                 
       cpy_tbl.c.obj                 36      0                  0                 
       fd_toi28.asm.obj              33      0                  0                 
       fd_tol28.asm.obj              31      0                  0                 
       ll_cmp28.asm.obj              30      0                  0                 
       i_tofd28.asm.obj              29      0                  0                 
       memcpy.c.obj                  29      0                  0                 
       fs_tofdfpu32.asm.obj          28      0                  0                 
       l_tofd28.asm.obj              28      0                  0                 
       memmov.c.obj                  27      0                  0                 
       args_main.c.obj               25      0                  0                 
       ll_aox28.asm.obj              24      0                  0                 
       _lock.c.obj                   9       10                 4                 
       fd_sub28.asm.obj              14      0                  0                 
       memccpy.c.obj                 13      0                  0                 
       memset.c.obj                  12      0                  0                 
       strchr.c.obj                  12      0                  0                 
       fd_neg28.asm.obj              9       0                  0                 
       wcslen.c.obj                  9       0                  0                 
       strlen.c.obj                  8       0                  0                 
       errno.c.obj                   0       4                  1                 
       strcpy.c.obj                  5       0                  0                 
       pre_init.c.obj                2       0                  0                 
       startup.c.obj                 1       0                  0                 
    +--+-----------------------------+-------+------------------+--------------------+
       Total:                        5707    391                19                
                                                                                  
       Heap:                         0       0                  80                
       Stack:                        0       0                  256               
    +--+-----------------------------+-------+------------------+--------------------+
       Grand Total:                  10079   1748               359               


GLOBAL DATA SYMBOLS: SORTED BY DATA PAGE

address     data page           name
--------    ----------------    ----
00000400      10 (00000400)     __stack

0000a800     2a0 (0000a800)     __sys_memory

0000a858     2a1 (0000a840)     ___TI_enable_exit_profile_output
0000a85a     2a1 (0000a840)     ___TI_cleanup_ptr
0000a85c     2a1 (0000a840)     ___TI_dtors_ptr
0000a85e     2a1 (0000a840)     _ilen
0000a862     2a1 (0000a840)     __lock
0000a864     2a1 (0000a840)     __unlock
0000a866     2a1 (0000a840)     _errno

00084000    2100 (00084000)     __ctypes_


GLOBAL SYMBOLS: SORTED ALPHABETICALLY BY Name 

page  address   name                            
----  -------   ----                            
abs   ffffffff  .text                           
0     00083204  C$$EXIT                         
0     00082b3e  FD$$ADD                         
0     00081fd6  FD$$CMP                         
0     00082bda  FD$$DIV                         
0     00082c65  FD$$MPY                         
0     00083625  FD$$NEG                         
0     000835d1  FD$$SUB                         
0     000832e1  FD$$TOI                         
0     00083341  FD$$TOL                         
0     000833d5  FS$$TOFD                        
0     0008339b  I$$TOFD                         
0     000831da  L$$DIV                          
0     000831e9  L$$MOD                          
0     000833f1  L$$TOFD                         
0     000834a7  LL$$AND                         
0     00083360  LL$$CMP                         
0     00081ecf  LL$$DIV                         
0     00081f0b  LL$$MOD                         
0     000834af  LL$$OR                          
0     000834b7  LL$$XOR                         
0     000831f7  UL$$DIV                         
0     000831fe  UL$$MOD                         
0     00083372  ULL$$CMP                        
0     00081f45  ULL$$DIV                        
0     00081f74  ULL$$MOD                        
0     0008214c  _ClearTerm                      
0     00082689  _Device_enableAllPeripherals    
0     00082643  _Device_init                    
0     00082757  _Device_initGPIO                
0     00082151  _Error                          
0     00008000  _Flash_initModule               
0     00083148  _GPIO_setDirectionMode          
0     000830d8  _GPIO_setMasterCore             
0     00083000  _GPIO_setPadConfig              
0     00082fc2  _GPIO_setPinConfig              
0     00083110  _GPIO_setQualificationMode      
0     00082175  _GetCmd                         
0     00082318  _InitSPI                        
0     000820ff  _InitTerm                       
0     00082f6e  _Interrupt_initModule           
0     00083302  _Interrupt_initVectorTable      
0     000823a9  _MAX31855_readCelsius           
0     000823e8  _MAX31855_readFarenheit         
0     00082405  _MAX31855_readInternal          
0     0008213a  _Message                        
0     00081136  _RamfuncsLoadEnd                
abs   00000136  _RamfuncsLoadSize               
0     00081000  _RamfuncsLoadStart              
0     00008136  _RamfuncsRunEnd                 
abs   00000136  _RamfuncsRunSize                
0     00008000  _RamfuncsRunStart               
0     00082205  _Report                         
0     00083052  _SCI_clearInterruptStatus       
0     00083098  _SCI_setConfig                  
0     00082db4  _SPI_setConfig                  
0     00008132  _SysCtl_delay                   
0     00082ce8  _SysCtl_getClock                
0     00083428  _SysCtl_getLowSpeedClock        
0     00082a97  _SysCtl_isPLLValid              
0     00082ec2  _SysCtl_selectOscSource         
0     00083277  _SysCtl_selectXTAL              
0     00083442  _SysCtl_selectXTALSingleEnded   
0     00082936  _SysCtl_setClock                
0     000821c7  _TrimSpace                      
1     00000500  __STACK_END                     
abs   00000100  __STACK_SIZE                    
abs   00000050  __SYSMEM_SIZE                   
1     0000a85a  ___TI_cleanup_ptr               
1     0000a85c  ___TI_dtors_ptr                 
1     0000a858  ___TI_enable_exit_profile_output
abs   ffffffff  ___TI_pprof_out_hndl            
0     00081d30  ___TI_printfi                   
abs   ffffffff  ___TI_prof_data_size            
abs   ffffffff  ___TI_prof_data_start           
abs   ffffffff  ___binit__                      
abs   ffffffff  ___c_args__                     
0     00081138  ___cinit__                      
0     00082795  ___error__                      
abs   ffffffff  ___etext__                      
abs   ffffffff  ___pinit__                      
abs   ffffffff  ___text__                       
0     0008348e  __args_main                     
0     00084000  __ctypes_                       
1     0000a862  __lock                          
0     00083624  __nop                           
0     00083620  __register_lock                 
0     0008361c  __register_unlock               
1     00000400  __stack                         
1     0000a800  __sys_memory                    
0     00082fff  __system_post_cinit             
0     0008364f  __system_pre_init               
1     0000a864  __unlock                        
0     00083204  _abort                          
0     00083179  _atoi                           
0     00082f18  _c_int00                        
0     000825ea  _calloc                         
0     000825e8  _chkheap                        
0     0008329b  _copy_in                        
0     00083252  _copysignl                      
1     0000a866  _errno                          
0     00083206  _exit                           
0     0008242d  _free                           
0     000825ca  _free_memory                    
0     00082e10  _frexpl                         
1     0000a85e  _ilen                           
0     000828c1  _initEPWM1                      
0     000829e9  _ldexpl                         
0     000831aa  _ltoa                           
0     00082903  _main                           
0     00082496  _malloc                         
0     000825a8  _max_free                       
0     000835ec  _memccpy                        
0     000833b8  _memcpy                         
0     0008340d  _memmove                        
0     000835f9  _memset                         
0     00082471  _minit                          
0     000824f4  _realloc                        
0     000829e9  _scalbnl                        
0     00082374  _spi_read                       
0     00083605  _strchr                         
0     00083646  _strcpy                         
0     00083637  _strlen                         
0     00082e6a  _vsnprintf                      
0     0008362e  _wcslen                         
abs   ffffffff  binit                           
0     00081138  cinit                           
0     00080000  code_start                      
abs   ffffffff  etext                           
abs   ffffffff  pinit                           


GLOBAL SYMBOLS: SORTED BY Symbol Address 

page  address   name                            
----  -------   ----                            
0     00008000  _Flash_initModule               
0     00008000  _RamfuncsRunStart               
0     00008132  _SysCtl_delay                   
0     00008136  _RamfuncsRunEnd                 
0     00080000  code_start                      
0     00081000  _RamfuncsLoadStart              
0     00081136  _RamfuncsLoadEnd                
0     00081138  ___cinit__                      
0     00081138  cinit                           
0     00081d30  ___TI_printfi                   
0     00081ecf  LL$$DIV                         
0     00081f0b  LL$$MOD                         
0     00081f45  ULL$$DIV                        
0     00081f74  ULL$$MOD                        
0     00081fd6  FD$$CMP                         
0     000820ff  _InitTerm                       
0     0008213a  _Message                        
0     0008214c  _ClearTerm                      
0     00082151  _Error                          
0     00082175  _GetCmd                         
0     000821c7  _TrimSpace                      
0     00082205  _Report                         
0     00082318  _InitSPI                        
0     00082374  _spi_read                       
0     000823a9  _MAX31855_readCelsius           
0     000823e8  _MAX31855_readFarenheit         
0     00082405  _MAX31855_readInternal          
0     0008242d  _free                           
0     00082471  _minit                          
0     00082496  _malloc                         
0     000824f4  _realloc                        
0     000825a8  _max_free                       
0     000825ca  _free_memory                    
0     000825e8  _chkheap                        
0     000825ea  _calloc                         
0     00082643  _Device_init                    
0     00082689  _Device_enableAllPeripherals    
0     00082757  _Device_initGPIO                
0     00082795  ___error__                      
0     000828c1  _initEPWM1                      
0     00082903  _main                           
0     00082936  _SysCtl_setClock                
0     000829e9  _ldexpl                         
0     000829e9  _scalbnl                        
0     00082a97  _SysCtl_isPLLValid              
0     00082b3e  FD$$ADD                         
0     00082bda  FD$$DIV                         
0     00082c65  FD$$MPY                         
0     00082ce8  _SysCtl_getClock                
0     00082db4  _SPI_setConfig                  
0     00082e10  _frexpl                         
0     00082e6a  _vsnprintf                      
0     00082ec2  _SysCtl_selectOscSource         
0     00082f18  _c_int00                        
0     00082f6e  _Interrupt_initModule           
0     00082fc2  _GPIO_setPinConfig              
0     00082fff  __system_post_cinit             
0     00083000  _GPIO_setPadConfig              
0     00083052  _SCI_clearInterruptStatus       
0     00083098  _SCI_setConfig                  
0     000830d8  _GPIO_setMasterCore             
0     00083110  _GPIO_setQualificationMode      
0     00083148  _GPIO_setDirectionMode          
0     00083179  _atoi                           
0     000831aa  _ltoa                           
0     000831da  L$$DIV                          
0     000831e9  L$$MOD                          
0     000831f7  UL$$DIV                         
0     000831fe  UL$$MOD                         
0     00083204  C$$EXIT                         
0     00083204  _abort                          
0     00083206  _exit                           
0     00083252  _copysignl                      
0     00083277  _SysCtl_selectXTAL              
0     0008329b  _copy_in                        
0     000832e1  FD$$TOI                         
0     00083302  _Interrupt_initVectorTable      
0     00083341  FD$$TOL                         
0     00083360  LL$$CMP                         
0     00083372  ULL$$CMP                        
0     0008339b  I$$TOFD                         
0     000833b8  _memcpy                         
0     000833d5  FS$$TOFD                        
0     000833f1  L$$TOFD                         
0     0008340d  _memmove                        
0     00083428  _SysCtl_getLowSpeedClock        
0     00083442  _SysCtl_selectXTALSingleEnded   
0     0008348e  __args_main                     
0     000834a7  LL$$AND                         
0     000834af  LL$$OR                          
0     000834b7  LL$$XOR                         
0     000835d1  FD$$SUB                         
0     000835ec  _memccpy                        
0     000835f9  _memset                         
0     00083605  _strchr                         
0     0008361c  __register_unlock               
0     00083620  __register_lock                 
0     00083624  __nop                           
0     00083625  FD$$NEG                         
0     0008362e  _wcslen                         
0     00083637  _strlen                         
0     00083646  _strcpy                         
0     0008364f  __system_pre_init               
0     00084000  __ctypes_                       
1     00000400  __stack                         
1     00000500  __STACK_END                     
1     0000a800  __sys_memory                    
1     0000a858  ___TI_enable_exit_profile_output
1     0000a85a  ___TI_cleanup_ptr               
1     0000a85c  ___TI_dtors_ptr                 
1     0000a85e  _ilen                           
1     0000a862  __lock                          
1     0000a864  __unlock                        
1     0000a866  _errno                          
abs   00000050  __SYSMEM_SIZE                   
abs   00000100  __STACK_SIZE                    
abs   00000136  _RamfuncsLoadSize               
abs   00000136  _RamfuncsRunSize                
abs   ffffffff  .text                           
abs   ffffffff  ___TI_pprof_out_hndl            
abs   ffffffff  ___TI_prof_data_size            
abs   ffffffff  ___TI_prof_data_start           
abs   ffffffff  ___binit__                      
abs   ffffffff  ___c_args__                     
abs   ffffffff  ___etext__                      
abs   ffffffff  ___pinit__                      
abs   ffffffff  ___text__                       
abs   ffffffff  binit                           
abs   ffffffff  etext                           
abs   ffffffff  pinit                           

[130 symbols]
