******************************************************************************
             TMS320C2000 Linker PC v18.1.4                     
******************************************************************************
>> Linked Sat Mar 16 17:50:58 2019

OUTPUT FILE NAME:   <v4_.out>
ENTRY POINT SYMBOL: "code_start"  address: 00080000


MEMORY CONFIGURATION

         name            origin    length      used     unused   attr    fill
----------------------  --------  ---------  --------  --------  ----  --------
PAGE 0:
  RAMM0                 000000f5   0000030b  00000000  0000030b  RWIX
  RAMLS0                00008000   00000800  00000136  000006ca  RWIX
  RAMLS1                00008800   00000800  00000000  00000800  RWIX
  RAMLS2                00009000   00000800  00000000  00000800  RWIX
  RAMLS3                00009800   00000800  00000000  00000800  RWIX
  RAMLS4                0000a000   00000800  00000000  00000800  RWIX
  BEGIN                 00080000   00000002  00000002  00000000  RWIX
  FLASH_BANK0_SEC0      00080002   00000ffe  00000000  00000ffe  RWIX
  FLASH_BANK0_SEC1      00081000   00001000  00000ffc  00000004  RWIX
  FLASH_BANK0_SEC2      00082000   00001000  00001000  00000000  RWIX
  FLASH_BANK0_SEC3      00083000   00001000  0000027b  00000d85  RWIX
  FLASH_BANK0_SEC4      00084000   00001000  0000054e  00000ab2  RWIX
  FLASH_BANK0_SEC5      00085000   00001000  00000000  00001000  RWIX
  FLASH_BANK0_SEC6      00086000   00001000  00000000  00001000  RWIX
  FLASH_BANK0_SEC7      00087000   00001000  00000000  00001000  RWIX
  FLASH_BANK0_SEC8      00088000   00001000  00000000  00001000  RWIX
  FLASH_BANK0_SEC9      00089000   00001000  00000000  00001000  RWIX
  FLASH_BANK0_SEC10     0008a000   00001000  00000000  00001000  RWIX
  FLASH_BANK0_SEC11     0008b000   00001000  00000000  00001000  RWIX
  FLASH_BANK0_SEC12     0008c000   00001000  00000000  00001000  RWIX
  FLASH_BANK0_SEC13     0008d000   00001000  00000000  00001000  RWIX
  FLASH_BANK0_SEC14     0008e000   00001000  00000000  00001000  RWIX
  FLASH_BANK0_SEC15     0008f000   00001000  00000000  00001000  RWIX
  FLASH_BANK1_SEC0      00090000   00001000  00000000  00001000  RWIX
  FLASH_BANK1_SEC1      00091000   00001000  00000000  00001000  RWIX
  FLASH_BANK1_SEC2      00092000   00001000  00000000  00001000  RWIX
  FLASH_BANK1_SEC3      00093000   00001000  00000000  00001000  RWIX
  FLASH_BANK1_SEC4      00094000   00001000  00000000  00001000  RWIX
  FLASH_BANK1_SEC5      00095000   00001000  00000000  00001000  RWIX
  FLASH_BANK1_SEC6      00096000   00001000  00000000  00001000  RWIX
  FLASH_BANK1_SEC7      00097000   00001000  00000000  00001000  RWIX
  FLASH_BANK1_SEC8      00098000   00001000  00000000  00001000  RWIX
  FLASH_BANK1_SEC9      00099000   00001000  00000000  00001000  RWIX
  FLASH_BANK1_SEC10     0009a000   00001000  00000000  00001000  RWIX
  FLASH_BANK1_SEC11     0009b000   00001000  00000000  00001000  RWIX
  FLASH_BANK1_SEC12     0009c000   00001000  00000000  00001000  RWIX
  FLASH_BANK1_SEC13     0009d000   00001000  00000000  00001000  RWIX
  FLASH_BANK1_SEC14     0009e000   00001000  00000000  00001000  RWIX
  FLASH_BANK1_SEC15     0009f000   00001000  00000000  00001000  RWIX
  RESET                 003fffc0   00000002  00000000  00000002  RWIX

PAGE 1:
  BOOT_RSVD             00000002   000000f3  00000000  000000f3  RWIX
  RAMM1                 00000400   00000400  00000100  00000300  RWIX
  RAMLS5                0000a800   00000800  00000068  00000798  RWIX
  RAMLS6                0000b000   00000800  00000000  00000800  RWIX
  RAMLS7                0000b800   00000800  00000000  00000800  RWIX
  RAMGS0                0000c000   00002000  00000000  00002000  RWIX
  RAMGS1                0000e000   00002000  00000000  00002000  RWIX
  RAMGS2                00010000   00002000  00000000  00002000  RWIX
  RAMGS3                00012000   00002000  00000000  00002000  RWIX


SECTION ALLOCATION MAP

 output                                  attributes/
section   page    origin      length       input sections
--------  ----  ----------  ----------   ----------------
codestart 
*          0    00080000    00000002     
                  00080000    00000002     f28004x_codestartbranch.obj (codestart)

.cinit     0    00081138    0000002a     
                  00081138    0000000e     rts2800_fpu32.lib : exit.c.obj (.cinit)
                  00081146    00000005                       : _lock.c.obj (.cinit:__lock)
                  0008114b    00000005                       : _lock.c.obj (.cinit:__unlock)
                  00081150    00000004     main.obj (.cinit)
                  00081154    00000004     rts2800_fpu32.lib : errno.c.obj (.cinit)
                  00081158    00000004                       : memory.c.obj (.cinit)
                  0008115c    00000004     uart_if.obj (.cinit)
                  00081160    00000002     --HOLE-- [fill = 0]

.pinit     0    00081000    00000000     UNINITIALIZED

.reset     0    003fffc0    00000002     DSECT
                  003fffc0    00000002     rts2800_fpu32.lib : boot28.asm.obj (.reset)

.econst    0    00084000    0000054e     
                  00084000    00000101     rts2800_fpu32.lib : ctype.c.obj (.econst:.string:__ctypes_)
                  00084101    00000001     --HOLE-- [fill = 0]
                  00084102    000000af     driverlib.lib : flash.obj (.econst:.string)
                  000841b1    00000001     --HOLE-- [fill = 0]
                  000841b2    000000ae                   : sysctl.obj (.econst:.string)
                  00084260    000000ac                   : gpio.obj (.econst:.string)
                  0008430c    000000ab                   : sci.obj (.econst:.string)
                  000843b7    00000001     --HOLE-- [fill = 0]
                  000843b8    0000006e     uart_if.obj (.econst:.string)
                  00084426    0000005b     driverlib.lib : interrupt.obj (.econst:.string)
                  00084481    00000001     --HOLE-- [fill = 0]
                  00084482    00000052     main.obj (.econst:.string)
                  000844d4    00000026     rts2800_fpu32.lib : _printfi.c.obj (.econst:.string)
                  000844fa    0000001c                       : _printfi.c.obj (.econst)
                  00084516    0000001c                       : s_scalbn.c.obj (.econst)
                  00084532    00000013     device.obj (.econst:.string)
                  00084545    00000001     --HOLE-- [fill = 0]
                  00084546    00000008     rts2800_fpu32.lib : s_frexp.c.obj (.econst)

.stack     1    00000400    00000100     UNINITIALIZED
                  00000400    00000100     --HOLE--

.esysmem   1    0000a800    00000050     UNINITIALIZED
                  0000a800    00000001     rts2800_fpu32.lib : memory.c.obj (.esysmem)
                  0000a801    0000004f     --HOLE--

.ebss      1    0000a850    00000018     UNINITIALIZED
                  0000a850    00000008     rts2800_fpu32.lib : memory.c.obj (.ebss)
                  0000a858    00000006                       : exit.c.obj (.ebss)
                  0000a85e    00000004     uart_if.obj (.ebss)
                  0000a862    00000002     rts2800_fpu32.lib : _lock.c.obj (.ebss:__lock)
                  0000a864    00000002                       : _lock.c.obj (.ebss:__unlock)
                  0000a866    00000001     main.obj (.ebss)
                  0000a867    00000001     rts2800_fpu32.lib : errno.c.obj (.ebss)

.TI.ramfunc 
*          0    00081000    00000136     RUN ADDR = 00008000
                  00081000    00000044     driverlib.lib : flash.obj (.TI.ramfunc:_Flash_initModule)
                  00081044    00000032                   : flash.obj (.TI.ramfunc:_Flash_setBankPowerMode)
                  00081076    00000026                   : flash.obj (.TI.ramfunc:_Flash_setWaitstates)
                  0008109c    0000001f                   : flash.obj (.TI.ramfunc:_Flash_setPumpPowerMode)
                  000810bb    00000018                   : flash.obj (.TI.ramfunc:_Flash_disableCache)
                  000810d3    00000018                   : flash.obj (.TI.ramfunc:_Flash_disablePrefetch)
                  000810eb    00000018                   : flash.obj (.TI.ramfunc:_Flash_enableCache)
                  00081103    00000018                   : flash.obj (.TI.ramfunc:_Flash_enablePrefetch)
                  0008111b    00000017                   : flash.obj (.TI.ramfunc:_Flash_enableECC)
                  00081132    00000004                   : sysctl.obj (.TI.ramfunc)

.text.1    0    00081164    00000e9c     
                  00081164    00000d6f     rts2800_fpu32.lib : _printfi.c.obj (.text)
                  00081ed3    00000107                       : ll_div28.asm.obj (.text)
                  00081fda    00000025     driverlib.lib : sysctl.obj (.text:_DCC_enableSingleShotMode)
                  00081fff    00000001     rts2800_fpu32.lib : startup.c.obj (.text)

.text.2    0    00082000    00001000     
                  00082000    00000242     uart_if.obj (.text)
                  00082242    000001d4     rts2800_fpu32.lib : memory.c.obj (.text)
                  00082416    0000019b     device.obj (.text)
                  000825b1    000000b3     driverlib.lib : sysctl.obj (.text:_SysCtl_setClock)
                  00082664    000000ae     rts2800_fpu32.lib : s_scalbn.c.obj (.text)
                  00082712    000000a7     driverlib.lib : sysctl.obj (.text:_SysCtl_isPLLValid)
                  000827b9    0000009c     rts2800_fpu32.lib : fd_add28.asm.obj (.text)
                  00082855    0000008b                       : fd_div28.asm.obj (.text)
                  000828e0    00000083                       : fd_mpy28.asm.obj (.text)
                  00082963    0000006e     driverlib.lib : sysctl.obj (.text:_SysCtl_getClock)
                  000829d1    0000005e                   : sysctl.obj (.text:_DCC_setCounterSeeds)
                  00082a2f    0000005a     rts2800_fpu32.lib : s_frexp.c.obj (.text)
                  00082a89    00000058                       : vsnprintf.c.obj (.text)
                  00082ae1    00000056     driverlib.lib : sysctl.obj (.text:_SysCtl_selectOscSource)
                  00082b37    00000056     rts2800_fpu32.lib : boot28.asm.obj (.text)
                  00082b8d    00000054     driverlib.lib : interrupt.obj (.text:_Interrupt_initModule)
                  00082be1    00000052                   : gpio.obj (.text:_GPIO_setPadConfig)
                  00082c33    00000046                   : sci.obj (.text:_SCI_clearInterruptStatus)
                  00082c79    00000040                   : sci.obj (.text:_SCI_setConfig)
                  00082cb9    0000003d                   : gpio.obj (.text:_GPIO_setPinConfig)
                  00082cf6    00000038                   : gpio.obj (.text:_GPIO_setMasterCore)
                  00082d2e    00000038                   : gpio.obj (.text:_GPIO_setQualificationMode)
                  00082d66    00000031                   : gpio.obj (.text:_GPIO_setDirectionMode)
                  00082d97    00000031     rts2800_fpu32.lib : atoi.c.obj (.text)
                  00082dc8    00000030                       : ltoa.c.obj (.text)
                  00082df8    0000002a                       : fd_cmp28.asm.obj (.text)
                  00082e22    0000002a                       : l_div28.asm.obj (.text)
                  00082e4c    00000029                       : exit.c.obj (.text)
                  00082e75    00000025                       : s_copysign.c.obj (.text)
                  00082e9a    00000024     driverlib.lib : sysctl.obj (.text:_SysCtl_selectXTAL)
                  00082ebe    00000024     rts2800_fpu32.lib : cpy_tbl.c.obj (.text)
                  00082ee2    00000022     driverlib.lib : sysctl.obj (.text:_SysCtl_pollX1Counter)
                  00082f04    00000021     rts2800_fpu32.lib : fd_toi28.asm.obj (.text)
                  00082f25    00000020     driverlib.lib : interrupt.obj (.text:_Interrupt_initVectorTable)
                  00082f45    0000001f                   : sysctl.obj (.text:_DCC_setCounter1ClkSource)
                  00082f64    0000001f     rts2800_fpu32.lib : fd_tol28.asm.obj (.text)
                  00082f83    0000001e                       : ll_cmp28.asm.obj (.text)
                  00082fa1    0000001d     driverlib.lib : sysctl.obj (.text:_DCC_setCounter0ClkSource)
                  00082fbe    0000001d     rts2800_fpu32.lib : i_tofd28.asm.obj (.text)
                  00082fdb    0000001d                       : memcpy.c.obj (.text)
                  00082ff8    00000008                       : strlen.c.obj (.text)

.text.3    0    00083000    0000027b     
                  00083000    0000001c     main.obj (.text)
                  0008301c    0000001c     rts2800_fpu32.lib : fs_tofdfpu32.asm.obj (.text)
                  00083038    0000001c                       : l_tofd28.asm.obj (.text)
                  00083054    0000001b                       : memmov.c.obj (.text)
                  0008306f    0000001a     driverlib.lib : sysctl.obj (.text:_SysCtl_getLowSpeedClock)
                  00083089    0000001a                   : sysctl.obj (.text:_SysCtl_selectXTALSingleEnded)
                  000830a3    00000019                   : sci.obj (.text:_SCI_disableModule)
                  000830bc    00000019                   : sci.obj (.text:_SCI_performSoftwareReset)
                  000830d5    00000019     rts2800_fpu32.lib : args_main.c.obj (.text)
                  000830ee    00000018                       : ll_aox28.asm.obj (.text)
                  00083106    00000017     driverlib.lib : sysctl.obj (.text:_DCC_enableDoneSignal)
                  0008311d    00000017                   : sysctl.obj (.text:_SysCtl_enablePeripheral)
                  00083134    00000016                   : sysctl.obj (.text:_DCC_disableErrorSignal)
                  0008314a    00000016                   : sysctl.obj (.text:_DCC_enableErrorSignal)
                  00083160    00000015                   : sci.obj (.text:_SCI_isBaseValid)
                  00083175    00000014                   : sysctl.obj (.text:_DCC_disableModule)
                  00083189    00000014                   : sysctl.obj (.text:_DCC_enableModule)
                  0008319d    00000014                   : gpio.obj (.text:_GPIO_isPinValid)
                  000831b1    00000014                   : sci.obj (.text:_SCI_enableModule)
                  000831c5    00000010                   : sysctl.obj (.text:_DCC_isBaseValid)
                  000831d5    00000010                   : flash.obj (.text:_Flash_isCtrlBaseValid)
                  000831e5    00000010                   : flash.obj (.text:_Flash_isECCBaseValid)
                  000831f5    0000000e                   : interrupt.obj (.text:_Interrupt_defaultHandler)
                  00083203    0000000e     rts2800_fpu32.lib : fd_sub28.asm.obj (.text)
                  00083211    0000000d     driverlib.lib : interrupt.obj (.text:_Interrupt_disableMaster)
                  0008321e    0000000d     rts2800_fpu32.lib : memccpy.c.obj (.text)
                  0008322b    0000000c                       : memset.c.obj (.text)
                  00083237    0000000c                       : strchr.c.obj (.text)
                  00083243    0000000b     driverlib.lib : sysctl.obj (.text:_SysCtl_isMCDClockFailureDetected)
                  0008324e    00000009     rts2800_fpu32.lib : _lock.c.obj (.text)
                  00083257    00000009                       : fd_neg28.asm.obj (.text)
                  00083260    00000009                       : wcslen.c.obj (.text)
                  00083269    00000007     driverlib.lib : sysctl.obj (.text:_SysCtl_resetMCD)
                  00083270    00000005     rts2800_fpu32.lib : strcpy.c.obj (.text)
                  00083275    00000002     driverlib.lib : interrupt.obj (.text:_Interrupt_illegalOperationHandler)
                  00083277    00000002                   : interrupt.obj (.text:_Interrupt_nmiHandler)
                  00083279    00000002     rts2800_fpu32.lib : pre_init.c.obj (.text)

MODULE SUMMARY

       Module                        code   initialized data   uninitialized data
       ------                        ----   ----------------   ------------------
    .\
       uart_if.obj                   578    114                4                 
       main.obj                      28     86                 1                 
    +--+-----------------------------+------+------------------+--------------------+
       Total:                        606    200                5                 
                                                                                 
    .\device\
       device.obj                    411    19                 0                 
       f28004x_codestartbranch.obj   2      0                  0                 
    +--+-----------------------------+------+------------------+--------------------+
       Total:                        413    19                 0                 
                                                                                 
    ../driverlib.lib
       sysctl.obj                    1027   174                0                 
       flash.obj                     644    175                0                 
       gpio.obj                      324    172                0                 
       sci.obj                       225    171                0                 
       interrupt.obj                 147    91                 0                 
    +--+-----------------------------+------+------------------+--------------------+
       Total:                        2367   783                0                 
                                                                                 
    C:\ti\ccsv8\tools\compiler\ti-cgt-c2000_18.1.4.LTS\lib\rts2800_fpu32.lib
       _printfi.c.obj                3439   66                 0                 
       memory.c.obj                  468    4                  8                 
       ll_div28.asm.obj              263    0                  0                 
       ctype.c.obj                   0      257                0                 
       s_scalbn.c.obj                174    28                 0                 
       fd_add28.asm.obj              156    0                  0                 
       fd_div28.asm.obj              139    0                  0                 
       fd_mpy28.asm.obj              131    0                  0                 
       s_frexp.c.obj                 90     8                  0                 
       vsnprintf.c.obj               88     0                  0                 
       boot28.asm.obj                86     0                  0                 
       exit.c.obj                    41     14                 6                 
       atoi.c.obj                    49     0                  0                 
       ltoa.c.obj                    48     0                  0                 
       fd_cmp28.asm.obj              42     0                  0                 
       l_div28.asm.obj               42     0                  0                 
       s_copysign.c.obj              37     0                  0                 
       cpy_tbl.c.obj                 36     0                  0                 
       fd_toi28.asm.obj              33     0                  0                 
       fd_tol28.asm.obj              31     0                  0                 
       ll_cmp28.asm.obj              30     0                  0                 
       i_tofd28.asm.obj              29     0                  0                 
       memcpy.c.obj                  29     0                  0                 
       fs_tofdfpu32.asm.obj          28     0                  0                 
       l_tofd28.asm.obj              28     0                  0                 
       memmov.c.obj                  27     0                  0                 
       args_main.c.obj               25     0                  0                 
       ll_aox28.asm.obj              24     0                  0                 
       _lock.c.obj                   9      10                 4                 
       fd_sub28.asm.obj              14     0                  0                 
       memccpy.c.obj                 13     0                  0                 
       memset.c.obj                  12     0                  0                 
       strchr.c.obj                  12     0                  0                 
       fd_neg28.asm.obj              9      0                  0                 
       wcslen.c.obj                  9      0                  0                 
       strlen.c.obj                  8      0                  0                 
       errno.c.obj                   0      4                  1                 
       strcpy.c.obj                  5      0                  0                 
       pre_init.c.obj                2      0                  0                 
       startup.c.obj                 1      0                  0                 
    +--+-----------------------------+------+------------------+--------------------+
       Total:                        5707   391                19                
                                                                                 
       Heap:                         0      0                  80                
       Stack:                        0      0                  256               
    +--+-----------------------------+------+------------------+--------------------+
       Grand Total:                  9093   1393               360               


GLOBAL DATA SYMBOLS: SORTED BY DATA PAGE

address     data page           name
--------    ----------------    ----
00000400      10 (00000400)     __stack

0000a800     2a0 (0000a800)     __sys_memory

0000a858     2a1 (0000a840)     ___TI_enable_exit_profile_output
0000a85a     2a1 (0000a840)     ___TI_cleanup_ptr
0000a85c     2a1 (0000a840)     ___TI_dtors_ptr
0000a85e     2a1 (0000a840)     _ilen
0000a862     2a1 (0000a840)     __lock
0000a864     2a1 (0000a840)     __unlock
0000a866     2a1 (0000a840)     _loopCounter
0000a867     2a1 (0000a840)     _errno

00084000    2100 (00084000)     __ctypes_


GLOBAL SYMBOLS: SORTED ALPHABETICALLY BY Name 

page  address   name                            
----  -------   ----                            
abs   ffffffff  .text                           
0     00082e4c  C$$EXIT                         
0     000827b9  FD$$ADD                         
0     00082df8  FD$$CMP                         
0     00082855  FD$$DIV                         
0     000828e0  FD$$MPY                         
0     00083257  FD$$NEG                         
0     00083203  FD$$SUB                         
0     00082f04  FD$$TOI                         
0     00082f64  FD$$TOL                         
0     0008301c  FS$$TOFD                        
0     00082fbe  I$$TOFD                         
0     00082e22  L$$DIV                          
0     00082e31  L$$MOD                          
0     00083038  L$$TOFD                         
0     000830ee  LL$$AND                         
0     00082f83  LL$$CMP                         
0     00081ed3  LL$$DIV                         
0     00081f0f  LL$$MOD                         
0     000830f6  LL$$OR                          
0     000830fe  LL$$XOR                         
0     00082e3f  UL$$DIV                         
0     00082e46  UL$$MOD                         
0     00082f95  ULL$$CMP                        
0     00081f49  ULL$$DIV                        
0     00081f78  ULL$$MOD                        
0     0008214c  _ClearTerm                      
0     0008249e  _Device_enableAllPeripherals    
0     00082458  _Device_init                    
0     0008256c  _Device_initGPIO                
0     00082151  _Error                          
0     00008000  _Flash_initModule               
0     00082d66  _GPIO_setDirectionMode          
0     00082cf6  _GPIO_setMasterCore             
0     00082be1  _GPIO_setPadConfig              
0     00082cb9  _GPIO_setPinConfig              
0     00082d2e  _GPIO_setQualificationMode      
0     00082175  _GetCmd                         
0     000820ff  _InitTerm                       
0     00082b8d  _Interrupt_initModule           
0     00082f25  _Interrupt_initVectorTable      
0     0008213a  _Message                        
0     00081136  _RamfuncsLoadEnd                
abs   00000136  _RamfuncsLoadSize               
0     00081000  _RamfuncsLoadStart              
0     00008136  _RamfuncsRunEnd                 
abs   00000136  _RamfuncsRunSize                
0     00008000  _RamfuncsRunStart               
0     00082205  _Report                         
0     00082c33  _SCI_clearInterruptStatus       
0     00082c79  _SCI_setConfig                  
0     00008132  _SysCtl_delay                   
0     00082963  _SysCtl_getClock                
0     0008306f  _SysCtl_getLowSpeedClock        
0     00082712  _SysCtl_isPLLValid              
0     00082ae1  _SysCtl_selectOscSource         
0     00082e9a  _SysCtl_selectXTAL              
0     00083089  _SysCtl_selectXTALSingleEnded   
0     000825b1  _SysCtl_setClock                
0     000821c7  _TrimSpace                      
1     00000500  __STACK_END                     
abs   00000100  __STACK_SIZE                    
abs   00000050  __SYSMEM_SIZE                   
1     0000a85a  ___TI_cleanup_ptr               
1     0000a85c  ___TI_dtors_ptr                 
1     0000a858  ___TI_enable_exit_profile_output
abs   ffffffff  ___TI_pprof_out_hndl            
0     00081d34  ___TI_printfi                   
abs   ffffffff  ___TI_prof_data_size            
abs   ffffffff  ___TI_prof_data_start           
abs   ffffffff  ___binit__                      
abs   ffffffff  ___c_args__                     
0     00081138  ___cinit__                      
0     000825aa  ___error__                      
abs   ffffffff  ___etext__                      
abs   ffffffff  ___pinit__                      
abs   ffffffff  ___text__                       
0     000830d5  __args_main                     
0     00084000  __ctypes_                       
1     0000a862  __lock                          
0     00083256  __nop                           
0     00083252  __register_lock                 
0     0008324e  __register_unlock               
1     00000400  __stack                         
1     0000a800  __sys_memory                    
0     00081fff  __system_post_cinit             
0     00083279  __system_pre_init               
1     0000a864  __unlock                        
0     00082e4c  _abort                          
0     00082d97  _atoi                           
0     00082b37  _c_int00                        
0     000823ff  _calloc                         
0     000823fd  _chkheap                        
0     00082ebe  _copy_in                        
0     00082e75  _copysignl                      
1     0000a867  _errno                          
0     00082e4e  _exit                           
0     00082242  _free                           
0     000823df  _free_memory                    
0     00082a2f  _frexpl                         
1     0000a85e  _ilen                           
0     00082664  _ldexpl                         
1     0000a866  _loopCounter                    
0     00082dc8  _ltoa                           
0     00083000  _main                           
0     000822ab  _malloc                         
0     000823bd  _max_free                       
0     0008321e  _memccpy                        
0     00082fdb  _memcpy                         
0     00083054  _memmove                        
0     0008322b  _memset                         
0     00082286  _minit                          
0     00082309  _realloc                        
0     00082664  _scalbnl                        
0     00083237  _strchr                         
0     00083270  _strcpy                         
0     00082ff8  _strlen                         
0     00082a89  _vsnprintf                      
0     00083260  _wcslen                         
abs   ffffffff  binit                           
0     00081138  cinit                           
0     00080000  code_start                      
abs   ffffffff  etext                           
abs   ffffffff  pinit                           


GLOBAL SYMBOLS: SORTED BY Symbol Address 

page  address   name                            
----  -------   ----                            
0     00008000  _Flash_initModule               
0     00008000  _RamfuncsRunStart               
0     00008132  _SysCtl_delay                   
0     00008136  _RamfuncsRunEnd                 
0     00080000  code_start                      
0     00081000  _RamfuncsLoadStart              
0     00081136  _RamfuncsLoadEnd                
0     00081138  ___cinit__                      
0     00081138  cinit                           
0     00081d34  ___TI_printfi                   
0     00081ed3  LL$$DIV                         
0     00081f0f  LL$$MOD                         
0     00081f49  ULL$$DIV                        
0     00081f78  ULL$$MOD                        
0     00081fff  __system_post_cinit             
0     000820ff  _InitTerm                       
0     0008213a  _Message                        
0     0008214c  _ClearTerm                      
0     00082151  _Error                          
0     00082175  _GetCmd                         
0     000821c7  _TrimSpace                      
0     00082205  _Report                         
0     00082242  _free                           
0     00082286  _minit                          
0     000822ab  _malloc                         
0     00082309  _realloc                        
0     000823bd  _max_free                       
0     000823df  _free_memory                    
0     000823fd  _chkheap                        
0     000823ff  _calloc                         
0     00082458  _Device_init                    
0     0008249e  _Device_enableAllPeripherals    
0     0008256c  _Device_initGPIO                
0     000825aa  ___error__                      
0     000825b1  _SysCtl_setClock                
0     00082664  _ldexpl                         
0     00082664  _scalbnl                        
0     00082712  _SysCtl_isPLLValid              
0     000827b9  FD$$ADD                         
0     00082855  FD$$DIV                         
0     000828e0  FD$$MPY                         
0     00082963  _SysCtl_getClock                
0     00082a2f  _frexpl                         
0     00082a89  _vsnprintf                      
0     00082ae1  _SysCtl_selectOscSource         
0     00082b37  _c_int00                        
0     00082b8d  _Interrupt_initModule           
0     00082be1  _GPIO_setPadConfig              
0     00082c33  _SCI_clearInterruptStatus       
0     00082c79  _SCI_setConfig                  
0     00082cb9  _GPIO_setPinConfig              
0     00082cf6  _GPIO_setMasterCore             
0     00082d2e  _GPIO_setQualificationMode      
0     00082d66  _GPIO_setDirectionMode          
0     00082d97  _atoi                           
0     00082dc8  _ltoa                           
0     00082df8  FD$$CMP                         
0     00082e22  L$$DIV                          
0     00082e31  L$$MOD                          
0     00082e3f  UL$$DIV                         
0     00082e46  UL$$MOD                         
0     00082e4c  C$$EXIT                         
0     00082e4c  _abort                          
0     00082e4e  _exit                           
0     00082e75  _copysignl                      
0     00082e9a  _SysCtl_selectXTAL              
0     00082ebe  _copy_in                        
0     00082f04  FD$$TOI                         
0     00082f25  _Interrupt_initVectorTable      
0     00082f64  FD$$TOL                         
0     00082f83  LL$$CMP                         
0     00082f95  ULL$$CMP                        
0     00082fbe  I$$TOFD                         
0     00082fdb  _memcpy                         
0     00082ff8  _strlen                         
0     00083000  _main                           
0     0008301c  FS$$TOFD                        
0     00083038  L$$TOFD                         
0     00083054  _memmove                        
0     0008306f  _SysCtl_getLowSpeedClock        
0     00083089  _SysCtl_selectXTALSingleEnded   
0     000830d5  __args_main                     
0     000830ee  LL$$AND                         
0     000830f6  LL$$OR                          
0     000830fe  LL$$XOR                         
0     00083203  FD$$SUB                         
0     0008321e  _memccpy                        
0     0008322b  _memset                         
0     00083237  _strchr                         
0     0008324e  __register_unlock               
0     00083252  __register_lock                 
0     00083256  __nop                           
0     00083257  FD$$NEG                         
0     00083260  _wcslen                         
0     00083270  _strcpy                         
0     00083279  __system_pre_init               
0     00084000  __ctypes_                       
1     00000400  __stack                         
1     00000500  __STACK_END                     
1     0000a800  __sys_memory                    
1     0000a858  ___TI_enable_exit_profile_output
1     0000a85a  ___TI_cleanup_ptr               
1     0000a85c  ___TI_dtors_ptr                 
1     0000a85e  _ilen                           
1     0000a862  __lock                          
1     0000a864  __unlock                        
1     0000a866  _loopCounter                    
1     0000a867  _errno                          
abs   00000050  __SYSMEM_SIZE                   
abs   00000100  __STACK_SIZE                    
abs   00000136  _RamfuncsLoadSize               
abs   00000136  _RamfuncsRunSize                
abs   ffffffff  .text                           
abs   ffffffff  ___TI_pprof_out_hndl            
abs   ffffffff  ___TI_prof_data_size            
abs   ffffffff  ___TI_prof_data_start           
abs   ffffffff  ___binit__                      
abs   ffffffff  ___c_args__                     
abs   ffffffff  ___etext__                      
abs   ffffffff  ___pinit__                      
abs   ffffffff  ___text__                       
abs   ffffffff  binit                           
abs   ffffffff  etext                           
abs   ffffffff  pinit                           

[124 symbols]
