<?xml version="1.0" encoding="ISO-8859-1" ?>
<link_info>
   <banner>TMS320C2000 Linker PC v18.1.4.LTS</banner>
   <copyright>Copyright (c) 1996-2018 Texas Instruments Incorporated</copyright>
   <link_time>0x5cae4670</link_time>
   <link_errors>0x0</link_errors>
   <output_file>v4.out</output_file>
   <entry_point>
      <name>code_start</name>
      <address>0x80000</address>
   </entry_point>
   <input_file_list>
      <input_file id="fl-2">
         <path>.\</path>
         <kind>object</kind>
         <file>MAX31855.obj</file>
         <name>MAX31855.obj</name>
      </input_file>
      <input_file id="fl-3">
         <path>.\</path>
         <kind>object</kind>
         <file>main.obj</file>
         <name>main.obj</name>
      </input_file>
      <input_file id="fl-4">
         <path>.\</path>
         <kind>object</kind>
         <file>uart_if.obj</file>
         <name>uart_if.obj</name>
      </input_file>
      <input_file id="fl-5">
         <path>.\device\</path>
         <kind>object</kind>
         <file>device.obj</file>
         <name>device.obj</name>
      </input_file>
      <input_file id="fl-6">
         <path>.\device\</path>
         <kind>object</kind>
         <file>f28004x_codestartbranch.obj</file>
         <name>f28004x_codestartbranch.obj</name>
      </input_file>
      <input_file id="fl-b">
         <kind>object</kind>
         <file>&lt;internal&gt;</file>
         <name>&lt;internal&gt;</name>
      </input_file>
      <input_file id="fl-c">
         <path>..\</path>
         <kind>archive</kind>
         <file>driverlib.lib</file>
         <name>flash.obj</name>
      </input_file>
      <input_file id="fl-d">
         <path>..\</path>
         <kind>archive</kind>
         <file>driverlib.lib</file>
         <name>gpio.obj</name>
      </input_file>
      <input_file id="fl-e">
         <path>..\</path>
         <kind>archive</kind>
         <file>driverlib.lib</file>
         <name>interrupt.obj</name>
      </input_file>
      <input_file id="fl-f">
         <path>..\</path>
         <kind>archive</kind>
         <file>driverlib.lib</file>
         <name>sci.obj</name>
      </input_file>
      <input_file id="fl-10">
         <path>..\</path>
         <kind>archive</kind>
         <file>driverlib.lib</file>
         <name>spi.obj</name>
      </input_file>
      <input_file id="fl-11">
         <path>..\</path>
         <kind>archive</kind>
         <file>driverlib.lib</file>
         <name>sysctl.obj</name>
      </input_file>
      <input_file id="fl-1d">
         <path>C:\ti\ccsv8\tools\compiler\ti-cgt-c2000_18.1.4.LTS\lib\</path>
         <kind>archive</kind>
         <file>rts2800_fpu32.lib</file>
         <name>boot28.asm.obj</name>
      </input_file>
      <input_file id="fl-1e">
         <path>C:\ti\ccsv8\tools\compiler\ti-cgt-c2000_18.1.4.LTS\lib\</path>
         <kind>archive</kind>
         <file>rts2800_fpu32.lib</file>
         <name>cpy_tbl.c.obj</name>
      </input_file>
      <input_file id="fl-1f">
         <path>C:\ti\ccsv8\tools\compiler\ti-cgt-c2000_18.1.4.LTS\lib\</path>
         <kind>archive</kind>
         <file>rts2800_fpu32.lib</file>
         <name>memcpy.c.obj</name>
      </input_file>
      <input_file id="fl-20">
         <path>C:\ti\ccsv8\tools\compiler\ti-cgt-c2000_18.1.4.LTS\lib\</path>
         <kind>archive</kind>
         <file>rts2800_fpu32.lib</file>
         <name>pre_init.c.obj</name>
      </input_file>
      <input_file id="fl-21">
         <path>C:\ti\ccsv8\tools\compiler\ti-cgt-c2000_18.1.4.LTS\lib\</path>
         <kind>archive</kind>
         <file>rts2800_fpu32.lib</file>
         <name>startup.c.obj</name>
      </input_file>
      <input_file id="fl-22">
         <path>C:\ti\ccsv8\tools\compiler\ti-cgt-c2000_18.1.4.LTS\lib\</path>
         <kind>archive</kind>
         <file>rts2800_fpu32.lib</file>
         <name>exit.c.obj</name>
      </input_file>
      <input_file id="fl-23">
         <path>C:\ti\ccsv8\tools\compiler\ti-cgt-c2000_18.1.4.LTS\lib\</path>
         <kind>archive</kind>
         <file>rts2800_fpu32.lib</file>
         <name>memory.c.obj</name>
      </input_file>
      <input_file id="fl-24">
         <path>C:\ti\ccsv8\tools\compiler\ti-cgt-c2000_18.1.4.LTS\lib\</path>
         <kind>archive</kind>
         <file>rts2800_fpu32.lib</file>
         <name>_lock.c.obj</name>
      </input_file>
      <input_file id="fl-25">
         <path>C:\ti\ccsv8\tools\compiler\ti-cgt-c2000_18.1.4.LTS\lib\</path>
         <kind>archive</kind>
         <file>rts2800_fpu32.lib</file>
         <name>args_main.c.obj</name>
      </input_file>
      <input_file id="fl-26">
         <path>C:\ti\ccsv8\tools\compiler\ti-cgt-c2000_18.1.4.LTS\lib\</path>
         <kind>archive</kind>
         <file>rts2800_fpu32.lib</file>
         <name>memmov.c.obj</name>
      </input_file>
      <input_file id="fl-27">
         <path>C:\ti\ccsv8\tools\compiler\ti-cgt-c2000_18.1.4.LTS\lib\</path>
         <kind>archive</kind>
         <file>rts2800_fpu32.lib</file>
         <name>strlen.c.obj</name>
      </input_file>
      <input_file id="fl-28">
         <path>C:\ti\ccsv8\tools\compiler\ti-cgt-c2000_18.1.4.LTS\lib\</path>
         <kind>archive</kind>
         <file>rts2800_fpu32.lib</file>
         <name>vsnprintf.c.obj</name>
      </input_file>
      <input_file id="fl-29">
         <path>C:\ti\ccsv8\tools\compiler\ti-cgt-c2000_18.1.4.LTS\lib\</path>
         <kind>archive</kind>
         <file>rts2800_fpu32.lib</file>
         <name>_printfi.c.obj</name>
      </input_file>
      <input_file id="fl-2a">
         <path>C:\ti\ccsv8\tools\compiler\ti-cgt-c2000_18.1.4.LTS\lib\</path>
         <kind>archive</kind>
         <file>rts2800_fpu32.lib</file>
         <name>atoi.c.obj</name>
      </input_file>
      <input_file id="fl-2b">
         <path>C:\ti\ccsv8\tools\compiler\ti-cgt-c2000_18.1.4.LTS\lib\</path>
         <kind>archive</kind>
         <file>rts2800_fpu32.lib</file>
         <name>ctype.c.obj</name>
      </input_file>
      <input_file id="fl-2c">
         <path>C:\ti\ccsv8\tools\compiler\ti-cgt-c2000_18.1.4.LTS\lib\</path>
         <kind>archive</kind>
         <file>rts2800_fpu32.lib</file>
         <name>ltoa.c.obj</name>
      </input_file>
      <input_file id="fl-2d">
         <path>C:\ti\ccsv8\tools\compiler\ti-cgt-c2000_18.1.4.LTS\lib\</path>
         <kind>archive</kind>
         <file>rts2800_fpu32.lib</file>
         <name>memccpy.c.obj</name>
      </input_file>
      <input_file id="fl-2e">
         <path>C:\ti\ccsv8\tools\compiler\ti-cgt-c2000_18.1.4.LTS\lib\</path>
         <kind>archive</kind>
         <file>rts2800_fpu32.lib</file>
         <name>memset.c.obj</name>
      </input_file>
      <input_file id="fl-2f">
         <path>C:\ti\ccsv8\tools\compiler\ti-cgt-c2000_18.1.4.LTS\lib\</path>
         <kind>archive</kind>
         <file>rts2800_fpu32.lib</file>
         <name>strchr.c.obj</name>
      </input_file>
      <input_file id="fl-30">
         <path>C:\ti\ccsv8\tools\compiler\ti-cgt-c2000_18.1.4.LTS\lib\</path>
         <kind>archive</kind>
         <file>rts2800_fpu32.lib</file>
         <name>strcpy.c.obj</name>
      </input_file>
      <input_file id="fl-31">
         <path>C:\ti\ccsv8\tools\compiler\ti-cgt-c2000_18.1.4.LTS\lib\</path>
         <kind>archive</kind>
         <file>rts2800_fpu32.lib</file>
         <name>s_frexp.c.obj</name>
      </input_file>
      <input_file id="fl-32">
         <path>C:\ti\ccsv8\tools\compiler\ti-cgt-c2000_18.1.4.LTS\lib\</path>
         <kind>archive</kind>
         <file>rts2800_fpu32.lib</file>
         <name>s_scalbn.c.obj</name>
      </input_file>
      <input_file id="fl-33">
         <path>C:\ti\ccsv8\tools\compiler\ti-cgt-c2000_18.1.4.LTS\lib\</path>
         <kind>archive</kind>
         <file>rts2800_fpu32.lib</file>
         <name>s_copysign.c.obj</name>
      </input_file>
      <input_file id="fl-34">
         <path>C:\ti\ccsv8\tools\compiler\ti-cgt-c2000_18.1.4.LTS\lib\</path>
         <kind>archive</kind>
         <file>rts2800_fpu32.lib</file>
         <name>fd_add28.asm.obj</name>
      </input_file>
      <input_file id="fl-35">
         <path>C:\ti\ccsv8\tools\compiler\ti-cgt-c2000_18.1.4.LTS\lib\</path>
         <kind>archive</kind>
         <file>rts2800_fpu32.lib</file>
         <name>fd_cmp28.asm.obj</name>
      </input_file>
      <input_file id="fl-36">
         <path>C:\ti\ccsv8\tools\compiler\ti-cgt-c2000_18.1.4.LTS\lib\</path>
         <kind>archive</kind>
         <file>rts2800_fpu32.lib</file>
         <name>fd_div28.asm.obj</name>
      </input_file>
      <input_file id="fl-37">
         <path>C:\ti\ccsv8\tools\compiler\ti-cgt-c2000_18.1.4.LTS\lib\</path>
         <kind>archive</kind>
         <file>rts2800_fpu32.lib</file>
         <name>fd_mpy28.asm.obj</name>
      </input_file>
      <input_file id="fl-38">
         <path>C:\ti\ccsv8\tools\compiler\ti-cgt-c2000_18.1.4.LTS\lib\</path>
         <kind>archive</kind>
         <file>rts2800_fpu32.lib</file>
         <name>fd_neg28.asm.obj</name>
      </input_file>
      <input_file id="fl-39">
         <path>C:\ti\ccsv8\tools\compiler\ti-cgt-c2000_18.1.4.LTS\lib\</path>
         <kind>archive</kind>
         <file>rts2800_fpu32.lib</file>
         <name>fd_sub28.asm.obj</name>
      </input_file>
      <input_file id="fl-3a">
         <path>C:\ti\ccsv8\tools\compiler\ti-cgt-c2000_18.1.4.LTS\lib\</path>
         <kind>archive</kind>
         <file>rts2800_fpu32.lib</file>
         <name>fd_toi28.asm.obj</name>
      </input_file>
      <input_file id="fl-3b">
         <path>C:\ti\ccsv8\tools\compiler\ti-cgt-c2000_18.1.4.LTS\lib\</path>
         <kind>archive</kind>
         <file>rts2800_fpu32.lib</file>
         <name>fd_tol28.asm.obj</name>
      </input_file>
      <input_file id="fl-3c">
         <path>C:\ti\ccsv8\tools\compiler\ti-cgt-c2000_18.1.4.LTS\lib\</path>
         <kind>archive</kind>
         <file>rts2800_fpu32.lib</file>
         <name>ll_aox28.asm.obj</name>
      </input_file>
      <input_file id="fl-3d">
         <path>C:\ti\ccsv8\tools\compiler\ti-cgt-c2000_18.1.4.LTS\lib\</path>
         <kind>archive</kind>
         <file>rts2800_fpu32.lib</file>
         <name>ll_cmp28.asm.obj</name>
      </input_file>
      <input_file id="fl-3e">
         <path>C:\ti\ccsv8\tools\compiler\ti-cgt-c2000_18.1.4.LTS\lib\</path>
         <kind>archive</kind>
         <file>rts2800_fpu32.lib</file>
         <name>ll_div28.asm.obj</name>
      </input_file>
      <input_file id="fl-3f">
         <path>C:\ti\ccsv8\tools\compiler\ti-cgt-c2000_18.1.4.LTS\lib\</path>
         <kind>archive</kind>
         <file>rts2800_fpu32.lib</file>
         <name>i_tofd28.asm.obj</name>
      </input_file>
      <input_file id="fl-40">
         <path>C:\ti\ccsv8\tools\compiler\ti-cgt-c2000_18.1.4.LTS\lib\</path>
         <kind>archive</kind>
         <file>rts2800_fpu32.lib</file>
         <name>l_tofd28.asm.obj</name>
      </input_file>
      <input_file id="fl-41">
         <path>C:\ti\ccsv8\tools\compiler\ti-cgt-c2000_18.1.4.LTS\lib\</path>
         <kind>archive</kind>
         <file>rts2800_fpu32.lib</file>
         <name>l_div28.asm.obj</name>
      </input_file>
      <input_file id="fl-42">
         <path>C:\ti\ccsv8\tools\compiler\ti-cgt-c2000_18.1.4.LTS\lib\</path>
         <kind>archive</kind>
         <file>rts2800_fpu32.lib</file>
         <name>fs_tofdfpu32.asm.obj</name>
      </input_file>
      <input_file id="fl-43">
         <path>C:\ti\ccsv8\tools\compiler\ti-cgt-c2000_18.1.4.LTS\lib\</path>
         <kind>archive</kind>
         <file>rts2800_fpu32.lib</file>
         <name>wcslen.c.obj</name>
      </input_file>
      <input_file id="fl-44">
         <path>C:\ti\ccsv8\tools\compiler\ti-cgt-c2000_18.1.4.LTS\lib\</path>
         <kind>archive</kind>
         <file>rts2800_fpu32.lib</file>
         <name>errno.c.obj</name>
      </input_file>
   </input_file_list>
   <object_component_list>
      <object_component id="oc-11">
         <name>codestart</name>
         <load_address>0x80000</load_address>
         <run_address>0x80000</run_address>
         <size>0x2</size>
         <input_file_ref idref="fl-6"/>
      </object_component>
      <object_component id="oc-15b">
         <name>.text</name>
         <load_address>0x81160</load_address>
         <run_address>0x81160</run_address>
         <size>0xd6f</size>
         <input_file_ref idref="fl-29"/>
      </object_component>
      <object_component id="oc-102">
         <name>.text</name>
         <load_address>0x81ecf</load_address>
         <run_address>0x81ecf</run_address>
         <size>0x107</size>
         <input_file_ref idref="fl-3e"/>
      </object_component>
      <object_component id="oc-d5">
         <name>.text</name>
         <load_address>0x81fd6</load_address>
         <run_address>0x81fd6</run_address>
         <size>0x2a</size>
         <input_file_ref idref="fl-35"/>
      </object_component>
      <object_component id="oc-132">
         <name>.text</name>
         <load_address>0x82000</load_address>
         <run_address>0x82000</run_address>
         <size>0x242</size>
         <input_file_ref idref="fl-4"/>
      </object_component>
      <object_component id="oc-133">
         <name>.text</name>
         <load_address>0x82242</load_address>
         <run_address>0x82242</run_address>
         <size>0x1eb</size>
         <input_file_ref idref="fl-2"/>
      </object_component>
      <object_component id="oc-147">
         <name>.text</name>
         <load_address>0x8242d</load_address>
         <run_address>0x8242d</run_address>
         <size>0x1d4</size>
         <input_file_ref idref="fl-23"/>
      </object_component>
      <object_component id="oc-12d">
         <name>.text</name>
         <load_address>0x82601</load_address>
         <run_address>0x82601</run_address>
         <size>0x19b</size>
         <input_file_ref idref="fl-5"/>
      </object_component>
      <object_component id="oc-12a">
         <name>.text</name>
         <load_address>0x8279c</load_address>
         <run_address>0x8279c</run_address>
         <size>0x19a</size>
         <input_file_ref idref="fl-3"/>
      </object_component>
      <object_component id="oc-136">
         <name>.text:_SysCtl_setClock</name>
         <load_address>0x82936</load_address>
         <run_address>0x82936</run_address>
         <size>0xb3</size>
         <input_file_ref idref="fl-11"/>
      </object_component>
      <object_component id="oc-16c">
         <name>.text</name>
         <load_address>0x829e9</load_address>
         <run_address>0x829e9</run_address>
         <size>0xae</size>
         <input_file_ref idref="fl-32"/>
      </object_component>
      <object_component id="oc-14c">
         <name>.text:_SysCtl_isPLLValid</name>
         <load_address>0x82a97</load_address>
         <run_address>0x82a97</run_address>
         <size>0xa7</size>
         <input_file_ref idref="fl-11"/>
      </object_component>
      <object_component id="oc-d0">
         <name>.text</name>
         <load_address>0x82b3e</load_address>
         <run_address>0x82b3e</run_address>
         <size>0x9c</size>
         <input_file_ref idref="fl-34"/>
      </object_component>
      <object_component id="oc-da">
         <name>.text</name>
         <load_address>0x82bda</load_address>
         <run_address>0x82bda</run_address>
         <size>0x8b</size>
         <input_file_ref idref="fl-36"/>
      </object_component>
      <object_component id="oc-df">
         <name>.text</name>
         <load_address>0x82c65</load_address>
         <run_address>0x82c65</run_address>
         <size>0x83</size>
         <input_file_ref idref="fl-37"/>
      </object_component>
      <object_component id="oc-137">
         <name>.text:_SysCtl_getClock</name>
         <load_address>0x82ce8</load_address>
         <run_address>0x82ce8</run_address>
         <size>0x6e</size>
         <input_file_ref idref="fl-11"/>
      </object_component>
      <object_component id="oc-165">
         <name>.text:_DCC_setCounterSeeds</name>
         <load_address>0x82d56</load_address>
         <run_address>0x82d56</run_address>
         <size>0x5e</size>
         <input_file_ref idref="fl-11"/>
      </object_component>
      <object_component id="oc-148">
         <name>.text:_SPI_setConfig</name>
         <load_address>0x82db4</load_address>
         <run_address>0x82db4</run_address>
         <size>0x5c</size>
         <input_file_ref idref="fl-10"/>
      </object_component>
      <object_component id="oc-16b">
         <name>.text</name>
         <load_address>0x82e10</load_address>
         <run_address>0x82e10</run_address>
         <size>0x5a</size>
         <input_file_ref idref="fl-31"/>
      </object_component>
      <object_component id="oc-144">
         <name>.text</name>
         <load_address>0x82e6a</load_address>
         <run_address>0x82e6a</run_address>
         <size>0x58</size>
         <input_file_ref idref="fl-28"/>
      </object_component>
      <object_component id="oc-14b">
         <name>.text:_SysCtl_selectOscSource</name>
         <load_address>0x82ec2</load_address>
         <run_address>0x82ec2</run_address>
         <size>0x56</size>
         <input_file_ref idref="fl-11"/>
      </object_component>
      <object_component id="oc-55">
         <name>.text</name>
         <load_address>0x82f18</load_address>
         <run_address>0x82f18</run_address>
         <size>0x56</size>
         <input_file_ref idref="fl-1d"/>
      </object_component>
      <object_component id="oc-130">
         <name>.text:_Interrupt_initModule</name>
         <load_address>0x82f6e</load_address>
         <run_address>0x82f6e</run_address>
         <size>0x54</size>
         <input_file_ref idref="fl-e"/>
      </object_component>
      <object_component id="oc-12f">
         <name>.text:_GPIO_setPinConfig</name>
         <load_address>0x82fc2</load_address>
         <run_address>0x82fc2</run_address>
         <size>0x3d</size>
         <input_file_ref idref="fl-d"/>
      </object_component>
      <object_component id="oc-126">
         <name>.text</name>
         <load_address>0x82fff</load_address>
         <run_address>0x82fff</run_address>
         <size>0x1</size>
         <input_file_ref idref="fl-21"/>
      </object_component>
      <object_component id="oc-12e">
         <name>.text:_GPIO_setPadConfig</name>
         <load_address>0x83000</load_address>
         <run_address>0x83000</run_address>
         <size>0x52</size>
         <input_file_ref idref="fl-d"/>
      </object_component>
      <object_component id="oc-143">
         <name>.text:_SCI_clearInterruptStatus</name>
         <load_address>0x83052</load_address>
         <run_address>0x83052</run_address>
         <size>0x46</size>
         <input_file_ref idref="fl-f"/>
      </object_component>
      <object_component id="oc-142">
         <name>.text:_SCI_setConfig</name>
         <load_address>0x83098</load_address>
         <run_address>0x83098</run_address>
         <size>0x40</size>
         <input_file_ref idref="fl-f"/>
      </object_component>
      <object_component id="oc-13a">
         <name>.text:_GPIO_setMasterCore</name>
         <load_address>0x830d8</load_address>
         <run_address>0x830d8</run_address>
         <size>0x38</size>
         <input_file_ref idref="fl-d"/>
      </object_component>
      <object_component id="oc-13c">
         <name>.text:_GPIO_setQualificationMode</name>
         <load_address>0x83110</load_address>
         <run_address>0x83110</run_address>
         <size>0x38</size>
         <input_file_ref idref="fl-d"/>
      </object_component>
      <object_component id="oc-13b">
         <name>.text:_GPIO_setDirectionMode</name>
         <load_address>0x83148</load_address>
         <run_address>0x83148</run_address>
         <size>0x31</size>
         <input_file_ref idref="fl-d"/>
      </object_component>
      <object_component id="oc-169">
         <name>.text</name>
         <load_address>0x83179</load_address>
         <run_address>0x83179</run_address>
         <size>0x31</size>
         <input_file_ref idref="fl-2a"/>
      </object_component>
      <object_component id="oc-16a">
         <name>.text</name>
         <load_address>0x831aa</load_address>
         <run_address>0x831aa</run_address>
         <size>0x30</size>
         <input_file_ref idref="fl-2c"/>
      </object_component>
      <object_component id="oc-111">
         <name>.text</name>
         <load_address>0x831da</load_address>
         <run_address>0x831da</run_address>
         <size>0x2a</size>
         <input_file_ref idref="fl-41"/>
      </object_component>
      <object_component id="oc-128">
         <name>.text</name>
         <load_address>0x83204</load_address>
         <run_address>0x83204</run_address>
         <size>0x29</size>
         <input_file_ref idref="fl-22"/>
      </object_component>
      <object_component id="oc-166">
         <name>.text:_DCC_enableSingleShotMode</name>
         <load_address>0x8322d</load_address>
         <run_address>0x8322d</run_address>
         <size>0x25</size>
         <input_file_ref idref="fl-11"/>
      </object_component>
      <object_component id="oc-176">
         <name>.text</name>
         <load_address>0x83252</load_address>
         <run_address>0x83252</run_address>
         <size>0x25</size>
         <input_file_ref idref="fl-33"/>
      </object_component>
      <object_component id="oc-15d">
         <name>.text:_SysCtl_selectXTAL</name>
         <load_address>0x83277</load_address>
         <run_address>0x83277</run_address>
         <size>0x24</size>
         <input_file_ref idref="fl-11"/>
      </object_component>
      <object_component id="oc-125">
         <name>.text</name>
         <load_address>0x8329b</load_address>
         <run_address>0x8329b</run_address>
         <size>0x24</size>
         <input_file_ref idref="fl-1e"/>
      </object_component>
      <object_component id="oc-172">
         <name>.text:_SysCtl_pollX1Counter</name>
         <load_address>0x832bf</load_address>
         <run_address>0x832bf</run_address>
         <size>0x22</size>
         <input_file_ref idref="fl-11"/>
      </object_component>
      <object_component id="oc-ee">
         <name>.text</name>
         <load_address>0x832e1</load_address>
         <run_address>0x832e1</run_address>
         <size>0x21</size>
         <input_file_ref idref="fl-3a"/>
      </object_component>
      <object_component id="oc-131">
         <name>.text:_Interrupt_initVectorTable</name>
         <load_address>0x83302</load_address>
         <run_address>0x83302</run_address>
         <size>0x20</size>
         <input_file_ref idref="fl-e"/>
      </object_component>
      <object_component id="oc-164">
         <name>.text:_DCC_setCounter1ClkSource</name>
         <load_address>0x83322</load_address>
         <run_address>0x83322</run_address>
         <size>0x1f</size>
         <input_file_ref idref="fl-11"/>
      </object_component>
      <object_component id="oc-f3">
         <name>.text</name>
         <load_address>0x83341</load_address>
         <run_address>0x83341</run_address>
         <size>0x1f</size>
         <input_file_ref idref="fl-3b"/>
      </object_component>
      <object_component id="oc-fd">
         <name>.text</name>
         <load_address>0x83360</load_address>
         <run_address>0x83360</run_address>
         <size>0x1e</size>
         <input_file_ref idref="fl-3d"/>
      </object_component>
      <object_component id="oc-163">
         <name>.text:_DCC_setCounter0ClkSource</name>
         <load_address>0x8337e</load_address>
         <run_address>0x8337e</run_address>
         <size>0x1d</size>
         <input_file_ref idref="fl-11"/>
      </object_component>
      <object_component id="oc-107">
         <name>.text</name>
         <load_address>0x8339b</load_address>
         <run_address>0x8339b</run_address>
         <size>0x1d</size>
         <input_file_ref idref="fl-3f"/>
      </object_component>
      <object_component id="oc-129">
         <name>.text</name>
         <load_address>0x833b8</load_address>
         <run_address>0x833b8</run_address>
         <size>0x1d</size>
         <input_file_ref idref="fl-1f"/>
      </object_component>
      <object_component id="oc-116">
         <name>.text</name>
         <load_address>0x833d5</load_address>
         <run_address>0x833d5</run_address>
         <size>0x1c</size>
         <input_file_ref idref="fl-42"/>
      </object_component>
      <object_component id="oc-10c">
         <name>.text</name>
         <load_address>0x833f1</load_address>
         <run_address>0x833f1</run_address>
         <size>0x1c</size>
         <input_file_ref idref="fl-40"/>
      </object_component>
      <object_component id="oc-146">
         <name>.text</name>
         <load_address>0x8340d</load_address>
         <run_address>0x8340d</run_address>
         <size>0x1b</size>
         <input_file_ref idref="fl-26"/>
      </object_component>
      <object_component id="oc-138">
         <name>.text:_SysCtl_getLowSpeedClock</name>
         <load_address>0x83428</load_address>
         <run_address>0x83428</run_address>
         <size>0x1a</size>
         <input_file_ref idref="fl-11"/>
      </object_component>
      <object_component id="oc-15e">
         <name>.text:_SysCtl_selectXTALSingleEnded</name>
         <load_address>0x83442</load_address>
         <run_address>0x83442</run_address>
         <size>0x1a</size>
         <input_file_ref idref="fl-11"/>
      </object_component>
      <object_component id="oc-158">
         <name>.text:_SCI_disableModule</name>
         <load_address>0x8345c</load_address>
         <run_address>0x8345c</run_address>
         <size>0x19</size>
         <input_file_ref idref="fl-f"/>
      </object_component>
      <object_component id="oc-15a">
         <name>.text:_SCI_performSoftwareReset</name>
         <load_address>0x83475</load_address>
         <run_address>0x83475</run_address>
         <size>0x19</size>
         <input_file_ref idref="fl-f"/>
      </object_component>
      <object_component id="oc-127">
         <name>.text</name>
         <load_address>0x8348e</load_address>
         <run_address>0x8348e</run_address>
         <size>0x19</size>
         <input_file_ref idref="fl-25"/>
      </object_component>
      <object_component id="oc-f8">
         <name>.text</name>
         <load_address>0x834a7</load_address>
         <run_address>0x834a7</run_address>
         <size>0x18</size>
         <input_file_ref idref="fl-3c"/>
      </object_component>
      <object_component id="oc-162">
         <name>.text:_DCC_enableDoneSignal</name>
         <load_address>0x834bf</load_address>
         <run_address>0x834bf</run_address>
         <size>0x17</size>
         <input_file_ref idref="fl-11"/>
      </object_component>
      <object_component id="oc-15f">
         <name>.text:_SysCtl_enablePeripheral</name>
         <load_address>0x834d6</load_address>
         <run_address>0x834d6</run_address>
         <size>0x17</size>
         <input_file_ref idref="fl-11"/>
      </object_component>
      <object_component id="oc-161">
         <name>.text:_DCC_disableErrorSignal</name>
         <load_address>0x834ed</load_address>
         <run_address>0x834ed</run_address>
         <size>0x16</size>
         <input_file_ref idref="fl-11"/>
      </object_component>
      <object_component id="oc-167">
         <name>.text:_DCC_enableErrorSignal</name>
         <load_address>0x83503</load_address>
         <run_address>0x83503</run_address>
         <size>0x16</size>
         <input_file_ref idref="fl-11"/>
      </object_component>
      <object_component id="oc-157">
         <name>.text:_SCI_isBaseValid</name>
         <load_address>0x83519</load_address>
         <run_address>0x83519</run_address>
         <size>0x15</size>
         <input_file_ref idref="fl-f"/>
      </object_component>
      <object_component id="oc-15c">
         <name>.text:_SPI_isBaseValid</name>
         <load_address>0x8352e</load_address>
         <run_address>0x8352e</run_address>
         <size>0x15</size>
         <input_file_ref idref="fl-10"/>
      </object_component>
      <object_component id="oc-160">
         <name>.text:_DCC_disableModule</name>
         <load_address>0x83543</load_address>
         <run_address>0x83543</run_address>
         <size>0x14</size>
         <input_file_ref idref="fl-11"/>
      </object_component>
      <object_component id="oc-168">
         <name>.text:_DCC_enableModule</name>
         <load_address>0x83557</load_address>
         <run_address>0x83557</run_address>
         <size>0x14</size>
         <input_file_ref idref="fl-11"/>
      </object_component>
      <object_component id="oc-13d">
         <name>.text:_GPIO_isPinValid</name>
         <load_address>0x8356b</load_address>
         <run_address>0x8356b</run_address>
         <size>0x14</size>
         <input_file_ref idref="fl-d"/>
      </object_component>
      <object_component id="oc-159">
         <name>.text:_SCI_enableModule</name>
         <load_address>0x8357f</load_address>
         <run_address>0x8357f</run_address>
         <size>0x14</size>
         <input_file_ref idref="fl-f"/>
      </object_component>
      <object_component id="oc-174">
         <name>.text:_DCC_isBaseValid</name>
         <load_address>0x83593</load_address>
         <run_address>0x83593</run_address>
         <size>0x10</size>
         <input_file_ref idref="fl-11"/>
      </object_component>
      <object_component id="oc-14d">
         <name>.text:_Flash_isCtrlBaseValid</name>
         <load_address>0x835a3</load_address>
         <run_address>0x835a3</run_address>
         <size>0x10</size>
         <input_file_ref idref="fl-c"/>
      </object_component>
      <object_component id="oc-14e">
         <name>.text:_Flash_isECCBaseValid</name>
         <load_address>0x835b3</load_address>
         <run_address>0x835b3</run_address>
         <size>0x10</size>
         <input_file_ref idref="fl-c"/>
      </object_component>
      <object_component id="oc-13f">
         <name>.text:_Interrupt_defaultHandler</name>
         <load_address>0x835c3</load_address>
         <run_address>0x835c3</run_address>
         <size>0xe</size>
         <input_file_ref idref="fl-e"/>
      </object_component>
      <object_component id="oc-e9">
         <name>.text</name>
         <load_address>0x835d1</load_address>
         <run_address>0x835d1</run_address>
         <size>0xe</size>
         <input_file_ref idref="fl-39"/>
      </object_component>
      <object_component id="oc-13e">
         <name>.text:_Interrupt_disableMaster</name>
         <load_address>0x835df</load_address>
         <run_address>0x835df</run_address>
         <size>0xd</size>
         <input_file_ref idref="fl-e"/>
      </object_component>
      <object_component id="oc-170">
         <name>.text</name>
         <load_address>0x835ec</load_address>
         <run_address>0x835ec</run_address>
         <size>0xd</size>
         <input_file_ref idref="fl-2d"/>
      </object_component>
      <object_component id="oc-16e">
         <name>.text</name>
         <load_address>0x835f9</load_address>
         <run_address>0x835f9</run_address>
         <size>0xc</size>
         <input_file_ref idref="fl-2e"/>
      </object_component>
      <object_component id="oc-16d">
         <name>.text</name>
         <load_address>0x83605</load_address>
         <run_address>0x83605</run_address>
         <size>0xc</size>
         <input_file_ref idref="fl-2f"/>
      </object_component>
      <object_component id="oc-14a">
         <name>.text:_SysCtl_isMCDClockFailureDetected</name>
         <load_address>0x83611</load_address>
         <run_address>0x83611</run_address>
         <size>0xb</size>
         <input_file_ref idref="fl-11"/>
      </object_component>
      <object_component id="oc-134">
         <name>.text</name>
         <load_address>0x8361c</load_address>
         <run_address>0x8361c</run_address>
         <size>0x9</size>
         <input_file_ref idref="fl-24"/>
      </object_component>
      <object_component id="oc-e4">
         <name>.text</name>
         <load_address>0x83625</load_address>
         <run_address>0x83625</run_address>
         <size>0x9</size>
         <input_file_ref idref="fl-38"/>
      </object_component>
      <object_component id="oc-171">
         <name>.text</name>
         <load_address>0x8362e</load_address>
         <run_address>0x8362e</run_address>
         <size>0x9</size>
         <input_file_ref idref="fl-43"/>
      </object_component>
      <object_component id="oc-145">
         <name>.text</name>
         <load_address>0x83637</load_address>
         <run_address>0x83637</run_address>
         <size>0x8</size>
         <input_file_ref idref="fl-27"/>
      </object_component>
      <object_component id="oc-173">
         <name>.text:_SysCtl_resetMCD</name>
         <load_address>0x8363f</load_address>
         <run_address>0x8363f</run_address>
         <size>0x7</size>
         <input_file_ref idref="fl-11"/>
      </object_component>
      <object_component id="oc-16f">
         <name>.text</name>
         <load_address>0x83646</load_address>
         <run_address>0x83646</run_address>
         <size>0x5</size>
         <input_file_ref idref="fl-30"/>
      </object_component>
      <object_component id="oc-141">
         <name>.text:_Interrupt_illegalOperationHandler</name>
         <load_address>0x8364b</load_address>
         <run_address>0x8364b</run_address>
         <size>0x2</size>
         <input_file_ref idref="fl-e"/>
      </object_component>
      <object_component id="oc-140">
         <name>.text:_Interrupt_nmiHandler</name>
         <load_address>0x8364d</load_address>
         <run_address>0x8364d</run_address>
         <size>0x2</size>
         <input_file_ref idref="fl-e"/>
      </object_component>
      <object_component id="oc-124">
         <name>.text</name>
         <load_address>0x8364f</load_address>
         <run_address>0x8364f</run_address>
         <size>0x2</size>
         <input_file_ref idref="fl-20"/>
      </object_component>
      <object_component id="oc-71">
         <name>.cinit</name>
         <load_address>0x81138</load_address>
         <run_address>0x81138</run_address>
         <size>0xe</size>
         <input_file_ref idref="fl-22"/>
      </object_component>
      <object_component id="oc-12c">
         <name>.cinit:__lock</name>
         <load_address>0x81146</load_address>
         <run_address>0x81146</run_address>
         <size>0x5</size>
         <input_file_ref idref="fl-24"/>
      </object_component>
      <object_component id="oc-135">
         <name>.cinit:__unlock</name>
         <load_address>0x8114b</load_address>
         <run_address>0x8114b</run_address>
         <size>0x5</size>
         <input_file_ref idref="fl-24"/>
      </object_component>
      <object_component id="oc-121">
         <name>.cinit</name>
         <load_address>0x81150</load_address>
         <run_address>0x81150</run_address>
         <size>0x4</size>
         <input_file_ref idref="fl-44"/>
      </object_component>
      <object_component id="oc-78">
         <name>.cinit</name>
         <load_address>0x81154</load_address>
         <run_address>0x81154</run_address>
         <size>0x4</size>
         <input_file_ref idref="fl-23"/>
      </object_component>
      <object_component id="oc-1f">
         <name>.cinit</name>
         <load_address>0x81158</load_address>
         <run_address>0x81158</run_address>
         <size>0x4</size>
         <input_file_ref idref="fl-4"/>
      </object_component>
      <object_component id="oc-57">
         <name>.reset</name>
         <load_address>0x3fffc0</load_address>
         <run_address>0x3fffc0</run_address>
         <size>0x2</size>
         <input_file_ref idref="fl-1d"/>
      </object_component>
      <object_component id="oc-56">
         <name>.stack</name>
         <uninitialized>true</uninitialized>
         <run_address>0x400</run_address>
         <size>0x0</size>
         <input_file_ref idref="fl-1d"/>
      </object_component>
      <object_component id="oc-191">
         <name>.stack</name>
         <uninitialized>true</uninitialized>
         <run_address>0x400</run_address>
         <size>0x0</size>
      </object_component>
      <object_component id="oc-20">
         <name>.ebss</name>
         <uninitialized>true</uninitialized>
         <run_address>0xa85e</run_address>
         <size>0x4</size>
         <input_file_ref idref="fl-4"/>
      </object_component>
      <object_component id="oc-72">
         <name>.ebss</name>
         <uninitialized>true</uninitialized>
         <run_address>0xa858</run_address>
         <size>0x6</size>
         <input_file_ref idref="fl-22"/>
      </object_component>
      <object_component id="oc-79">
         <name>.ebss</name>
         <uninitialized>true</uninitialized>
         <run_address>0xa850</run_address>
         <size>0x8</size>
         <input_file_ref idref="fl-23"/>
      </object_component>
      <object_component id="oc-149">
         <name>.ebss:__unlock</name>
         <uninitialized>true</uninitialized>
         <run_address>0xa864</run_address>
         <size>0x2</size>
         <input_file_ref idref="fl-24"/>
      </object_component>
      <object_component id="oc-12b">
         <name>.ebss:__lock</name>
         <uninitialized>true</uninitialized>
         <run_address>0xa862</run_address>
         <size>0x2</size>
         <input_file_ref idref="fl-24"/>
      </object_component>
      <object_component id="oc-122">
         <name>.ebss</name>
         <uninitialized>true</uninitialized>
         <run_address>0xa866</run_address>
         <size>0x1</size>
         <input_file_ref idref="fl-44"/>
      </object_component>
      <object_component id="oc-7a">
         <name>.esysmem</name>
         <uninitialized>true</uninitialized>
         <run_address>0xa800</run_address>
         <size>0x1</size>
         <input_file_ref idref="fl-23"/>
      </object_component>
      <object_component id="oc-192">
         <name>.esysmem</name>
         <uninitialized>true</uninitialized>
         <run_address>0xa800</run_address>
         <size>0x0</size>
      </object_component>
      <object_component id="oc-175">
         <name>.econst:.string:__ctypes_</name>
         <load_address>0x84000</load_address>
         <run_address>0x84000</run_address>
         <size>0x101</size>
         <input_file_ref idref="fl-2b"/>
      </object_component>
      <object_component id="oc-13">
         <name>.econst:.string</name>
         <load_address>0x84102</load_address>
         <run_address>0x84102</run_address>
         <size>0xca</size>
         <input_file_ref idref="fl-2"/>
      </object_component>
      <object_component id="oc-31">
         <name>.econst:.string</name>
         <load_address>0x841cc</load_address>
         <run_address>0x841cc</run_address>
         <size>0xaf</size>
         <input_file_ref idref="fl-c"/>
      </object_component>
      <object_component id="oc-50">
         <name>.econst:.string</name>
         <load_address>0x8427c</load_address>
         <run_address>0x8427c</run_address>
         <size>0xae</size>
         <input_file_ref idref="fl-11"/>
      </object_component>
      <object_component id="oc-37">
         <name>.econst:.string</name>
         <load_address>0x8432a</load_address>
         <run_address>0x8432a</run_address>
         <size>0xac</size>
         <input_file_ref idref="fl-d"/>
      </object_component>
      <object_component id="oc-43">
         <name>.econst:.string</name>
         <load_address>0x843d6</load_address>
         <run_address>0x843d6</run_address>
         <size>0xab</size>
         <input_file_ref idref="fl-f"/>
      </object_component>
      <object_component id="oc-19">
         <name>.econst:.string</name>
         <load_address>0x84482</load_address>
         <run_address>0x84482</run_address>
         <size>0x9a</size>
         <input_file_ref idref="fl-3"/>
      </object_component>
      <object_component id="oc-21">
         <name>.econst:.string</name>
         <load_address>0x8451c</load_address>
         <run_address>0x8451c</run_address>
         <size>0x6e</size>
         <input_file_ref idref="fl-4"/>
      </object_component>
      <object_component id="oc-3d">
         <name>.econst:.string</name>
         <load_address>0x8458a</load_address>
         <run_address>0x8458a</run_address>
         <size>0x5b</size>
         <input_file_ref idref="fl-e"/>
      </object_component>
      <object_component id="oc-49">
         <name>.econst:.string</name>
         <load_address>0x845e6</load_address>
         <run_address>0x845e6</run_address>
         <size>0x55</size>
         <input_file_ref idref="fl-10"/>
      </object_component>
      <object_component id="oc-9a">
         <name>.econst:.string</name>
         <load_address>0x8463c</load_address>
         <run_address>0x8463c</run_address>
         <size>0x26</size>
         <input_file_ref idref="fl-29"/>
      </object_component>
      <object_component id="oc-99">
         <name>.econst</name>
         <load_address>0x84662</load_address>
         <run_address>0x84662</run_address>
         <size>0x1c</size>
         <input_file_ref idref="fl-29"/>
      </object_component>
      <object_component id="oc-c6">
         <name>.econst</name>
         <load_address>0x8467e</load_address>
         <run_address>0x8467e</run_address>
         <size>0x1c</size>
         <input_file_ref idref="fl-32"/>
      </object_component>
      <object_component id="oc-27">
         <name>.econst:.string</name>
         <load_address>0x8469a</load_address>
         <run_address>0x8469a</run_address>
         <size>0x13</size>
         <input_file_ref idref="fl-5"/>
      </object_component>
      <object_component id="oc-c0">
         <name>.econst</name>
         <load_address>0x846ae</load_address>
         <run_address>0x846ae</run_address>
         <size>0x8</size>
         <input_file_ref idref="fl-31"/>
      </object_component>
      <object_component id="oc-139">
         <name>.TI.ramfunc:_Flash_initModule</name>
         <load_address>0x81000</load_address>
         <run_address>0x8000</run_address>
         <size>0x44</size>
         <input_file_ref idref="fl-c"/>
      </object_component>
      <object_component id="oc-14f">
         <name>.TI.ramfunc:_Flash_setBankPowerMode</name>
         <load_address>0x81044</load_address>
         <run_address>0x8044</run_address>
         <size>0x32</size>
         <input_file_ref idref="fl-c"/>
      </object_component>
      <object_component id="oc-153">
         <name>.TI.ramfunc:_Flash_setWaitstates</name>
         <load_address>0x81076</load_address>
         <run_address>0x8076</run_address>
         <size>0x26</size>
         <input_file_ref idref="fl-c"/>
      </object_component>
      <object_component id="oc-150">
         <name>.TI.ramfunc:_Flash_setPumpPowerMode</name>
         <load_address>0x8109c</load_address>
         <run_address>0x809c</run_address>
         <size>0x1f</size>
         <input_file_ref idref="fl-c"/>
      </object_component>
      <object_component id="oc-151">
         <name>.TI.ramfunc:_Flash_disableCache</name>
         <load_address>0x810bb</load_address>
         <run_address>0x80bb</run_address>
         <size>0x18</size>
         <input_file_ref idref="fl-c"/>
      </object_component>
      <object_component id="oc-152">
         <name>.TI.ramfunc:_Flash_disablePrefetch</name>
         <load_address>0x810d3</load_address>
         <run_address>0x80d3</run_address>
         <size>0x18</size>
         <input_file_ref idref="fl-c"/>
      </object_component>
      <object_component id="oc-154">
         <name>.TI.ramfunc:_Flash_enableCache</name>
         <load_address>0x810eb</load_address>
         <run_address>0x80eb</run_address>
         <size>0x18</size>
         <input_file_ref idref="fl-c"/>
      </object_component>
      <object_component id="oc-155">
         <name>.TI.ramfunc:_Flash_enablePrefetch</name>
         <load_address>0x81103</load_address>
         <run_address>0x8103</run_address>
         <size>0x18</size>
         <input_file_ref idref="fl-c"/>
      </object_component>
      <object_component id="oc-156">
         <name>.TI.ramfunc:_Flash_enableECC</name>
         <load_address>0x8111b</load_address>
         <run_address>0x811b</run_address>
         <size>0x17</size>
         <input_file_ref idref="fl-c"/>
      </object_component>
      <object_component id="oc-4f">
         <name>.TI.ramfunc</name>
         <load_address>0x81132</load_address>
         <run_address>0x8132</run_address>
         <size>0x4</size>
         <input_file_ref idref="fl-11"/>
      </object_component>
      <object_component id="oc-12">
         <name>.debug_info</name>
         <load_address>0x0</load_address>
         <run_address>0x0</run_address>
         <size>0x16c2</size>
         <input_file_ref idref="fl-2"/>
      </object_component>
      <object_component id="oc-18">
         <name>.debug_info</name>
         <load_address>0x16c2</load_address>
         <run_address>0x16c2</run_address>
         <size>0x1ad1</size>
         <input_file_ref idref="fl-3"/>
      </object_component>
      <object_component id="oc-1e">
         <name>.debug_info</name>
         <load_address>0x3193</load_address>
         <run_address>0x3193</run_address>
         <size>0x18ec</size>
         <input_file_ref idref="fl-4"/>
      </object_component>
      <object_component id="oc-26">
         <name>.debug_info</name>
         <load_address>0x4a7f</load_address>
         <run_address>0x4a7f</run_address>
         <size>0x1dd2</size>
         <input_file_ref idref="fl-5"/>
      </object_component>
      <object_component id="oc-2c">
         <name>.debug_info</name>
         <load_address>0x6851</load_address>
         <run_address>0x6851</run_address>
         <size>0xf6</size>
         <input_file_ref idref="fl-6"/>
      </object_component>
      <object_component id="oc-30">
         <name>.debug_info</name>
         <load_address>0x6947</load_address>
         <run_address>0x6947</run_address>
         <size>0x15f7</size>
         <input_file_ref idref="fl-c"/>
      </object_component>
      <object_component id="oc-36">
         <name>.debug_info</name>
         <load_address>0x7f3e</load_address>
         <run_address>0x7f3e</run_address>
         <size>0x1062</size>
         <input_file_ref idref="fl-d"/>
      </object_component>
      <object_component id="oc-3c">
         <name>.debug_info</name>
         <load_address>0x8fa0</load_address>
         <run_address>0x8fa0</run_address>
         <size>0xb07</size>
         <input_file_ref idref="fl-e"/>
      </object_component>
      <object_component id="oc-42">
         <name>.debug_info</name>
         <load_address>0x9aa7</load_address>
         <run_address>0x9aa7</run_address>
         <size>0xeaf</size>
         <input_file_ref idref="fl-f"/>
      </object_component>
      <object_component id="oc-48">
         <name>.debug_info</name>
         <load_address>0xa956</load_address>
         <run_address>0xa956</run_address>
         <size>0x84d</size>
         <input_file_ref idref="fl-10"/>
      </object_component>
      <object_component id="oc-4e">
         <name>.debug_info</name>
         <load_address>0xb1a3</load_address>
         <run_address>0xb1a3</run_address>
         <size>0x2c84</size>
         <input_file_ref idref="fl-11"/>
      </object_component>
      <object_component id="oc-58">
         <name>.debug_info</name>
         <load_address>0xde27</load_address>
         <run_address>0xde27</run_address>
         <size>0x176</size>
         <input_file_ref idref="fl-1d"/>
      </object_component>
      <object_component id="oc-5c">
         <name>.debug_info</name>
         <load_address>0xdf9d</load_address>
         <run_address>0xdf9d</run_address>
         <size>0x58a</size>
         <input_file_ref idref="fl-1e"/>
      </object_component>
      <object_component id="oc-61">
         <name>.debug_info</name>
         <load_address>0xe527</load_address>
         <run_address>0xe527</run_address>
         <size>0x485</size>
         <input_file_ref idref="fl-1f"/>
      </object_component>
      <object_component id="oc-66">
         <name>.debug_info</name>
         <load_address>0xe9ac</load_address>
         <run_address>0xe9ac</run_address>
         <size>0x3f8</size>
         <input_file_ref idref="fl-20"/>
      </object_component>
      <object_component id="oc-6b">
         <name>.debug_info</name>
         <load_address>0xeda4</load_address>
         <run_address>0xeda4</run_address>
         <size>0x3f5</size>
         <input_file_ref idref="fl-21"/>
      </object_component>
      <object_component id="oc-70">
         <name>.debug_info</name>
         <load_address>0xf199</load_address>
         <run_address>0xf199</run_address>
         <size>0x58f</size>
         <input_file_ref idref="fl-22"/>
      </object_component>
      <object_component id="oc-77">
         <name>.debug_info</name>
         <load_address>0xf728</load_address>
         <run_address>0xf728</run_address>
         <size>0xb23</size>
         <input_file_ref idref="fl-23"/>
      </object_component>
      <object_component id="oc-7f">
         <name>.debug_info</name>
         <load_address>0x1024b</load_address>
         <run_address>0x1024b</run_address>
         <size>0x517</size>
         <input_file_ref idref="fl-24"/>
      </object_component>
      <object_component id="oc-84">
         <name>.debug_info</name>
         <load_address>0x10762</load_address>
         <run_address>0x10762</run_address>
         <size>0x4b2</size>
         <input_file_ref idref="fl-25"/>
      </object_component>
      <object_component id="oc-89">
         <name>.debug_info</name>
         <load_address>0x10c14</load_address>
         <run_address>0x10c14</run_address>
         <size>0x4ab</size>
         <input_file_ref idref="fl-26"/>
      </object_component>
      <object_component id="oc-8e">
         <name>.debug_info</name>
         <load_address>0x110bf</load_address>
         <run_address>0x110bf</run_address>
         <size>0x4fb</size>
         <input_file_ref idref="fl-27"/>
      </object_component>
      <object_component id="oc-93">
         <name>.debug_info</name>
         <load_address>0x115ba</load_address>
         <run_address>0x115ba</run_address>
         <size>0x7b0</size>
         <input_file_ref idref="fl-28"/>
      </object_component>
      <object_component id="oc-98">
         <name>.debug_info</name>
         <load_address>0x11d6a</load_address>
         <run_address>0x11d6a</run_address>
         <size>0x263d</size>
         <input_file_ref idref="fl-29"/>
      </object_component>
      <object_component id="oc-9f">
         <name>.debug_info</name>
         <load_address>0x143a7</load_address>
         <run_address>0x143a7</run_address>
         <size>0x46a</size>
         <input_file_ref idref="fl-2a"/>
      </object_component>
      <object_component id="oc-a4">
         <name>.debug_info</name>
         <load_address>0x14811</load_address>
         <run_address>0x14811</run_address>
         <size>0x1e7</size>
         <input_file_ref idref="fl-2b"/>
      </object_component>
      <object_component id="oc-a6">
         <name>.debug_info</name>
         <load_address>0x149f8</load_address>
         <run_address>0x149f8</run_address>
         <size>0x4aa</size>
         <input_file_ref idref="fl-2c"/>
      </object_component>
      <object_component id="oc-ab">
         <name>.debug_info</name>
         <load_address>0x14ea2</load_address>
         <run_address>0x14ea2</run_address>
         <size>0x483</size>
         <input_file_ref idref="fl-2d"/>
      </object_component>
      <object_component id="oc-b0">
         <name>.debug_info</name>
         <load_address>0x15325</load_address>
         <run_address>0x15325</run_address>
         <size>0x553</size>
         <input_file_ref idref="fl-2e"/>
      </object_component>
      <object_component id="oc-b5">
         <name>.debug_info</name>
         <load_address>0x15878</load_address>
         <run_address>0x15878</run_address>
         <size>0x542</size>
         <input_file_ref idref="fl-2f"/>
      </object_component>
      <object_component id="oc-ba">
         <name>.debug_info</name>
         <load_address>0x15dba</load_address>
         <run_address>0x15dba</run_address>
         <size>0x535</size>
         <input_file_ref idref="fl-30"/>
      </object_component>
      <object_component id="oc-bf">
         <name>.debug_info</name>
         <load_address>0x162ef</load_address>
         <run_address>0x162ef</run_address>
         <size>0x4e1</size>
         <input_file_ref idref="fl-31"/>
      </object_component>
      <object_component id="oc-c5">
         <name>.debug_info</name>
         <load_address>0x167d0</load_address>
         <run_address>0x167d0</run_address>
         <size>0x56d</size>
         <input_file_ref idref="fl-32"/>
      </object_component>
      <object_component id="oc-cb">
         <name>.debug_info</name>
         <load_address>0x16d3d</load_address>
         <run_address>0x16d3d</run_address>
         <size>0x46e</size>
         <input_file_ref idref="fl-33"/>
      </object_component>
      <object_component id="oc-d1">
         <name>.debug_info</name>
         <load_address>0x171ab</load_address>
         <run_address>0x171ab</run_address>
         <size>0x117</size>
         <input_file_ref idref="fl-34"/>
      </object_component>
      <object_component id="oc-d6">
         <name>.debug_info</name>
         <load_address>0x172c2</load_address>
         <run_address>0x172c2</run_address>
         <size>0x123</size>
         <input_file_ref idref="fl-35"/>
      </object_component>
      <object_component id="oc-db">
         <name>.debug_info</name>
         <load_address>0x173e5</load_address>
         <run_address>0x173e5</run_address>
         <size>0x117</size>
         <input_file_ref idref="fl-36"/>
      </object_component>
      <object_component id="oc-e0">
         <name>.debug_info</name>
         <load_address>0x174fc</load_address>
         <run_address>0x174fc</run_address>
         <size>0x117</size>
         <input_file_ref idref="fl-37"/>
      </object_component>
      <object_component id="oc-e5">
         <name>.debug_info</name>
         <load_address>0x17613</load_address>
         <run_address>0x17613</run_address>
         <size>0x117</size>
         <input_file_ref idref="fl-38"/>
      </object_component>
      <object_component id="oc-ea">
         <name>.debug_info</name>
         <load_address>0x1772a</load_address>
         <run_address>0x1772a</run_address>
         <size>0x125</size>
         <input_file_ref idref="fl-39"/>
      </object_component>
      <object_component id="oc-ef">
         <name>.debug_info</name>
         <load_address>0x1784f</load_address>
         <run_address>0x1784f</run_address>
         <size>0x117</size>
         <input_file_ref idref="fl-3a"/>
      </object_component>
      <object_component id="oc-f4">
         <name>.debug_info</name>
         <load_address>0x17966</load_address>
         <run_address>0x17966</run_address>
         <size>0x117</size>
         <input_file_ref idref="fl-3b"/>
      </object_component>
      <object_component id="oc-f9">
         <name>.debug_info</name>
         <load_address>0x17a7d</load_address>
         <run_address>0x17a7d</run_address>
         <size>0x179</size>
         <input_file_ref idref="fl-3c"/>
      </object_component>
      <object_component id="oc-fe">
         <name>.debug_info</name>
         <load_address>0x17bf6</load_address>
         <run_address>0x17bf6</run_address>
         <size>0x151</size>
         <input_file_ref idref="fl-3d"/>
      </object_component>
      <object_component id="oc-103">
         <name>.debug_info</name>
         <load_address>0x17d47</load_address>
         <run_address>0x17d47</run_address>
         <size>0x234</size>
         <input_file_ref idref="fl-3e"/>
      </object_component>
      <object_component id="oc-108">
         <name>.debug_info</name>
         <load_address>0x17f7b</load_address>
         <run_address>0x17f7b</run_address>
         <size>0x11b</size>
         <input_file_ref idref="fl-3f"/>
      </object_component>
      <object_component id="oc-10d">
         <name>.debug_info</name>
         <load_address>0x18096</load_address>
         <run_address>0x18096</run_address>
         <size>0x11b</size>
         <input_file_ref idref="fl-40"/>
      </object_component>
      <object_component id="oc-112">
         <name>.debug_info</name>
         <load_address>0x181b1</load_address>
         <run_address>0x181b1</run_address>
         <size>0x1a8</size>
         <input_file_ref idref="fl-41"/>
      </object_component>
      <object_component id="oc-117">
         <name>.debug_info</name>
         <load_address>0x18359</load_address>
         <run_address>0x18359</run_address>
         <size>0x11d</size>
         <input_file_ref idref="fl-42"/>
      </object_component>
      <object_component id="oc-11b">
         <name>.debug_info</name>
         <load_address>0x18476</load_address>
         <run_address>0x18476</run_address>
         <size>0x437</size>
         <input_file_ref idref="fl-43"/>
      </object_component>
      <object_component id="oc-120">
         <name>.debug_info</name>
         <load_address>0x188ad</load_address>
         <run_address>0x188ad</run_address>
         <size>0x1c6</size>
         <input_file_ref idref="fl-44"/>
      </object_component>
      <object_component id="oc-196">
         <name>.debug_info</name>
         <load_address>0x18a73</load_address>
         <run_address>0x18a73</run_address>
         <size>0x9d</size>
      </object_component>
      <object_component id="oc-14">
         <name>.debug_frame</name>
         <load_address>0x0</load_address>
         <run_address>0x0</run_address>
         <size>0x1b8</size>
         <input_file_ref idref="fl-2"/>
      </object_component>
      <object_component id="oc-1a">
         <name>.debug_frame</name>
         <load_address>0x1b8</load_address>
         <run_address>0x1b8</run_address>
         <size>0x160</size>
         <input_file_ref idref="fl-3"/>
      </object_component>
      <object_component id="oc-22">
         <name>.debug_frame</name>
         <load_address>0x318</load_address>
         <run_address>0x318</run_address>
         <size>0x230</size>
         <input_file_ref idref="fl-4"/>
      </object_component>
      <object_component id="oc-28">
         <name>.debug_frame</name>
         <load_address>0x548</load_address>
         <run_address>0x548</run_address>
         <size>0x108</size>
         <input_file_ref idref="fl-5"/>
      </object_component>
      <object_component id="oc-32">
         <name>.debug_frame</name>
         <load_address>0x1348</load_address>
         <run_address>0x1348</run_address>
         <size>0x1b6</size>
         <input_file_ref idref="fl-c"/>
      </object_component>
      <object_component id="oc-38">
         <name>.debug_frame</name>
         <load_address>0x14fe</load_address>
         <run_address>0x14fe</run_address>
         <size>0x12f</size>
         <input_file_ref idref="fl-d"/>
      </object_component>
      <object_component id="oc-3e">
         <name>.debug_frame</name>
         <load_address>0x162d</load_address>
         <run_address>0x162d</run_address>
         <size>0x114</size>
         <input_file_ref idref="fl-e"/>
      </object_component>
      <object_component id="oc-44">
         <name>.debug_frame</name>
         <load_address>0x1741</load_address>
         <run_address>0x1741</run_address>
         <size>0x12f</size>
         <input_file_ref idref="fl-f"/>
      </object_component>
      <object_component id="oc-4a">
         <name>.debug_frame</name>
         <load_address>0x1870</load_address>
         <run_address>0x1870</run_address>
         <size>0xc3</size>
         <input_file_ref idref="fl-10"/>
      </object_component>
      <object_component id="oc-51">
         <name>.debug_frame</name>
         <load_address>0x1933</load_address>
         <run_address>0x1933</run_address>
         <size>0x2b0</size>
         <input_file_ref idref="fl-11"/>
      </object_component>
      <object_component id="oc-5d">
         <name>.debug_frame</name>
         <load_address>0x650</load_address>
         <run_address>0x650</run_address>
         <size>0x68</size>
         <input_file_ref idref="fl-1e"/>
      </object_component>
      <object_component id="oc-62">
         <name>.debug_frame</name>
         <load_address>0x6b8</load_address>
         <run_address>0x6b8</run_address>
         <size>0x48</size>
         <input_file_ref idref="fl-1f"/>
      </object_component>
      <object_component id="oc-67">
         <name>.debug_frame</name>
         <load_address>0x700</load_address>
         <run_address>0x700</run_address>
         <size>0x48</size>
         <input_file_ref idref="fl-20"/>
      </object_component>
      <object_component id="oc-6c">
         <name>.debug_frame</name>
         <load_address>0x748</load_address>
         <run_address>0x748</run_address>
         <size>0x48</size>
         <input_file_ref idref="fl-21"/>
      </object_component>
      <object_component id="oc-73">
         <name>.debug_frame</name>
         <load_address>0x790</load_address>
         <run_address>0x790</run_address>
         <size>0x68</size>
         <input_file_ref idref="fl-22"/>
      </object_component>
      <object_component id="oc-7b">
         <name>.debug_frame</name>
         <load_address>0x7f8</load_address>
         <run_address>0x7f8</run_address>
         <size>0x140</size>
         <input_file_ref idref="fl-23"/>
      </object_component>
      <object_component id="oc-80">
         <name>.debug_frame</name>
         <load_address>0x938</load_address>
         <run_address>0x938</run_address>
         <size>0x78</size>
         <input_file_ref idref="fl-24"/>
      </object_component>
      <object_component id="oc-85">
         <name>.debug_frame</name>
         <load_address>0x9b0</load_address>
         <run_address>0x9b0</run_address>
         <size>0x48</size>
         <input_file_ref idref="fl-25"/>
      </object_component>
      <object_component id="oc-8a">
         <name>.debug_frame</name>
         <load_address>0x9f8</load_address>
         <run_address>0x9f8</run_address>
         <size>0x4c</size>
         <input_file_ref idref="fl-26"/>
      </object_component>
      <object_component id="oc-8f">
         <name>.debug_frame</name>
         <load_address>0xa44</load_address>
         <run_address>0xa44</run_address>
         <size>0x48</size>
         <input_file_ref idref="fl-27"/>
      </object_component>
      <object_component id="oc-94">
         <name>.debug_frame</name>
         <load_address>0xa8c</load_address>
         <run_address>0xa8c</run_address>
         <size>0x9c</size>
         <input_file_ref idref="fl-28"/>
      </object_component>
      <object_component id="oc-9b">
         <name>.debug_frame</name>
         <load_address>0xb28</load_address>
         <run_address>0xb28</run_address>
         <size>0x50c</size>
         <input_file_ref idref="fl-29"/>
      </object_component>
      <object_component id="oc-a0">
         <name>.debug_frame</name>
         <load_address>0x1034</load_address>
         <run_address>0x1034</run_address>
         <size>0x48</size>
         <input_file_ref idref="fl-2a"/>
      </object_component>
      <object_component id="oc-a7">
         <name>.debug_frame</name>
         <load_address>0x107c</load_address>
         <run_address>0x107c</run_address>
         <size>0x54</size>
         <input_file_ref idref="fl-2c"/>
      </object_component>
      <object_component id="oc-ac">
         <name>.debug_frame</name>
         <load_address>0x10d0</load_address>
         <run_address>0x10d0</run_address>
         <size>0x48</size>
         <input_file_ref idref="fl-2d"/>
      </object_component>
      <object_component id="oc-b1">
         <name>.debug_frame</name>
         <load_address>0x1118</load_address>
         <run_address>0x1118</run_address>
         <size>0x48</size>
         <input_file_ref idref="fl-2e"/>
      </object_component>
      <object_component id="oc-b6">
         <name>.debug_frame</name>
         <load_address>0x1160</load_address>
         <run_address>0x1160</run_address>
         <size>0x4c</size>
         <input_file_ref idref="fl-2f"/>
      </object_component>
      <object_component id="oc-bb">
         <name>.debug_frame</name>
         <load_address>0x11ac</load_address>
         <run_address>0x11ac</run_address>
         <size>0x48</size>
         <input_file_ref idref="fl-30"/>
      </object_component>
      <object_component id="oc-c1">
         <name>.debug_frame</name>
         <load_address>0x11f4</load_address>
         <run_address>0x11f4</run_address>
         <size>0x60</size>
         <input_file_ref idref="fl-31"/>
      </object_component>
      <object_component id="oc-c7">
         <name>.debug_frame</name>
         <load_address>0x1254</load_address>
         <run_address>0x1254</run_address>
         <size>0x60</size>
         <input_file_ref idref="fl-32"/>
      </object_component>
      <object_component id="oc-cc">
         <name>.debug_frame</name>
         <load_address>0x12b4</load_address>
         <run_address>0x12b4</run_address>
         <size>0x4c</size>
         <input_file_ref idref="fl-33"/>
      </object_component>
      <object_component id="oc-11c">
         <name>.debug_frame</name>
         <load_address>0x1300</load_address>
         <run_address>0x1300</run_address>
         <size>0x48</size>
         <input_file_ref idref="fl-43"/>
      </object_component>
      <object_component id="oc-15">
         <name>.debug_line</name>
         <load_address>0x0</load_address>
         <run_address>0x0</run_address>
         <size>0x2ac</size>
         <input_file_ref idref="fl-2"/>
      </object_component>
      <object_component id="oc-1b">
         <name>.debug_line</name>
         <load_address>0x2ac</load_address>
         <run_address>0x2ac</run_address>
         <size>0x1c3</size>
         <input_file_ref idref="fl-3"/>
      </object_component>
      <object_component id="oc-23">
         <name>.debug_line</name>
         <load_address>0x46f</load_address>
         <run_address>0x46f</run_address>
         <size>0x33a</size>
         <input_file_ref idref="fl-4"/>
      </object_component>
      <object_component id="oc-29">
         <name>.debug_line</name>
         <load_address>0x7a9</load_address>
         <run_address>0x7a9</run_address>
         <size>0x1ee</size>
         <input_file_ref idref="fl-5"/>
      </object_component>
      <object_component id="oc-2d">
         <name>.debug_line</name>
         <load_address>0x997</load_address>
         <run_address>0x997</run_address>
         <size>0x54</size>
         <input_file_ref idref="fl-6"/>
      </object_component>
      <object_component id="oc-33">
         <name>.debug_line</name>
         <load_address>0x9eb</load_address>
         <run_address>0x9eb</run_address>
         <size>0x20a</size>
         <input_file_ref idref="fl-c"/>
      </object_component>
      <object_component id="oc-39">
         <name>.debug_line</name>
         <load_address>0xbf5</load_address>
         <run_address>0xbf5</run_address>
         <size>0x238</size>
         <input_file_ref idref="fl-d"/>
      </object_component>
      <object_component id="oc-3f">
         <name>.debug_line</name>
         <load_address>0xe2d</load_address>
         <run_address>0xe2d</run_address>
         <size>0x1a8</size>
         <input_file_ref idref="fl-e"/>
      </object_component>
      <object_component id="oc-45">
         <name>.debug_line</name>
         <load_address>0xfd5</load_address>
         <run_address>0xfd5</run_address>
         <size>0x187</size>
         <input_file_ref idref="fl-f"/>
      </object_component>
      <object_component id="oc-4b">
         <name>.debug_line</name>
         <load_address>0x115c</load_address>
         <run_address>0x115c</run_address>
         <size>0x10a</size>
         <input_file_ref idref="fl-10"/>
      </object_component>
      <object_component id="oc-52">
         <name>.debug_line</name>
         <load_address>0x1266</load_address>
         <run_address>0x1266</run_address>
         <size>0x574</size>
         <input_file_ref idref="fl-11"/>
      </object_component>
      <object_component id="oc-59">
         <name>.debug_line</name>
         <load_address>0x17da</load_address>
         <run_address>0x17da</run_address>
         <size>0x7e</size>
         <input_file_ref idref="fl-1d"/>
      </object_component>
      <object_component id="oc-5e">
         <name>.debug_line</name>
         <load_address>0x1858</load_address>
         <run_address>0x1858</run_address>
         <size>0x50</size>
         <input_file_ref idref="fl-1e"/>
      </object_component>
      <object_component id="oc-63">
         <name>.debug_line</name>
         <load_address>0x18a8</load_address>
         <run_address>0x18a8</run_address>
         <size>0x62</size>
         <input_file_ref idref="fl-1f"/>
      </object_component>
      <object_component id="oc-68">
         <name>.debug_line</name>
         <load_address>0x190a</load_address>
         <run_address>0x190a</run_address>
         <size>0x3e</size>
         <input_file_ref idref="fl-20"/>
      </object_component>
      <object_component id="oc-6d">
         <name>.debug_line</name>
         <load_address>0x1948</load_address>
         <run_address>0x1948</run_address>
         <size>0x3a</size>
         <input_file_ref idref="fl-21"/>
      </object_component>
      <object_component id="oc-74">
         <name>.debug_line</name>
         <load_address>0x1982</load_address>
         <run_address>0x1982</run_address>
         <size>0x65</size>
         <input_file_ref idref="fl-22"/>
      </object_component>
      <object_component id="oc-7c">
         <name>.debug_line</name>
         <load_address>0x19e7</load_address>
         <run_address>0x19e7</run_address>
         <size>0x2da</size>
         <input_file_ref idref="fl-23"/>
      </object_component>
      <object_component id="oc-81">
         <name>.debug_line</name>
         <load_address>0x1cc1</load_address>
         <run_address>0x1cc1</run_address>
         <size>0x5e</size>
         <input_file_ref idref="fl-24"/>
      </object_component>
      <object_component id="oc-86">
         <name>.debug_line</name>
         <load_address>0x1d1f</load_address>
         <run_address>0x1d1f</run_address>
         <size>0x55</size>
         <input_file_ref idref="fl-25"/>
      </object_component>
      <object_component id="oc-8b">
         <name>.debug_line</name>
         <load_address>0x1d74</load_address>
         <run_address>0x1d74</run_address>
         <size>0x54</size>
         <input_file_ref idref="fl-26"/>
      </object_component>
      <object_component id="oc-90">
         <name>.debug_line</name>
         <load_address>0x1dc8</load_address>
         <run_address>0x1dc8</run_address>
         <size>0xb1</size>
         <input_file_ref idref="fl-27"/>
      </object_component>
      <object_component id="oc-95">
         <name>.debug_line</name>
         <load_address>0x1e79</load_address>
         <run_address>0x1e79</run_address>
         <size>0xa5</size>
         <input_file_ref idref="fl-28"/>
      </object_component>
      <object_component id="oc-9c">
         <name>.debug_line</name>
         <load_address>0x1f1e</load_address>
         <run_address>0x1f1e</run_address>
         <size>0xcda</size>
         <input_file_ref idref="fl-29"/>
      </object_component>
      <object_component id="oc-a1">
         <name>.debug_line</name>
         <load_address>0x2bf8</load_address>
         <run_address>0x2bf8</run_address>
         <size>0x6a</size>
         <input_file_ref idref="fl-2a"/>
      </object_component>
      <object_component id="oc-a8">
         <name>.debug_line</name>
         <load_address>0x2c62</load_address>
         <run_address>0x2c62</run_address>
         <size>0x5f</size>
         <input_file_ref idref="fl-2c"/>
      </object_component>
      <object_component id="oc-ad">
         <name>.debug_line</name>
         <load_address>0x2cc1</load_address>
         <run_address>0x2cc1</run_address>
         <size>0x48</size>
         <input_file_ref idref="fl-2d"/>
      </object_component>
      <object_component id="oc-b2">
         <name>.debug_line</name>
         <load_address>0x2d09</load_address>
         <run_address>0x2d09</run_address>
         <size>0xb4</size>
         <input_file_ref idref="fl-2e"/>
      </object_component>
      <object_component id="oc-b7">
         <name>.debug_line</name>
         <load_address>0x2dbd</load_address>
         <run_address>0x2dbd</run_address>
         <size>0xb2</size>
         <input_file_ref idref="fl-2f"/>
      </object_component>
      <object_component id="oc-bc">
         <name>.debug_line</name>
         <load_address>0x2e6f</load_address>
         <run_address>0x2e6f</run_address>
         <size>0xab</size>
         <input_file_ref idref="fl-30"/>
      </object_component>
      <object_component id="oc-c2">
         <name>.debug_line</name>
         <load_address>0x2f1a</load_address>
         <run_address>0x2f1a</run_address>
         <size>0x58</size>
         <input_file_ref idref="fl-31"/>
      </object_component>
      <object_component id="oc-c8">
         <name>.debug_line</name>
         <load_address>0x2f72</load_address>
         <run_address>0x2f72</run_address>
         <size>0x72</size>
         <input_file_ref idref="fl-32"/>
      </object_component>
      <object_component id="oc-cd">
         <name>.debug_line</name>
         <load_address>0x2fe4</load_address>
         <run_address>0x2fe4</run_address>
         <size>0x42</size>
         <input_file_ref idref="fl-33"/>
      </object_component>
      <object_component id="oc-d2">
         <name>.debug_line</name>
         <load_address>0x3026</load_address>
         <run_address>0x3026</run_address>
         <size>0xc4</size>
         <input_file_ref idref="fl-34"/>
      </object_component>
      <object_component id="oc-d7">
         <name>.debug_line</name>
         <load_address>0x30ea</load_address>
         <run_address>0x30ea</run_address>
         <size>0x60</size>
         <input_file_ref idref="fl-35"/>
      </object_component>
      <object_component id="oc-dc">
         <name>.debug_line</name>
         <load_address>0x314a</load_address>
         <run_address>0x314a</run_address>
         <size>0xb3</size>
         <input_file_ref idref="fl-36"/>
      </object_component>
      <object_component id="oc-e1">
         <name>.debug_line</name>
         <load_address>0x31fd</load_address>
         <run_address>0x31fd</run_address>
         <size>0xa2</size>
         <input_file_ref idref="fl-37"/>
      </object_component>
      <object_component id="oc-e6">
         <name>.debug_line</name>
         <load_address>0x329f</load_address>
         <run_address>0x329f</run_address>
         <size>0x45</size>
         <input_file_ref idref="fl-38"/>
      </object_component>
      <object_component id="oc-eb">
         <name>.debug_line</name>
         <load_address>0x32e4</load_address>
         <run_address>0x32e4</run_address>
         <size>0x49</size>
         <input_file_ref idref="fl-39"/>
      </object_component>
      <object_component id="oc-f0">
         <name>.debug_line</name>
         <load_address>0x332d</load_address>
         <run_address>0x332d</run_address>
         <size>0x59</size>
         <input_file_ref idref="fl-3a"/>
      </object_component>
      <object_component id="oc-f5">
         <name>.debug_line</name>
         <load_address>0x3386</load_address>
         <run_address>0x3386</run_address>
         <size>0x58</size>
         <input_file_ref idref="fl-3b"/>
      </object_component>
      <object_component id="oc-fa">
         <name>.debug_line</name>
         <load_address>0x33de</load_address>
         <run_address>0x33de</run_address>
         <size>0x6c</size>
         <input_file_ref idref="fl-3c"/>
      </object_component>
      <object_component id="oc-ff">
         <name>.debug_line</name>
         <load_address>0x344a</load_address>
         <run_address>0x344a</run_address>
         <size>0x63</size>
         <input_file_ref idref="fl-3d"/>
      </object_component>
      <object_component id="oc-104">
         <name>.debug_line</name>
         <load_address>0x34ad</load_address>
         <run_address>0x34ad</run_address>
         <size>0x16b</size>
         <input_file_ref idref="fl-3e"/>
      </object_component>
      <object_component id="oc-109">
         <name>.debug_line</name>
         <load_address>0x3618</load_address>
         <run_address>0x3618</run_address>
         <size>0x57</size>
         <input_file_ref idref="fl-3f"/>
      </object_component>
      <object_component id="oc-10e">
         <name>.debug_line</name>
         <load_address>0x366f</load_address>
         <run_address>0x366f</run_address>
         <size>0x56</size>
         <input_file_ref idref="fl-40"/>
      </object_component>
      <object_component id="oc-113">
[...]
      <symbol id="sm-0">
         <name>_RamfuncsLoadStart</name>
         <value>0x81000</value>
      </symbol>
      <symbol id="sm-1">
         <name>_RamfuncsLoadSize</name>
         <value>0x136</value>
      </symbol>
      <symbol id="sm-2">
         <name>_RamfuncsLoadEnd</name>
         <value>0x81136</value>
      </symbol>
      <symbol id="sm-3">
         <name>_RamfuncsRunStart</name>
         <value>0x8000</value>
      </symbol>
      <symbol id="sm-4">
         <name>_RamfuncsRunSize</name>
         <value>0x136</value>
      </symbol>
      <symbol id="sm-5">
         <name>_RamfuncsRunEnd</name>
         <value>0x8136</value>
      </symbol>
      <symbol id="sm-6">
         <name>cinit</name>
         <value>0x81138</value>
      </symbol>
      <symbol id="sm-7">
         <name>___cinit__</name>
         <value>0x81138</value>
      </symbol>
      <symbol id="sm-8">
         <name>pinit</name>
         <value>0xffffffff</value>
      </symbol>
      <symbol id="sm-9">
         <name>___pinit__</name>
         <value>0xffffffff</value>
      </symbol>
      <symbol id="sm-a">
         <name>binit</name>
         <value>0xffffffff</value>
      </symbol>
      <symbol id="sm-b">
         <name>___binit__</name>
         <value>0xffffffff</value>
      </symbol>
      <symbol id="sm-c">
         <name>__STACK_SIZE</name>
         <value>0x100</value>
      </symbol>
      <symbol id="sm-d">
         <name>__STACK_END</name>
         <value>0x500</value>
      </symbol>
      <symbol id="sm-e">
         <name>__SYSMEM_SIZE</name>
         <value>0x50</value>
      </symbol>
      <symbol id="sm-f">
         <name>___c_args__</name>
         <value>0xffffffff</value>
      </symbol>
      <symbol id="sm-10">
         <name>.text</name>
         <value>0xffffffff</value>
      </symbol>
      <symbol id="sm-11">
         <name>___text__</name>
         <value>0xffffffff</value>
      </symbol>
      <symbol id="sm-12">
         <name>etext</name>
         <value>0xffffffff</value>
      </symbol>
      <symbol id="sm-13">
         <name>___etext__</name>
         <value>0xffffffff</value>
      </symbol>
      <symbol id="sm-14">
         <name>___TI_pprof_out_hndl</name>
         <value>0xffffffff</value>
      </symbol>
      <symbol id="sm-15">
         <name>___TI_prof_data_start</name>
         <value>0xffffffff</value>
      </symbol>
      <symbol id="sm-16">
         <name>___TI_prof_data_size</name>
         <value>0xffffffff</value>
      </symbol>
      <symbol id="sm-75">
         <name>_MAX31855_readInternal</name>
         <value>0x82405</value>
         <object_component_ref idref="oc-133"/>
      </symbol>
      <symbol id="sm-76">
         <name>_MAX31855_readCelsius</name>
         <value>0x823a9</value>
         <object_component_ref idref="oc-133"/>
      </symbol>
      <symbol id="sm-77">
         <name>_InitSPI</name>
         <value>0x82318</value>
         <object_component_ref idref="oc-133"/>
      </symbol>
      <symbol id="sm-78">
         <name>_MAX31855_readFarenheit</name>
         <value>0x823e8</value>
         <object_component_ref idref="oc-133"/>
      </symbol>
      <symbol id="sm-79">
         <name>_spi_read</name>
         <value>0x82374</value>
         <object_component_ref idref="oc-133"/>
      </symbol>
      <symbol id="sm-a3">
         <name>_main</name>
         <value>0x82903</value>
         <object_component_ref idref="oc-12a"/>
      </symbol>
      <symbol id="sm-a4">
         <name>_initEPWM1</name>
         <value>0x828c1</value>
         <object_component_ref idref="oc-12a"/>
      </symbol>
      <symbol id="sm-f5">
         <name>_Report</name>
         <value>0x82205</value>
         <object_component_ref idref="oc-132"/>
      </symbol>
      <symbol id="sm-f6">
         <name>_Message</name>
         <value>0x8213a</value>
         <object_component_ref idref="oc-132"/>
      </symbol>
      <symbol id="sm-f7">
         <name>_ClearTerm</name>
         <value>0x8214c</value>
         <object_component_ref idref="oc-132"/>
      </symbol>
      <symbol id="sm-f8">
         <name>_TrimSpace</name>
         <value>0x821c7</value>
         <object_component_ref idref="oc-132"/>
      </symbol>
      <symbol id="sm-f9">
         <name>_InitTerm</name>
         <value>0x820ff</value>
         <object_component_ref idref="oc-132"/>
      </symbol>
      <symbol id="sm-fa">
         <name>_GetCmd</name>
         <value>0x82175</value>
         <object_component_ref idref="oc-132"/>
      </symbol>
      <symbol id="sm-fb">
         <name>_Error</name>
         <value>0x82151</value>
         <object_component_ref idref="oc-132"/>
      </symbol>
      <symbol id="sm-fc">
         <name>_ilen</name>
         <value>0xa85e</value>
         <object_component_ref idref="oc-20"/>
      </symbol>
      <symbol id="sm-111">
         <name>_Device_initGPIO</name>
         <value>0x82757</value>
         <object_component_ref idref="oc-12d"/>
      </symbol>
      <symbol id="sm-112">
         <name>___error__</name>
         <value>0x82795</value>
         <object_component_ref idref="oc-12d"/>
      </symbol>
      <symbol id="sm-113">
         <name>_Device_init</name>
         <value>0x82643</value>
         <object_component_ref idref="oc-12d"/>
      </symbol>
      <symbol id="sm-114">
         <name>_Device_enableAllPeripherals</name>
         <value>0x82689</value>
         <object_component_ref idref="oc-12d"/>
      </symbol>
      <symbol id="sm-121">
         <name>code_start</name>
         <value>0x80000</value>
         <object_component_ref idref="oc-11"/>
      </symbol>
      <symbol id="sm-160">
         <name>_Flash_initModule</name>
         <value>0x8000</value>
         <object_component_ref idref="oc-139"/>
      </symbol>
      <symbol id="sm-18b">
         <name>_GPIO_setMasterCore</name>
         <value>0x830d8</value>
         <object_component_ref idref="oc-13a"/>
      </symbol>
      <symbol id="sm-18c">
         <name>_GPIO_setPinConfig</name>
         <value>0x82fc2</value>
         <object_component_ref idref="oc-12f"/>
      </symbol>
      <symbol id="sm-18d">
         <name>_GPIO_setDirectionMode</name>
         <value>0x83148</value>
         <object_component_ref idref="oc-13b"/>
      </symbol>
      <symbol id="sm-18e">
         <name>_GPIO_setQualificationMode</name>
         <value>0x83110</value>
         <object_component_ref idref="oc-13c"/>
      </symbol>
      <symbol id="sm-18f">
         <name>_GPIO_setPadConfig</name>
         <value>0x83000</value>
         <object_component_ref idref="oc-12e"/>
      </symbol>
      <symbol id="sm-1b6">
         <name>_Interrupt_initVectorTable</name>
         <value>0x83302</value>
         <object_component_ref idref="oc-131"/>
      </symbol>
      <symbol id="sm-1b7">
         <name>_Interrupt_initModule</name>
         <value>0x82f6e</value>
         <object_component_ref idref="oc-130"/>
      </symbol>
      <symbol id="sm-1e3">
         <name>_SCI_clearInterruptStatus</name>
         <value>0x83052</value>
         <object_component_ref idref="oc-143"/>
      </symbol>
      <symbol id="sm-1e4">
         <name>_SCI_setConfig</name>
         <value>0x83098</value>
         <object_component_ref idref="oc-142"/>
      </symbol>
      <symbol id="sm-1ff">
         <name>_SPI_setConfig</name>
         <value>0x82db4</value>
         <object_component_ref idref="oc-148"/>
      </symbol>
      <symbol id="sm-295">
         <name>_SysCtl_selectXTALSingleEnded</name>
         <value>0x83442</value>
         <object_component_ref idref="oc-15e"/>
      </symbol>
      <symbol id="sm-296">
         <name>_SysCtl_selectXTAL</name>
         <value>0x83277</value>
         <object_component_ref idref="oc-15d"/>
      </symbol>
      <symbol id="sm-297">
         <name>_SysCtl_delay</name>
         <value>0x8132</value>
         <object_component_ref idref="oc-4f"/>
      </symbol>
      <symbol id="sm-298">
         <name>_SysCtl_selectOscSource</name>
         <value>0x82ec2</value>
         <object_component_ref idref="oc-14b"/>
      </symbol>
      <symbol id="sm-299">
         <name>_SysCtl_isPLLValid</name>
         <value>0x82a97</value>
         <object_component_ref idref="oc-14c"/>
      </symbol>
      <symbol id="sm-29a">
         <name>_SysCtl_setClock</name>
         <value>0x82936</value>
         <object_component_ref idref="oc-136"/>
      </symbol>
      <symbol id="sm-29b">
         <name>_SysCtl_getLowSpeedClock</name>
         <value>0x83428</value>
         <object_component_ref idref="oc-138"/>
      </symbol>
      <symbol id="sm-29c">
         <name>_SysCtl_getClock</name>
         <value>0x82ce8</value>
         <object_component_ref idref="oc-137"/>
      </symbol>
      <symbol id="sm-2b7">
         <name>_c_int00</name>
         <value>0x82f18</value>
         <object_component_ref idref="oc-55"/>
      </symbol>
      <symbol id="sm-2b8">
         <name>__stack</name>
         <value>0x400</value>
         <object_component_ref idref="oc-56"/>
      </symbol>
      <symbol id="sm-2c7">
         <name>_copy_in</name>
         <value>0x8329b</value>
         <object_component_ref idref="oc-125"/>
      </symbol>
      <symbol id="sm-2d8">
         <name>_memcpy</name>
         <value>0x833b8</value>
         <object_component_ref idref="oc-129"/>
      </symbol>
      <symbol id="sm-2e4">
         <name>__system_pre_init</name>
         <value>0x8364f</value>
         <object_component_ref idref="oc-124"/>
      </symbol>
      <symbol id="sm-2f1">
         <name>__system_post_cinit</name>
         <value>0x82fff</value>
         <object_component_ref idref="oc-126"/>
      </symbol>
      <symbol id="sm-305">
         <name>C$$EXIT</name>
         <value>0x83204</value>
         <object_component_ref idref="oc-128"/>
      </symbol>
      <symbol id="sm-306">
         <name>_exit</name>
         <value>0x83206</value>
         <object_component_ref idref="oc-128"/>
      </symbol>
      <symbol id="sm-307">
         <name>___TI_cleanup_ptr</name>
         <value>0xa85a</value>
         <object_component_ref idref="oc-72"/>
      </symbol>
      <symbol id="sm-308">
         <name>___TI_enable_exit_profile_output</name>
         <value>0xa858</value>
         <object_component_ref idref="oc-72"/>
      </symbol>
      <symbol id="sm-309">
         <name>_abort</name>
         <value>0x83204</value>
         <object_component_ref idref="oc-128"/>
      </symbol>
      <symbol id="sm-30a">
         <name>___TI_dtors_ptr</name>
         <value>0xa85c</value>
         <object_component_ref idref="oc-72"/>
      </symbol>
      <symbol id="sm-351">
         <name>__sys_memory</name>
         <value>0xa800</value>
         <object_component_ref idref="oc-7a"/>
      </symbol>
      <symbol id="sm-352">
         <name>_chkheap</name>
         <value>0x825e8</value>
         <object_component_ref idref="oc-147"/>
      </symbol>
      <symbol id="sm-353">
         <name>_realloc</name>
         <value>0x824f4</value>
         <object_component_ref idref="oc-147"/>
      </symbol>
      <symbol id="sm-354">
         <name>_free_memory</name>
         <value>0x825ca</value>
         <object_component_ref idref="oc-147"/>
      </symbol>
      <symbol id="sm-355">
         <name>_max_free</name>
         <value>0x825a8</value>
         <object_component_ref idref="oc-147"/>
      </symbol>
      <symbol id="sm-356">
         <name>_free</name>
         <value>0x8242d</value>
         <object_component_ref idref="oc-147"/>
      </symbol>
      <symbol id="sm-357">
         <name>_calloc</name>
         <value>0x825ea</value>
         <object_component_ref idref="oc-147"/>
      </symbol>
      <symbol id="sm-358">
         <name>_malloc</name>
         <value>0x82496</value>
         <object_component_ref idref="oc-147"/>
      </symbol>
      <symbol id="sm-359">
         <name>_minit</name>
         <value>0x82471</value>
         <object_component_ref idref="oc-147"/>
      </symbol>
      <symbol id="sm-36d">
         <name>__unlock</name>
         <value>0xa864</value>
         <object_component_ref idref="oc-149"/>
      </symbol>
      <symbol id="sm-36e">
         <name>__lock</name>
         <value>0xa862</value>
         <object_component_ref idref="oc-12b"/>
      </symbol>
      <symbol id="sm-36f">
         <name>__register_lock</name>
         <value>0x83620</value>
         <object_component_ref idref="oc-134"/>
      </symbol>
      <symbol id="sm-370">
         <name>__nop</name>
         <value>0x83624</value>
         <object_component_ref idref="oc-134"/>
      </symbol>
      <symbol id="sm-371">
         <name>__register_unlock</name>
         <value>0x8361c</value>
         <object_component_ref idref="oc-134"/>
      </symbol>
      <symbol id="sm-380">
         <name>__args_main</name>
         <value>0x8348e</value>
         <object_component_ref idref="oc-127"/>
      </symbol>
      <symbol id="sm-38f">
         <name>_memmove</name>
         <value>0x8340d</value>
         <object_component_ref idref="oc-146"/>
      </symbol>
      <symbol id="sm-39c">
         <name>_strlen</name>
         <value>0x83637</value>
         <object_component_ref idref="oc-145"/>
      </symbol>
      <symbol id="sm-3b0">
         <name>_vsnprintf</name>
         <value>0x82e6a</value>
         <object_component_ref idref="oc-144"/>
      </symbol>
      <symbol id="sm-50f">
         <name>___TI_printfi</name>
         <value>0x81d30</value>
         <object_component_ref idref="oc-15b"/>
      </symbol>
      <symbol id="sm-523">
         <name>_atoi</name>
         <value>0x83179</value>
         <object_component_ref idref="oc-169"/>
      </symbol>
      <symbol id="sm-52b">
         <name>__ctypes_</name>
         <value>0x84000</value>
         <object_component_ref idref="oc-175"/>
      </symbol>
      <symbol id="sm-539">
         <name>_ltoa</name>
         <value>0x831aa</value>
         <object_component_ref idref="oc-16a"/>
      </symbol>
      <symbol id="sm-548">
         <name>_memccpy</name>
         <value>0x835ec</value>
         <object_component_ref idref="oc-170"/>
      </symbol>
      <symbol id="sm-556">
         <name>_memset</name>
         <value>0x835f9</value>
         <object_component_ref idref="oc-16e"/>
      </symbol>
      <symbol id="sm-565">
         <name>_strchr</name>
         <value>0x83605</value>
         <object_component_ref idref="oc-16d"/>
      </symbol>
      <symbol id="sm-572">
         <name>_strcpy</name>
         <value>0x83646</value>
         <object_component_ref idref="oc-16f"/>
      </symbol>
      <symbol id="sm-585">
         <name>_frexpl</name>
         <value>0x82e10</value>
         <object_component_ref idref="oc-16b"/>
      </symbol>
      <symbol id="sm-5a3">
         <name>_scalbnl</name>
         <value>0x829e9</value>
         <object_component_ref idref="oc-16c"/>
      </symbol>
      <symbol id="sm-5a4">
         <name>_ldexpl</name>
         <value>0x829e9</value>
         <object_component_ref idref="oc-16c"/>
      </symbol>
      <symbol id="sm-5b1">
         <name>_copysignl</name>
         <value>0x83252</value>
         <object_component_ref idref="oc-176"/>
      </symbol>
      <symbol id="sm-5cc">
         <name>FD$$ADD</name>
         <value>0x82b3e</value>
         <object_component_ref idref="oc-d0"/>
      </symbol>
      <symbol id="sm-5dc">
         <name>FD$$CMP</name>
         <value>0x81fd6</value>
         <object_component_ref idref="oc-d5"/>
      </symbol>
      <symbol id="sm-5f3">
         <name>FD$$DIV</name>
         <value>0x82bda</value>
         <object_component_ref idref="oc-da"/>
      </symbol>
      <symbol id="sm-605">
         <name>FD$$MPY</name>
         <value>0x82c65</value>
         <object_component_ref idref="oc-df"/>
      </symbol>
      <symbol id="sm-612">
         <name>FD$$NEG</name>
         <value>0x83625</value>
         <object_component_ref idref="oc-e4"/>
      </symbol>
      <symbol id="sm-61e">
         <name>FD$$SUB</name>
         <value>0x835d1</value>
         <object_component_ref idref="oc-e9"/>
      </symbol>
      <symbol id="sm-62d">
         <name>FD$$TOI</name>
         <value>0x832e1</value>
         <object_component_ref idref="oc-ee"/>
      </symbol>
      <symbol id="sm-63c">
         <name>FD$$TOL</name>
         <value>0x83341</value>
         <object_component_ref idref="oc-f3"/>
      </symbol>
      <symbol id="sm-648">
         <name>LL$$AND</name>
         <value>0x834a7</value>
         <object_component_ref idref="oc-f8"/>
      </symbol>
      <symbol id="sm-649">
         <name>LL$$OR</name>
         <value>0x834af</value>
         <object_component_ref idref="oc-f8"/>
      </symbol>
      <symbol id="sm-64a">
         <name>LL$$XOR</name>
         <value>0x834b7</value>
         <object_component_ref idref="oc-f8"/>
      </symbol>
      <symbol id="sm-658">
         <name>ULL$$CMP</name>
         <value>0x83372</value>
         <object_component_ref idref="oc-fd"/>
      </symbol>
      <symbol id="sm-659">
         <name>LL$$CMP</name>
         <value>0x83360</value>
         <object_component_ref idref="oc-fd"/>
      </symbol>
      <symbol id="sm-685">
         <name>ULL$$MOD</name>
         <value>0x81f74</value>
         <object_component_ref idref="oc-102"/>
      </symbol>
      <symbol id="sm-686">
         <name>ULL$$DIV</name>
         <value>0x81f45</value>
         <object_component_ref idref="oc-102"/>
      </symbol>
      <symbol id="sm-687">
         <name>LL$$MOD</name>
         <value>0x81f0b</value>
         <object_component_ref idref="oc-102"/>
      </symbol>
      <symbol id="sm-688">
         <name>LL$$DIV</name>
         <value>0x81ecf</value>
         <object_component_ref idref="oc-102"/>
      </symbol>
      <symbol id="sm-698">
         <name>I$$TOFD</name>
         <value>0x8339b</value>
         <object_component_ref idref="oc-107"/>
      </symbol>
      <symbol id="sm-6a8">
         <name>L$$TOFD</name>
         <value>0x833f1</value>
         <object_component_ref idref="oc-10c"/>
      </symbol>
      <symbol id="sm-6b4">
         <name>UL$$MOD</name>
         <value>0x831fe</value>
         <object_component_ref idref="oc-111"/>
      </symbol>
      <symbol id="sm-6b5">
         <name>L$$MOD</name>
         <value>0x831e9</value>
         <object_component_ref idref="oc-111"/>
      </symbol>
      <symbol id="sm-6b6">
         <name>L$$DIV</name>
         <value>0x831da</value>
         <object_component_ref idref="oc-111"/>
      </symbol>
      <symbol id="sm-6b7">
         <name>UL$$DIV</name>
         <value>0x831f7</value>
         <object_component_ref idref="oc-111"/>
      </symbol>
      <symbol id="sm-6c7">
         <name>FS$$TOFD</name>
         <value>0x833d5</value>
         <object_component_ref idref="oc-116"/>
      </symbol>
      <symbol id="sm-6d5">
         <name>_wcslen</name>
         <value>0x8362e</value>
         <object_component_ref idref="oc-171"/>
      </symbol>
      <symbol id="sm-6df">
         <name>_errno</name>
         <value>0xa866</value>
         <object_component_ref idref="oc-122"/>
      </symbol>
   </symbol_table>
   <title>Link successful</title>
</link_info>
